Microchip MPLAB XC8 Compiler V2.41

Linker command line:

-W-3 \
  --edf=C:/Users/david/.mchp_packs/Microchip/PIC18F-K_DFP/1.11.281/xc8\pic\dat\20230721151103_en.msgs \
  -pivt0x8=08h -cn -h+dist/default/production\DECIMATION_0.X.production.sym \
  --cmf=dist/default/production\DECIMATION_0.X.production.cmf -z -Q18F46K42 \
  -oC:\Users\david\AppData\Local\Temp\xcAsknk.\driver_tmp_3.o \
  --defsym=__MPLAB_BUILD=1 --fixupoverflow=error \
  -Mdist/default/production/DECIMATION_0.X.production.map \
  --md=C:\Users\david\AppData\Local\Temp\xcAsknk.\driver_tmp_0.dat -E1 \
  -ver=XC8 Compiler --acfsm=1493 -ACODE=00h-0FFFFh -ACONST=00h-0FFFFh \
  -ASMALLCONST=01000h-010FFhx240 -AMEDIUMCONST=01000h-0FFFFh \
  -ACOMRAM=01h-05Fh -AABS1=00h-0FFFh -ABIGRAM=01h-0FFFh \
  -ARAM=060h-0FFh,0100h-01FFhx15 -ABANK0=060h-0FFh -ABANK1=0100h-01FFh \
  -ABANK2=0200h-02FFh -ABANK3=0300h-03FFh -ABANK4=0400h-04FFh \
  -ABANK5=0500h-05FFh -ABANK6=0600h-06FFh -ABANK7=0700h-07FFh \
  -ABANK8=0800h-08FFh -ABANK9=0900h-09FFh -ABANK10=0A00h-0AFFh \
  -ABANK11=0B00h-0BFFh -ABANK12=0C00h-0CFFh -ABANK13=0D00h-0DFFh \
  -ABANK14=0E00h-0EFFh -ABANK15=0F00h-0FFFh \
  -ASFR=03800h-038FFhx7,03F00h-03F5Fh,03F60h-03FFFh -ABIGSFR=03800h-03FFFh \
  -ACONFIG=0300000h-0300009h -AIDLOC=0200000h-020000Fh \
  -AEEDATA=0310000h-03103FFh -peeprom_data=EEDATA -preset_vec=00h \
  -ppowerup=CODE,init -pramtop=01000h -psmallconst=SMALLCONST \
  -pmediumconst=MEDIUMCONST -pconst=CONST -AFARRAM=00h-00h \
  -prdata=COMRAM,nvrram=COMRAM,nvbit=COMRAM,rbss=COMRAM,rbit=COMRAM \
  -pfarbss=FARRAM,fardata=FARRAM,nvFARRAM=FARRAM \
  -pintsave_regs=BIGRAM,bigbss=BIGRAM,bigdata=BIGRAM -pbss=RAM \
  -pidata=CODE,irdata=CODE,ibigdata=CODE,ifardata=CODE -prparam=COMRAM \
  C:\Users\david\AppData\Local\Temp\xcAsknk.\driver_tmp_9.o \
  dist/default/production\DECIMATION_0.X.production.o 

Object code version is 3.11

Machine type is 18F46K42



                Name                               Link     Load   Length Selector   Space Scale
C:\Users\david\AppData\Local\Temp\xcAsknk.\driver_tmp_9.o
                idloc                            200000   200000       10        0       5
                config                           300000   300000        A        0       4
                init                                 1A       1A        4        4       0
                reset_vec                             0        0        4        0       0
dist/default/production\DECIMATION_0.X.production.o
                idloc                            200000   200000       10        0       5
                config                           300000   300000        A        0       4
                smallconst                         1000     1000        8      800       0
                ivt0x8                                8        8       12        4       0
                text20                             140A     140A       32      804       0
                text19                             11C8     11C8       D8      804       0
                text18                             14D6     14D6       24      804       0
                text17                             14B2     14B2       24      804       0
                text16                             10EC     10EC       DC      804       0
                text15                             13AE     13AE       5C      804       0
                text14                             158C     158C        8      804       0
                text13                             1594     1594        4      804       0
                text12                             154C     154C       18      804       0
                text11                             12A0     12A0       A6      804       0
                text10                             148E     148E       24      804       0
                text9                              1532     1532       1A      804       0
                text8                              1582     1582        A      804       0
                text7                              143C     143C       2C      804       0
                text6                              1578     1578        A      804       0
                text5                              156E     156E        A      804       0
                text4                              1564     1564        A      804       0
                text3                              1346     1346       68      804       0
                text2                              1468     1468       26      804       0
                text1                              1518     1518       1A      804       0
                text0                              1008     1008       E4      804       0
                cstackCOMRAM                         17       17        E        1       1
                bssCOMRAM                             1        1       16        1       1
                cinit                              14FA     14FA       1E      804       0
                nvCOMRAM                             25       25        8        1       1

TOTAL           Name                               Link     Load   Length     Space
        CLASS   CODE           
                init                                 1A       1A        4         0
                reset_vec                             0        0        4         0
                ivt0x8                                8        8       12         0
                text20                             140A     140A       32         0
                text19                             11C8     11C8       D8         0
                text18                             14D6     14D6       24         0
                text17                             14B2     14B2       24         0
                text16                             10EC     10EC       DC         0
                text15                             13AE     13AE       5C         0
                text14                             158C     158C        8         0
                text13                             1594     1594        4         0
                text12                             154C     154C       18         0
                text11                             12A0     12A0       A6         0
                text10                             148E     148E       24         0
                text9                              1532     1532       1A         0
                text8                              1582     1582        A         0
                text7                              143C     143C       2C         0
                text6                              1578     1578        A         0
                text5                              156E     156E        A         0
                text4                              1564     1564        A         0
                text3                              1346     1346       68         0
                text2                              1468     1468       26         0
                text1                              1518     1518       1A         0
                text0                              1008     1008       E4         0
                cinit                              14FA     14FA       1E         0

        CLASS   CONST          

        CLASS   SMALLCONST     
                smallconst                         1000     1000        8         0

        CLASS   MEDIUMCONST    

        CLASS   COMRAM         
                cstackCOMRAM                         17       17        E         1
                bssCOMRAM                             1        1       16         1
                nvCOMRAM                             25       25        8         1

        CLASS   ABS1           

        CLASS   BIGRAM         

        CLASS   RAM            

        CLASS   BANK0          

        CLASS   BANK1          

        CLASS   BANK2          

        CLASS   BANK3          

        CLASS   BANK4          

        CLASS   BANK5          

        CLASS   BANK6          

        CLASS   BANK7          

        CLASS   BANK8          

        CLASS   BANK9          

        CLASS   BANK10         

        CLASS   BANK11         

        CLASS   BANK12         

        CLASS   BANK13         

        CLASS   BANK14         

        CLASS   BANK15         

        CLASS   SFR            

        CLASS   BIGSFR         

        CLASS   CONFIG         
                config                           300000   300000        A         4

        CLASS   IDLOC          
                idloc                            200000   200000       10         5

        CLASS   EEDATA         

        CLASS   FARRAM         

        CLASS   HEAP           

        CLASS   STACK          



SEGMENTS        Name                           Load    Length   Top    Selector   Space  Class

                reset_vec                      000000  000004  000004         0       0  CODE    
                bssCOMRAM                      000001  00002C  00002D         1       1  COMRAM  
                ivt0x8                         000008  000016  00001E         4       0  CODE    
                smallconst                     001000  000008  001008       800       0  SMALLCON
                text0                          001008  000590  001598       804       0  CODE    


UNUSED ADDRESS RANGES

        Name                Unused          Largest block    Delta
        BANK0            000060-0000FF               A0
        BANK1            000100-0001FF              100
        BANK10           000A00-000AFF              100
        BANK11           000B00-000BFF              100
        BANK12           000C00-000CFF              100
        BANK13           000D00-000DFF              100
        BANK14           000E00-000EFF              100
        BANK15           000F00-000FFF              100
        BANK2            000200-0002FF              100
        BANK3            000300-0003FF              100
        BANK4            000400-0004FF              100
        BANK5            000500-0005FF              100
        BANK6            000600-0006FF              100
        BANK7            000700-0007FF              100
        BANK8            000800-0008FF              100
        BANK9            000900-0009FF              100
        BIGRAM           00002D-000FFF              FD3
        BIGSFR           003800-003FFF              800
        CODE             000004-000007                4
                         00001E-000FFF              FE2
                         001598-00FFFF             EA68
        COMRAM           00002D-00005F               33
        CONST            000004-000007                4
                         00001E-000FFF              FE2
                         001598-00FFFF             EA68
        EEDATA           310000-3103FF              400
        MEDIUMCONST      001598-00FFFF             EA68
        RAM              000060-000FFF              100
        SFR              003800-003FFF              100
        SMALLCONST       001598-00FFFF              100

                                  Symbol Table

?_ADCC_GetSingleConversion                    cstackCOMRAM 000017
ADCC_GetSingleConversion@channel              cstackCOMRAM 00001B
IVTBASEH                                      (abs)        003FD6
IVTBASEL                                      (abs)        003FD5
IVTBASEU                                      (abs)        003FD7
SPI1_ExchangeByte@data                        cstackCOMRAM 00001E
SPI1_Open@spi1UniqueConfiguration             cstackCOMRAM 00001F
TMR2_ISR@counter                              bssCOMRAM    00000D
TMR2_ISR@state                                bssCOMRAM    000015
TMR2_SetInterruptHandler@InterruptHandler     cstackCOMRAM 00001E
UART1_SetErrorHandler@interruptHandler        cstackCOMRAM 00001E
UART1_SetFramingErrorHandler@interruptHandler cstackCOMRAM 00001E
UART1_SetOverrunErrorHandler@interruptHandler cstackCOMRAM 00001E
UART1_Write@txData                            cstackCOMRAM 00001E
_ADACCH                                       (abs)        003EE9
_ADACCL                                       (abs)        003EE8
_ADACCU                                       (abs)        003EEA
_ADACQH                                       (abs)        003EF4
_ADACQL                                       (abs)        003EF3
_ADACT                                        (abs)        003EFE
_ADCAP                                        (abs)        003EF5
_ADCC_GetSingleConversion                     text20       00140A
_ADCC_Initialize                              text15       0013AE
_ADCLK                                        (abs)        003EFF
_ADCNT                                        (abs)        003EEB
_ADCON0                                       (abs)        003EF8
_ADCON0bits                                   (abs)        003EF8
_ADCON1                                       (abs)        003EF9
_ADCON1bits                                   (abs)        003EF9
_ADCON2                                       (abs)        003EFA
_ADCON2bits                                   (abs)        003EFA
_ADCON3                                       (abs)        003EFB
_ADCON3bits                                   (abs)        003EFB
_ADERRH                                       (abs)        003EE3
_ADERRL                                       (abs)        003EE2
_ADFLTRH                                      (abs)        003EE7
_ADFLTRL                                      (abs)        003EE6
_ADLTHH                                       (abs)        003EDF
_ADLTHL                                       (abs)        003EDE
_ADPCH                                        (abs)        003EF1
_ADPREH                                       (abs)        003EF7
_ADPREL                                       (abs)        003EF6
_ADPREVH                                      (abs)        003EEE
_ADPREVL                                      (abs)        003EED
_ADREF                                        (abs)        003EFD
_ADRESH                                       (abs)        003EF0
_ADRESL                                       (abs)        003EEF
_ADRPT                                        (abs)        003EEC
_ADSTAT                                       (abs)        003EFC
_ADSTATbits                                   (abs)        003EFC
_ADSTPTH                                      (abs)        003EE5
_ADSTPTL                                      (abs)        003EE4
_ADUTHH                                       (abs)        003EE1
_ADUTHL                                       (abs)        003EE0
_ANSELA                                       (abs)        003A40
_ANSELB                                       (abs)        003A50
_ANSELC                                       (abs)        003A60
_ANSELD                                       (abs)        003A70
_ANSELE                                       (abs)        003A80
_FVRCON                                       (abs)        003EC1
_FVRCONbits                                   (abs)        003EC1
_FVR_Initialize                               text14       00158C
_INLVLA                                       (abs)        003A44
_INLVLB                                       (abs)        003A54
_INLVLC                                       (abs)        003A64
_INLVLD                                       (abs)        003A74
_INLVLE                                       (abs)        003A84
_INTCON0bits                                  (abs)        003FD2
_INTERRUPT_Initialize                         text13       001594
_INTERRUPT_InterruptManager                   text18       0014D6
_LATA                                         (abs)        003FBA
_LATB                                         (abs)        003FBB
_LATC                                         (abs)        003FBC
_LATCbits                                     (abs)        003FBC
_LATD                                         (abs)        003FBD
_LATDbits                                     (abs)        003FBD
_LATE                                         (abs)        003FBE
_ODCONA                                       (abs)        003A42
_ODCONB                                       (abs)        003A52
_ODCONC                                       (abs)        003A62
_ODCOND                                       (abs)        003A72
_ODCONE                                       (abs)        003A82
_OSCCON1                                      (abs)        0039D9
_OSCCON3                                      (abs)        0039DB
_OSCEN                                        (abs)        0039DD
_OSCFRQ                                       (abs)        0039DF
_OSCILLATOR_Initialize                        text12       00154C
_OSCTUNE                                      (abs)        0039DE
_PIE4bits                                     (abs)        003994
_PIN_MANAGER_Initialize                       text11       0012A0
_PIR2bits                                     (abs)        0039A2
_PIR3bits                                     (abs)        0039A3
_PIR4bits                                     (abs)        0039A4
_PMD0                                         (abs)        0039C0
_PMD1                                         (abs)        0039C1
_PMD2                                         (abs)        0039C2
_PMD3                                         (abs)        0039C3
_PMD4                                         (abs)        0039C4
_PMD5                                         (abs)        0039C5
_PMD6                                         (abs)        0039C6
_PMD7                                         (abs)        0039C7
_PMD_Initialize                               text10       00148E
_PR2                                          (abs)        003FAB
_RB1I2C                                       (abs)        003A5A
_RB2I2C                                       (abs)        003A5B
_RC3I2C                                       (abs)        003A6A
_RC3PPS                                       (abs)        003A13
_RC4I2C                                       (abs)        003A6B
_RC5PPS                                       (abs)        003A15
_RC6PPS                                       (abs)        003A16
_RD0I2C                                       (abs)        003A7A
_RD1I2C                                       (abs)        003A7B
_SLRCONA                                      (abs)        003A43
_SLRCONB                                      (abs)        003A53
_SLRCONC                                      (abs)        003A63
_SLRCOND                                      (abs)        003A73
_SLRCONE                                      (abs)        003A83
_SPI1BAUD                                     (abs)        003D19
_SPI1CLK                                      (abs)        003D1C
_SPI1CON0                                     (abs)        003D14
_SPI1CON0bits                                 (abs)        003D14
_SPI1CON1                                     (abs)        003D15
_SPI1CON2                                     (abs)        003D16
_SPI1RXB                                      (abs)        003D10
_SPI1SCKPPS                                   (abs)        003ADE
_SPI1SDIPPS                                   (abs)        003ADF
_SPI1TCNTL                                    (abs)        003D12
_SPI1TXB                                      (abs)        003D11
_SPI1_ExchangeByte                            text17       0014B2
_SPI1_Initialize                              text9        001532
_SPI1_Open                                    text16       0010EC
_SYSTEM_Initialize                            text2        001468
_T2CLKCON                                     (abs)        003FAE
_T2CON                                        (abs)        003FAC
_T2CONbits                                    (abs)        003FAC
_T2HLT                                        (abs)        003FAD
_T2HLTbits                                    (abs)        003FAD
_T2PR                                         (abs)        003FAB
_T2RST                                        (abs)        003FAF
_T2RSTbits                                    (abs)        003FAF
_T2TMR                                        (abs)        003FAA
_TMR2                                         (abs)        003FAA
_TMR2_DefaultInterruptHandler                 (abs)        000000
_TMR2_ISR                                     text19       0011C8
_TMR2_Initialize                              text7        00143C
_TMR2_InterruptHandler                        nvCOMRAM     000025
_TMR2_SetInterruptHandler                     text8        001582
_TRISA                                        (abs)        003FC2
_TRISB                                        (abs)        003FC3
_TRISC                                        (abs)        003FC4
_TRISCbits                                    (abs)        003FC4
_TRISD                                        (abs)        003FC5
_TRISE                                        (abs)        003FC6
_U1BRGH                                       (abs)        003DF6
_U1BRGL                                       (abs)        003DF5
_U1CON0                                       (abs)        003DF2
_U1CON0bits                                   (abs)        003DF2
_U1CON1                                       (abs)        003DF3
_U1CON2                                       (abs)        003DF4
_U1ERRIE                                      (abs)        003DFA
_U1ERRIR                                      (abs)        003DF9
_U1ERRIRbits                                  (abs)        003DF9
_U1FIFO                                       (abs)        003DF7
_U1P1H                                        (abs)        003DED
_U1P1L                                        (abs)        003DEC
_U1P2H                                        (abs)        003DEF
_U1P2L                                        (abs)        003DEE
_U1P3H                                        (abs)        003DF1
_U1P3L                                        (abs)        003DF0
_U1RXB                                        (abs)        003DE8
_U1RXPPS                                      (abs)        003AE5
_U1TXB                                        (abs)        003DEA
_U1UIR                                        (abs)        003DF8
_UART1_DefaultErrorHandler                    (abs)        000000
_UART1_DefaultFramingErrorHandler             (abs)        000000
_UART1_DefaultOverrunErrorHandler             (abs)        000000
_UART1_ErrorHandler                           nvCOMRAM     000027
_UART1_FramingErrorHandler                    nvCOMRAM     00002B
_UART1_Initialize                             text3        001346
_UART1_OverrunErrorHandler                    nvCOMRAM     000029
_UART1_SetErrorHandler                        text6        001578
_UART1_SetFramingErrorHandler                 text5        00156E
_UART1_SetOverrunErrorHandler                 text4        001564
_UART1_Write                                  text1        001518
_WPUA                                         (abs)        003A41
_WPUB                                         (abs)        003A51
_WPUC                                         (abs)        003A61
_WPUD                                         (abs)        003A71
_WPUE                                         (abs)        003A81
__HRAM                                        (abs)        000000
__H__absolute__                               __absolute__ 000000
__Habs1                                       abs1         000000
__Hbank0                                      bank0        000000
__Hbank1                                      bank1        000000
__Hbank10                                     bank10       000000
__Hbank11                                     bank11       000000
__Hbank12                                     bank12       000000
__Hbank13                                     bank13       000000
__Hbank14                                     bank14       000000
__Hbank15                                     bank15       000000
__Hbank2                                      bank2        000000
__Hbank3                                      bank3        000000
__Hbank4                                      bank4        000000
__Hbank5                                      bank5        000000
__Hbank6                                      bank6        000000
__Hbank7                                      bank7        000000
__Hbank8                                      bank8        000000
__Hbank9                                      bank9        000000
__Hbigbss                                     bigbss       000000
__Hbigdata                                    bigdata      000000
__Hbigram                                     bigram       000000
__Hbigsfr                                     bigsfr       000000
__Hbss                                        bss          000000
__HbssCOMRAM                                  bssCOMRAM    000000
__Hcinit                                      cinit        000000
__Hclrtext                                    clrtext      000000
__Hcomram                                     comram       000000
__Hconfig                                     config       30000A
__Hconst                                      const        000000
__HcstackCOMRAM                               cstackCOMRAM 000000
__Hdata                                       data         000000
__Heeprom_data                                eeprom_data  000000
__Hfarbss                                     farbss       000000
__Hfardata                                    fardata      000000
__Hheap                                       heap         000000
__Hibigdata                                   ibigdata     000000
__Hidata                                      idata        000000
__Hidloc                                      idloc        200010
__Hifardata                                   ifardata     000000
__Hinit                                       init         00001E
__Hintsave_regs                               intsave_regs 000000
__Hirdata                                     irdata       000000
__Hivt0x8                                     ivt0x8       00001A
__Hmediumconst                                mediumconst  000000
__HnvCOMRAM                                   nvCOMRAM     000000
__HnvFARRAM                                   nvFARRAM     000000
__Hnvbit                                      nvbit        000000
__Hnvrram                                     nvrram       000000
__Hparam                                      rparam       000000
__Hpowerup                                    powerup      000000
__Hram                                        ram          000000
__Hramtop                                     ramtop       001000
__Hrbit                                       rbit         000000
__Hrbss                                       rbss         000000
__Hrdata                                      rdata        000000
__Hreset_vec                                  reset_vec    000004
__Hrparam                                     rparam       000000
__Hsfr                                        sfr          000000
__Hsmallconst                                 smallconst   001008
__Hspace_0                                    (abs)        001598
__Hspace_1                                    (abs)        00002D
__Hspace_2                                    (abs)        000000
__Hspace_4                                    (abs)        60000A
__Hstack                                      stack        000000
__Hstruct                                     struct       000000
__Htemp                                       temp         000000
__Htext                                       text         000000
__Htext0                                      text0        000000
__Htext1                                      text1        000000
__Htext10                                     text10       000000
__Htext11                                     text11       000000
__Htext12                                     text12       000000
__Htext13                                     text13       000000
__Htext14                                     text14       000000
__Htext15                                     text15       000000
__Htext16                                     text16       000000
__Htext17                                     text17       000000
__Htext18                                     text18       000000
__Htext19                                     text19       000000
__Htext2                                      text2        000000
__Htext20                                     text20       000000
__Htext3                                      text3        000000
__Htext4                                      text4        000000
__Htext5                                      text5        000000
__Htext6                                      text6        000000
__Htext7                                      text7        000000
__Htext8                                      text8        000000
__Htext9                                      text9        000000
__LRAM                                        (abs)        000001
__L__absolute__                               __absolute__ 000000
__Labs1                                       abs1         000000
__Lbank0                                      bank0        000000
__Lbank1                                      bank1        000000
__Lbank10                                     bank10       000000
__Lbank11                                     bank11       000000
__Lbank12                                     bank12       000000
__Lbank13                                     bank13       000000
__Lbank14                                     bank14       000000
__Lbank15                                     bank15       000000
__Lbank2                                      bank2        000000
__Lbank3                                      bank3        000000
__Lbank4                                      bank4        000000
__Lbank5                                      bank5        000000
__Lbank6                                      bank6        000000
__Lbank7                                      bank7        000000
__Lbank8                                      bank8        000000
__Lbank9                                      bank9        000000
__Lbigbss                                     bigbss       000000
__Lbigdata                                    bigdata      000000
__Lbigram                                     bigram       000000
__Lbigsfr                                     bigsfr       000000
__Lbss                                        bss          000000
__LbssCOMRAM                                  bssCOMRAM    000000
__Lcinit                                      cinit        000000
__Lclrtext                                    clrtext      000000
__Lcomram                                     comram       000000
__Lconfig                                     config       000000
__Lconst                                      const        000000
__LcstackCOMRAM                               cstackCOMRAM 000000
__Ldata                                       data         000000
__Leeprom_data                                eeprom_data  000000
__Lfarbss                                     farbss       000000
__Lfardata                                    fardata      000000
__Lheap                                       heap         000000
__Libigdata                                   ibigdata     000000
__Lidata                                      idata        000000
__Lidloc                                      idloc        000000
__Lifardata                                   ifardata     000000
__Linit                                       init         00001A
__Lintsave_regs                               intsave_regs 000000
__Lirdata                                     irdata       000000
__Livt0x8                                     ivt0x8       000008
__Lmediumconst                                mediumconst  000000
__LnvCOMRAM                                   nvCOMRAM     000000
__LnvFARRAM                                   nvFARRAM     000000
__Lnvbit                                      nvbit        000000
__Lnvrram                                     nvrram       000000
__Lparam                                      rparam       000000
__Lpowerup                                    powerup      000000
__Lram                                        ram          000000
__Lramtop                                     ramtop       001000
__Lrbit                                       rbit         000000
__Lrbss                                       rbss         000000
__Lrdata                                      rdata        000000
__Lreset_vec                                  reset_vec    000000
__Lrparam                                     rparam       000000
__Lsfr                                        sfr          000000
__Lsmallconst                                 smallconst   001000
__Lspace_0                                    (abs)        000000
__Lspace_1                                    (abs)        000000
__Lspace_2                                    (abs)        000000
__Lspace_4                                    (abs)        000000
__Lstack                                      stack        000000
__Lstruct                                     struct       000000
__Ltemp                                       temp         000000
__Ltext                                       text         000000
__Ltext0                                      text0        000000
__Ltext1                                      text1        000000
__Ltext10                                     text10       000000
__Ltext11                                     text11       000000
__Ltext12                                     text12       000000
__Ltext13                                     text13       000000
__Ltext14                                     text14       000000
__Ltext15                                     text15       000000
__Ltext16                                     text16       000000
__Ltext17                                     text17       000000
__Ltext18                                     text18       000000
__Ltext19                                     text19       000000
__Ltext2                                      text2        000000
__Ltext20                                     text20       000000
__Ltext3                                      text3        000000
__Ltext4                                      text4        000000
__Ltext5                                      text5        000000
__Ltext6                                      text6        000000
__Ltext7                                      text7        000000
__Ltext8                                      text8        000000
__Ltext9                                      text9        000000
__S0                                          (abs)        001598
__S1                                          (abs)        00002D
__S4                                          (abs)        000000
__S5                                          (abs)        000000
___heap_hi                                    (abs)        000000
___heap_lo                                    (abs)        000000
___inthi_sp                                   stack        000000
___intlo_sp                                   stack        000000
___param_bank                                 (abs)        000000
___rparam_used                                (abs)        000001
___sp                                         stack        000000
__accesstop                                   (abs)        000060
__activetblptr                                (abs)        000003
__end_of_ADCC_GetSingleConversion             text20       00143C
__end_of_ADCC_Initialize                      text15       00140A
__end_of_FVR_Initialize                       text14       001594
__end_of_INTERRUPT_Initialize                 text13       001598
__end_of_INTERRUPT_InterruptManager           text18       0014FA
__end_of_OSCILLATOR_Initialize                text12       001564
__end_of_PIN_MANAGER_Initialize               text11       001346
__end_of_PMD_Initialize                       text10       0014B2
__end_of_SPI1_ExchangeByte                    text17       0014D6
__end_of_SPI1_Initialize                      text9        00154C
__end_of_SPI1_Open                            text16       0011C8
__end_of_SYSTEM_Initialize                    text2        00148E
__end_of_TMR2_ISR                             text19       0012A0
__end_of_TMR2_Initialize                      text7        001468
__end_of_TMR2_SetInterruptHandler             text8        00158C
__end_of_UART1_Initialize                     text3        0013AE
__end_of_UART1_SetErrorHandler                text6        001582
__end_of_UART1_SetFramingErrorHandler         text5        001578
__end_of_UART1_SetOverrunErrorHandler         text4        00156E
__end_of_UART1_Write                          text1        001532
__end_of__initialization                      cinit        001512
__end_of_main                                 text0        0010EC
__end_of_spi1_configuration                   smallconst   001006
__initialization                              cinit        0014FA
__mediumconst                                 mediumconst  000000
__pbssCOMRAM                                  bssCOMRAM    000001
__pcinit                                      cinit        0014FA
__pcstackCOMRAM                               cstackCOMRAM 000017
__pivt0x8                                     ivt0x8       000008
__pnvCOMRAM                                   nvCOMRAM     000025
__psmallconst                                 smallconst   001000
__ptext0                                      text0        001008
__ptext1                                      text1        001518
__ptext10                                     text10       00148E
__ptext11                                     text11       0012A0
__ptext12                                     text12       00154C
__ptext13                                     text13       001594
__ptext14                                     text14       00158C
__ptext15                                     text15       0013AE
__ptext16                                     text16       0010EC
__ptext17                                     text17       0014B2
__ptext18                                     text18       0014D6
__ptext19                                     text19       0011C8
__ptext2                                      text2        001468
__ptext20                                     text20       00140A
__ptext3                                      text3        001346
__ptext4                                      text4        001564
__ptext5                                      text5        00156E
__ptext6                                      text6        001578
__ptext7                                      text7        00143C
__ptext8                                      text8        001582
__ptext9                                      text9        001532
__ramtop                                      ramtop       001000
__smallconst                                  smallconst   001000
_adc_0                                        bssCOMRAM    000013
_adc_0_acc                                    bssCOMRAM    000005
_adc_1                                        bssCOMRAM    000011
_adc_1_acc                                    bssCOMRAM    000001
_avg_adc_0                                    bssCOMRAM    00000B
_avg_adc_1                                    bssCOMRAM    000009
_flag_meas_acc                                bssCOMRAM    00000F
_main                                         text0        001008
_spi1_configuration                           smallconst   001001
_uart1RxLastError                             bssCOMRAM    000016
end_of_initialization                         cinit        001512
intlevel0                                     text         000000
intlevel1                                     text         000000
intlevel2                                     text         000000
intlevel3                                     text         000000
isa$std                                       (abs)        000001
isa$xinst                                     (abs)        000000
ivt0x8_base                                   ivt0x8       000008
stackhi                                       (abs)        000000
stacklo                                       (abs)        000000
start                                         init         00001A
start_initialization                          cinit        0014FA


MODULE INFORMATION

Module		Function		Class		Link	Load	Size
mcc_generated_files/fvr.c
		_FVR_Initialize		CODE           	158C	0000	8

mcc_generated_files/fvr.c estimated size: 8

mcc_generated_files/tmr2.c
		_TMR2_ISR      		CODE           	11C8	0000	216
		_TMR2_Initialize		CODE           	143C	0000	44
		_TMR2_SetInterruptHandler		CODE           	1582	0000	10

mcc_generated_files/tmr2.c estimated size: 270

mcc_generated_files/interrupt_manager.c
		_INTERRUPT_Initialize		CODE           	1594	0000	4
		_INTERRUPT_InterruptManager		CODE           	14D6	0000	36

mcc_generated_files/interrupt_manager.c estimated size: 40

mcc_generated_files/pin_manager.c
		_PIN_MANAGER_Initialize		CODE           	12A0	0000	166

mcc_generated_files/pin_manager.c estimated size: 166

mcc_generated_files/spi1.c
		_SPI1_Open     		CODE           	10EC	0000	220
		_SPI1_Initialize		CODE           	1532	0000	26
		_SPI1_ExchangeByte		CODE           	14B2	0000	36

mcc_generated_files/spi1.c estimated size: 282

mcc_generated_files/uart1.c
		_UART1_Write   		CODE           	1518	0000	26
		_UART1_SetFramingErrorHandler		CODE           	156E	0000	10
		_UART1_SetOverrunErrorHandler		CODE           	1564	0000	10
		_UART1_Initialize		CODE           	1346	0000	104
		_UART1_SetErrorHandler		CODE           	1578	0000	10

mcc_generated_files/uart1.c estimated size: 160

shared
		__initialization		CODE           	14FA	0000	24
		_spi1_configuration		SMALLCONST     	1001	0000	5

shared estimated size: 29

mcc_generated_files/mcc.c
		_PMD_Initialize		CODE           	148E	0000	36
		_OSCILLATOR_Initialize		CODE           	154C	0000	24
		_SYSTEM_Initialize		CODE           	1468	0000	38

mcc_generated_files/mcc.c estimated size: 98

mcc_generated_files/adcc.c
		_ADCC_GetSingleConversion		CODE           	140A	0000	50
		_ADCC_Initialize		CODE           	13AE	0000	92

mcc_generated_files/adcc.c estimated size: 142

main.c
		_main          		CODE           	1008	0000	228

main.c estimated size: 228

