Microchip MPLAB XC8 Compiler V2.41

Linker command line:

-W-3 \
  --edf=C:/Users/david/.mchp_packs/Microchip/PIC18F-K_DFP/1.11.281/xc8\pic\dat\20230721151103_en.msgs \
  -pivt0x8=08h -cn -h+dist/default/production\FIR_0.X.production.sym \
  --cmf=dist/default/production\FIR_0.X.production.cmf -z -Q18F46K42 \
  -oC:\Users\david\AppData\Local\Temp\xcAs7t8.\driver_tmp_3.o \
  --defsym=__MPLAB_BUILD=1 --fixupoverflow=error \
  -Mdist/default/production/FIR_0.X.production.map \
  --md=C:\Users\david\AppData\Local\Temp\xcAs7t8.\driver_tmp_0.dat -E1 \
  -ver=XC8 Compiler --acfsm=1493 -ACODE=00h-0FFFFh -ACONST=00h-0FFFFh \
  -ASMALLCONST=01000h-010FFhx240 -AMEDIUMCONST=01000h-0FFFFh \
  -ACOMRAM=01h-05Fh -AABS1=00h-0FFFh -ABIGRAM=01h-0FFFh \
  -ARAM=060h-0FFh,0100h-01FFhx15 -ABANK0=060h-0FFh -ABANK1=0100h-01FFh \
  -ABANK2=0200h-02FFh -ABANK3=0300h-03FFh -ABANK4=0400h-04FFh \
  -ABANK5=0500h-05FFh -ABANK6=0600h-06FFh -ABANK7=0700h-07FFh \
  -ABANK8=0800h-08FFh -ABANK9=0900h-09FFh -ABANK10=0A00h-0AFFh \
  -ABANK11=0B00h-0BFFh -ABANK12=0C00h-0CFFh -ABANK13=0D00h-0DFFh \
  -ABANK14=0E00h-0EFFh -ABANK15=0F00h-0FFFh \
  -ASFR=03800h-038FFhx7,03F00h-03F5Fh,03F60h-03FFFh -ABIGSFR=03800h-03FFFh \
  -ACONFIG=0300000h-0300009h -AIDLOC=0200000h-020000Fh \
  -AEEDATA=0310000h-03103FFh -peeprom_data=EEDATA -preset_vec=00h \
  -ppowerup=CODE,init -pramtop=01000h -psmallconst=SMALLCONST \
  -pmediumconst=MEDIUMCONST -pconst=CONST -AFARRAM=00h-00h \
  -prdata=COMRAM,nvrram=COMRAM,nvbit=COMRAM,rbss=COMRAM,rbit=COMRAM \
  -pfarbss=FARRAM,fardata=FARRAM,nvFARRAM=FARRAM \
  -pintsave_regs=BIGRAM,bigbss=BIGRAM,bigdata=BIGRAM -pbss=RAM \
  -pidata=CODE,irdata=CODE,ibigdata=CODE,ifardata=CODE -prparam=COMRAM \
  C:\Users\david\AppData\Local\Temp\xcAs7t8.\driver_tmp_9.o \
  dist/default/production\FIR_0.X.production.o 

Object code version is 3.11

Machine type is 18F46K42



                Name                               Link     Load   Length Selector   Space Scale
C:\Users\david\AppData\Local\Temp\xcAs7t8.\driver_tmp_9.o
                idloc                            200000   200000       10        0       5
                config                           300000   300000        A        0       4
                init                                 1A       1A        4        4       0
                reset_vec                             0        0        4        0       0
dist/default/production\FIR_0.X.production.o
                idloc                            200000   200000       10        0       5
                config                           300000   300000        A        0       4
                smallconst                         1000     1000        8      800       0
                ivt0x8                                8        8       12        4       0
                text26                             1A16     1A16       32      804       0
                text25                             1518     1518       D8      804       0
                text24                             1B12     1B12       24      804       0
                text23                             1890     1890       6A      804       0
                text22                             1008     1008      1C6      804       0
                text21                             1AEE     1AEE       24      804       0
                text20                             1364     1364       DC      804       0
                text19                             1962     1962       5C      804       0
                text18                             1BAA     1BAA        8      804       0
                text17                             1BB2     1BB2        4      804       0
                text16                             1B6A     1B6A       18      804       0
                text15                             1764     1764       A6      804       0
                text14                             1ACA     1ACA       24      804       0
                text13                             1B50     1B50       1A      804       0
                text12                             1BA0     1BA0        A      804       0
                text11                             1A78     1A78       2C      804       0
                text10                             1B96     1B96        A      804       0
                text9                              1B8C     1B8C        A      804       0
                text8                              1B82     1B82        A      804       0
                text7                              18FA     18FA       68      804       0
                text6                              1AA4     1AA4       26      804       0
                text5                              1B36     1B36       1A      804       0
                text4                              180A     180A       86      804       0
                text3                              15F0     15F0       C4      804       0
                text2                              16B4     16B4       B0      804       0
                text1                              1440     1440       D8      804       0
                text0                              11CE     11CE      196      804       0
                cstackCOMRAM                          1        1       3B        1       1
                cstackBANK0                          60       60       48       60       1
                bssBANK1                            100      100       40      100       1
                dataBANK0                            A8       A8       30       60       1
                bssBANK0                             D8       D8       15       60       1
                bssCOMRAM                            3C       3C        E        1       1
                cinit                              19BE     19BE       58      804       0
                nvCOMRAM                             4A       4A        8        1       1
                idataBANK0                         1A48     1A48       30      804       0

TOTAL           Name                               Link     Load   Length     Space
        CLASS   CODE           
                init                                 1A       1A        4         0
                reset_vec                             0        0        4         0
                ivt0x8                                8        8       12         0
                text26                             1A16     1A16       32         0
                text25                             1518     1518       D8         0
                text24                             1B12     1B12       24         0
                text23                             1890     1890       6A         0
                text22                             1008     1008      1C6         0
                text21                             1AEE     1AEE       24         0
                text20                             1364     1364       DC         0
                text19                             1962     1962       5C         0
                text18                             1BAA     1BAA        8         0
                text17                             1BB2     1BB2        4         0
                text16                             1B6A     1B6A       18         0
                text15                             1764     1764       A6         0
                text14                             1ACA     1ACA       24         0
                text13                             1B50     1B50       1A         0
                text12                             1BA0     1BA0        A         0
                text11                             1A78     1A78       2C         0
                text10                             1B96     1B96        A         0
                text9                              1B8C     1B8C        A         0
                text8                              1B82     1B82        A         0
                text7                              18FA     18FA       68         0
                text6                              1AA4     1AA4       26         0
                text5                              1B36     1B36       1A         0
                text4                              180A     180A       86         0
                text3                              15F0     15F0       C4         0
                text2                              16B4     16B4       B0         0
                text1                              1440     1440       D8         0
                text0                              11CE     11CE      196         0
                cinit                              19BE     19BE       58         0
                idataBANK0                         1A48     1A48       30         0

        CLASS   CONST          

        CLASS   SMALLCONST     
                smallconst                         1000     1000        8         0

        CLASS   MEDIUMCONST    

        CLASS   COMRAM         
                cstackCOMRAM                          1        1       3B         1
                bssCOMRAM                            3C       3C        E         1
                nvCOMRAM                             4A       4A        8         1

        CLASS   ABS1           

        CLASS   BIGRAM         

        CLASS   RAM            

        CLASS   BANK0          
                cstackBANK0                          60       60       48         1
                dataBANK0                            A8       A8       30         1
                bssBANK0                             D8       D8       15         1

        CLASS   BANK1          
                bssBANK1                            100      100       40         1

        CLASS   BANK2          

        CLASS   BANK3          

        CLASS   BANK4          

        CLASS   BANK5          

        CLASS   BANK6          

        CLASS   BANK7          

        CLASS   BANK8          

        CLASS   BANK9          

        CLASS   BANK10         

        CLASS   BANK11         

        CLASS   BANK12         

        CLASS   BANK13         

        CLASS   BANK14         

        CLASS   BANK15         

        CLASS   SFR            

        CLASS   BIGSFR         

        CLASS   CONFIG         
                config                           300000   300000        A         4

        CLASS   IDLOC          
                idloc                            200000   200000       10         5

        CLASS   EEDATA         

        CLASS   FARRAM         

        CLASS   HEAP           

        CLASS   STACK          



SEGMENTS        Name                           Load    Length   Top    Selector   Space  Class

                reset_vec                      000000  000004  000004         0       0  CODE    
                cstackCOMRAM                   000001  000051  000052         1       1  COMRAM  
                ivt0x8                         000008  000016  00001E         4       0  CODE    
                cstackBANK0                    000060  00008D  0000ED        60       1  BANK0   
                bssBANK1                       000100  000040  000140       100       1  BANK1   
                smallconst                     001000  000008  001008       800       0  SMALLCON
                text22                         001008  000BAE  001BB6       804       0  CODE    


UNUSED ADDRESS RANGES

        Name                Unused          Largest block    Delta
        BANK0            0000ED-0000FF               13
        BANK1            000140-0001FF               C0
        BANK10           000A00-000AFF              100
        BANK11           000B00-000BFF              100
        BANK12           000C00-000CFF              100
        BANK13           000D00-000DFF              100
        BANK14           000E00-000EFF              100
        BANK15           000F00-000FFF              100
        BANK2            000200-0002FF              100
        BANK3            000300-0003FF              100
        BANK4            000400-0004FF              100
        BANK5            000500-0005FF              100
        BANK6            000600-0006FF              100
        BANK7            000700-0007FF              100
        BANK8            000800-0008FF              100
        BANK9            000900-0009FF              100
        BIGRAM           000052-00005F                E
                         0000ED-0000FF               13
                         000140-000FFF              EC0
        BIGSFR           003800-003FFF              800
        CODE             000004-000007                4
                         00001E-000FFF              FE2
                         001BB6-00FFFF             E44A
        COMRAM           000052-00005F                E
        CONST            000004-000007                4
                         00001E-000FFF              FE2
                         001BB6-00FFFF             E44A
        EEDATA           310000-3103FF              400
        MEDIUMCONST      001BB6-00FFFF             E44A
        RAM              0000ED-0000FF               13
                         000140-000FFF              100
        SFR              003800-003FFF              100
        SMALLCONST       001BB6-00FFFF              100

                                  Symbol Table

?_ADCC_GetSingleConversion                    cstackCOMRAM 000001
?_FIR_pointer_sim                             cstackCOMRAM 000014
?___awdiv                                     cstackCOMRAM 00000E
?___awmod                                     cstackCOMRAM 000008
?___lmul                                      cstackCOMRAM 000008
ADCC_GetSingleConversion@channel              cstackCOMRAM 000005
FIR_pointer_sim@flag                          cstackCOMRAM 00001C
FIR_pointer_sim@i                             cstackCOMRAM 000035
FIR_pointer_sim@in                            cstackCOMRAM 000014
FIR_pointer_sim@num                           cstackCOMRAM 000016
FIR_pointer_sim@resp                          cstackCOMRAM 000031
FIR_pointer_sim@size_in                       cstackCOMRAM 000018
FIR_pointer_sim@size_num                      cstackCOMRAM 00001A
IVTBASEH                                      (abs)        003FD6
IVTBASEL                                      (abs)        003FD5
IVTBASEU                                      (abs)        003FD7
SPI1_ExchangeByte@data                        cstackCOMRAM 000008
SPI1_Open@spi1UniqueConfiguration             cstackCOMRAM 000009
TMR2_ISR@counter                              bssCOMRAM    00003E
TMR2_ISR@state                                bssCOMRAM    000048
TMR2_SetInterruptHandler@InterruptHandler     cstackCOMRAM 000008
UART1_SetErrorHandler@interruptHandler        cstackCOMRAM 000008
UART1_SetFramingErrorHandler@interruptHandler cstackCOMRAM 000008
UART1_SetOverrunErrorHandler@interruptHandler cstackCOMRAM 000008
UART1_Write@txData                            cstackCOMRAM 000008
_ADACCH                                       (abs)        003EE9
_ADACCL                                       (abs)        003EE8
_ADACCU                                       (abs)        003EEA
_ADACQH                                       (abs)        003EF4
_ADACQL                                       (abs)        003EF3
_ADACT                                        (abs)        003EFE
_ADCAP                                        (abs)        003EF5
_ADCC_GetSingleConversion                     text26       001A16
_ADCC_Initialize                              text19       001962
_ADCLK                                        (abs)        003EFF
_ADCNT                                        (abs)        003EEB
_ADCON0                                       (abs)        003EF8
_ADCON0bits                                   (abs)        003EF8
_ADCON1                                       (abs)        003EF9
_ADCON1bits                                   (abs)        003EF9
_ADCON2                                       (abs)        003EFA
_ADCON2bits                                   (abs)        003EFA
_ADCON3                                       (abs)        003EFB
_ADCON3bits                                   (abs)        003EFB
_ADERRH                                       (abs)        003EE3
_ADERRL                                       (abs)        003EE2
_ADFLTRH                                      (abs)        003EE7
_ADFLTRL                                      (abs)        003EE6
_ADLTHH                                       (abs)        003EDF
_ADLTHL                                       (abs)        003EDE
_ADPCH                                        (abs)        003EF1
_ADPREH                                       (abs)        003EF7
_ADPREL                                       (abs)        003EF6
_ADPREVH                                      (abs)        003EEE
_ADPREVL                                      (abs)        003EED
_ADREF                                        (abs)        003EFD
_ADRESH                                       (abs)        003EF0
_ADRESL                                       (abs)        003EEF
_ADRPT                                        (abs)        003EEC
_ADSTAT                                       (abs)        003EFC
_ADSTATbits                                   (abs)        003EFC
_ADSTPTH                                      (abs)        003EE5
_ADSTPTL                                      (abs)        003EE4
_ADUTHH                                       (abs)        003EE1
_ADUTHL                                       (abs)        003EE0
_ANSELA                                       (abs)        003A40
_ANSELB                                       (abs)        003A50
_ANSELC                                       (abs)        003A60
_ANSELD                                       (abs)        003A70
_ANSELE                                       (abs)        003A80
_FIR_num                                      dataBANK0    0000A8
_FIR_num_sim                                  dataBANK0    0000C8
_FIR_pointer_sim                              text22       001008
_FVRCON                                       (abs)        003EC1
_FVRCONbits                                   (abs)        003EC1
_FVR_Initialize                               text18       001BAA
_INLVLA                                       (abs)        003A44
_INLVLB                                       (abs)        003A54
_INLVLC                                       (abs)        003A64
_INLVLD                                       (abs)        003A74
_INLVLE                                       (abs)        003A84
_INTCON0bits                                  (abs)        003FD2
_INTERRUPT_Initialize                         text17       001BB2
_INTERRUPT_InterruptManager                   text24       001B12
_LATA                                         (abs)        003FBA
_LATB                                         (abs)        003FBB
_LATC                                         (abs)        003FBC
_LATCbits                                     (abs)        003FBC
_LATD                                         (abs)        003FBD
_LATDbits                                     (abs)        003FBD
_LATE                                         (abs)        003FBE
_ODCONA                                       (abs)        003A42
_ODCONB                                       (abs)        003A52
_ODCONC                                       (abs)        003A62
_ODCOND                                       (abs)        003A72
_ODCONE                                       (abs)        003A82
_OSCCON1                                      (abs)        0039D9
_OSCCON3                                      (abs)        0039DB
_OSCEN                                        (abs)        0039DD
_OSCFRQ                                       (abs)        0039DF
_OSCILLATOR_Initialize                        text16       001B6A
_OSCTUNE                                      (abs)        0039DE
_PIE4bits                                     (abs)        003994
_PIN_MANAGER_Initialize                       text15       001764
_PIR2bits                                     (abs)        0039A2
_PIR3bits                                     (abs)        0039A3
_PIR4bits                                     (abs)        0039A4
_PMD0                                         (abs)        0039C0
_PMD1                                         (abs)        0039C1
_PMD2                                         (abs)        0039C2
_PMD3                                         (abs)        0039C3
_PMD4                                         (abs)        0039C4
_PMD5                                         (abs)        0039C5
_PMD6                                         (abs)        0039C6
_PMD7                                         (abs)        0039C7
_PMD_Initialize                               text14       001ACA
_PR2                                          (abs)        003FAB
_RB1I2C                                       (abs)        003A5A
_RB2I2C                                       (abs)        003A5B
_RC3I2C                                       (abs)        003A6A
_RC3PPS                                       (abs)        003A13
_RC4I2C                                       (abs)        003A6B
_RC5PPS                                       (abs)        003A15
_RC6PPS                                       (abs)        003A16
_RD0I2C                                       (abs)        003A7A
_RD1I2C                                       (abs)        003A7B
_SLRCONA                                      (abs)        003A43
_SLRCONB                                      (abs)        003A53
_SLRCONC                                      (abs)        003A63
_SLRCOND                                      (abs)        003A73
_SLRCONE                                      (abs)        003A83
_SPI1BAUD                                     (abs)        003D19
_SPI1CLK                                      (abs)        003D1C
_SPI1CON0                                     (abs)        003D14
_SPI1CON0bits                                 (abs)        003D14
_SPI1CON1                                     (abs)        003D15
_SPI1CON2                                     (abs)        003D16
_SPI1RXB                                      (abs)        003D10
_SPI1SCKPPS                                   (abs)        003ADE
_SPI1SDIPPS                                   (abs)        003ADF
_SPI1TCNTL                                    (abs)        003D12
_SPI1TXB                                      (abs)        003D11
_SPI1_ExchangeByte                            text21       001AEE
_SPI1_Initialize                              text13       001B50
_SPI1_Open                                    text20       001364
_SYSTEM_Initialize                            text6        001AA4
_T2CLKCON                                     (abs)        003FAE
_T2CON                                        (abs)        003FAC
_T2CONbits                                    (abs)        003FAC
_T2HLT                                        (abs)        003FAD
_T2HLTbits                                    (abs)        003FAD
_T2PR                                         (abs)        003FAB
_T2RST                                        (abs)        003FAF
_T2RSTbits                                    (abs)        003FAF
_T2TMR                                        (abs)        003FAA
_TMR2                                         (abs)        003FAA
_TMR2_DefaultInterruptHandler                 (abs)        000000
_TMR2_ISR                                     text25       001518
_TMR2_Initialize                              text11       001A78
_TMR2_InterruptHandler                        nvCOMRAM     00004A
_TMR2_SetInterruptHandler                     text12       001BA0
_TRISA                                        (abs)        003FC2
_TRISB                                        (abs)        003FC3
_TRISC                                        (abs)        003FC4
_TRISCbits                                    (abs)        003FC4
_TRISD                                        (abs)        003FC5
_TRISE                                        (abs)        003FC6
_U1BRGH                                       (abs)        003DF6
_U1BRGL                                       (abs)        003DF5
_U1CON0                                       (abs)        003DF2
_U1CON0bits                                   (abs)        003DF2
_U1CON1                                       (abs)        003DF3
_U1CON2                                       (abs)        003DF4
_U1ERRIE                                      (abs)        003DFA
_U1ERRIR                                      (abs)        003DF9
_U1ERRIRbits                                  (abs)        003DF9
_U1FIFO                                       (abs)        003DF7
_U1P1H                                        (abs)        003DED
_U1P1L                                        (abs)        003DEC
_U1P2H                                        (abs)        003DEF
_U1P2L                                        (abs)        003DEE
_U1P3H                                        (abs)        003DF1
_U1P3L                                        (abs)        003DF0
_U1RXB                                        (abs)        003DE8
_U1RXPPS                                      (abs)        003AE5
_U1TXB                                        (abs)        003DEA
_U1UIR                                        (abs)        003DF8
_UART1_DefaultErrorHandler                    (abs)        000000
_UART1_DefaultFramingErrorHandler             (abs)        000000
_UART1_DefaultOverrunErrorHandler             (abs)        000000
_UART1_ErrorHandler                           nvCOMRAM     00004C
_UART1_FramingErrorHandler                    nvCOMRAM     000050
_UART1_Initialize                             text7        0018FA
_UART1_OverrunErrorHandler                    nvCOMRAM     00004E
_UART1_SetErrorHandler                        text10       001B96
_UART1_SetFramingErrorHandler                 text9        001B8C
_UART1_SetOverrunErrorHandler                 text8        001B82
_UART1_Write                                  text5        001B36
_WPUA                                         (abs)        003A41
_WPUB                                         (abs)        003A51
_WPUC                                         (abs)        003A61
_WPUD                                         (abs)        003A71
_WPUE                                         (abs)        003A81
__HRAM                                        (abs)        000000
__H__absolute__                               __absolute__ 000000
__Habs1                                       abs1         000000
__Hbank0                                      bank0        000000
__Hbank1                                      bank1        000000
__Hbank10                                     bank10       000000
__Hbank11                                     bank11       000000
__Hbank12                                     bank12       000000
__Hbank13                                     bank13       000000
__Hbank14                                     bank14       000000
__Hbank15                                     bank15       000000
__Hbank2                                      bank2        000000
__Hbank3                                      bank3        000000
__Hbank4                                      bank4        000000
__Hbank5                                      bank5        000000
__Hbank6                                      bank6        000000
__Hbank7                                      bank7        000000
__Hbank8                                      bank8        000000
__Hbank9                                      bank9        000000
__Hbigbss                                     bigbss       000000
__Hbigdata                                    bigdata      000000
__Hbigram                                     bigram       000000
__Hbigsfr                                     bigsfr       000000
__Hbss                                        bss          000000
__HbssBANK0                                   bssBANK0     000000
__HbssBANK1                                   bssBANK1     000000
__HbssCOMRAM                                  bssCOMRAM    000000
__Hcinit                                      cinit        000000
__Hclrtext                                    clrtext      000000
__Hcomram                                     comram       000000
__Hconfig                                     config       30000A
__Hconst                                      const        000000
__HcstackBANK0                                cstackBANK0  000000
__HcstackCOMRAM                               cstackCOMRAM 000000
__Hdata                                       data         000000
__HdataBANK0                                  dataBANK0    000000
__Heeprom_data                                eeprom_data  000000
__Hfarbss                                     farbss       000000
__Hfardata                                    fardata      000000
__Hheap                                       heap         000000
__Hibigdata                                   ibigdata     000000
__Hidata                                      idata        000000
__HidataBANK0                                 idataBANK0   000000
__Hidloc                                      idloc        200010
__Hifardata                                   ifardata     000000
__Hinit                                       init         00001E
__Hintsave_regs                               intsave_regs 000000
__Hirdata                                     irdata       000000
__Hivt0x8                                     ivt0x8       00001A
__Hmediumconst                                mediumconst  000000
__HnvCOMRAM                                   nvCOMRAM     000000
__HnvFARRAM                                   nvFARRAM     000000
__Hnvbit                                      nvbit        000000
__Hnvrram                                     nvrram       000000
__Hparam                                      rparam       000000
__Hpowerup                                    powerup      000000
__Hram                                        ram          000000
__Hramtop                                     ramtop       001000
__Hrbit                                       rbit         000000
__Hrbss                                       rbss         000000
__Hrdata                                      rdata        000000
__Hreset_vec                                  reset_vec    000004
__Hrparam                                     rparam       000000
__Hsfr                                        sfr          000000
__Hsmallconst                                 smallconst   001008
__Hspace_0                                    (abs)        001BB6
__Hspace_1                                    (abs)        000140
__Hspace_2                                    (abs)        000000
__Hspace_4                                    (abs)        60000A
__Hstack                                      stack        000000
__Hstruct                                     struct       000000
__Htemp                                       temp         000000
__Htext                                       text         000000
__Htext0                                      text0        000000
__Htext1                                      text1        000000
__Htext10                                     text10       000000
__Htext11                                     text11       000000
__Htext12                                     text12       000000
__Htext13                                     text13       000000
__Htext14                                     text14       000000
__Htext15                                     text15       000000
__Htext16                                     text16       000000
__Htext17                                     text17       000000
__Htext18                                     text18       000000
__Htext19                                     text19       000000
__Htext2                                      text2        000000
__Htext20                                     text20       000000
__Htext21                                     text21       000000
__Htext22                                     text22       000000
__Htext23                                     text23       000000
__Htext24                                     text24       000000
__Htext25                                     text25       000000
__Htext26                                     text26       000000
__Htext3                                      text3        000000
__Htext4                                      text4        000000
__Htext5                                      text5        000000
__Htext6                                      text6        000000
__Htext7                                      text7        000000
__Htext8                                      text8        000000
__Htext9                                      text9        000000
__LRAM                                        (abs)        000001
__L__absolute__                               __absolute__ 000000
__Labs1                                       abs1         000000
__Lbank0                                      bank0        000000
__Lbank1                                      bank1        000000
__Lbank10                                     bank10       000000
__Lbank11                                     bank11       000000
__Lbank12                                     bank12       000000
__Lbank13                                     bank13       000000
__Lbank14                                     bank14       000000
__Lbank15                                     bank15       000000
__Lbank2                                      bank2        000000
__Lbank3                                      bank3        000000
__Lbank4                                      bank4        000000
__Lbank5                                      bank5        000000
__Lbank6                                      bank6        000000
__Lbank7                                      bank7        000000
__Lbank8                                      bank8        000000
__Lbank9                                      bank9        000000
__Lbigbss                                     bigbss       000000
__Lbigdata                                    bigdata      000000
__Lbigram                                     bigram       000000
__Lbigsfr                                     bigsfr       000000
__Lbss                                        bss          000000
__LbssBANK0                                   bssBANK0     000000
__LbssBANK1                                   bssBANK1     000000
__LbssCOMRAM                                  bssCOMRAM    000000
__Lcinit                                      cinit        000000
__Lclrtext                                    clrtext      000000
__Lcomram                                     comram       000000
__Lconfig                                     config       000000
__Lconst                                      const        000000
__LcstackBANK0                                cstackBANK0  000000
__LcstackCOMRAM                               cstackCOMRAM 000000
__Ldata                                       data         000000
__LdataBANK0                                  dataBANK0    000000
__Leeprom_data                                eeprom_data  000000
__Lfarbss                                     farbss       000000
__Lfardata                                    fardata      000000
__Lheap                                       heap         000000
__Libigdata                                   ibigdata     000000
__Lidata                                      idata        000000
__LidataBANK0                                 idataBANK0   000000
__Lidloc                                      idloc        000000
__Lifardata                                   ifardata     000000
__Linit                                       init         00001A
__Lintsave_regs                               intsave_regs 000000
__Lirdata                                     irdata       000000
__Livt0x8                                     ivt0x8       000008
__Lmediumconst                                mediumconst  000000
__LnvCOMRAM                                   nvCOMRAM     000000
__LnvFARRAM                                   nvFARRAM     000000
__Lnvbit                                      nvbit        000000
__Lnvrram                                     nvrram       000000
__Lparam                                      rparam       000000
__Lpowerup                                    powerup      000000
__Lram                                        ram          000000
__Lramtop                                     ramtop       001000
__Lrbit                                       rbit         000000
__Lrbss                                       rbss         000000
__Lrdata                                      rdata        000000
__Lreset_vec                                  reset_vec    000000
__Lrparam                                     rparam       000000
__Lsfr                                        sfr          000000
__Lsmallconst                                 smallconst   001000
__Lspace_0                                    (abs)        000000
__Lspace_1                                    (abs)        000000
__Lspace_2                                    (abs)        000000
__Lspace_4                                    (abs)        000000
__Lstack                                      stack        000000
__Lstruct                                     struct       000000
__Ltemp                                       temp         000000
__Ltext                                       text         000000
__Ltext0                                      text0        000000
__Ltext1                                      text1        000000
__Ltext10                                     text10       000000
__Ltext11                                     text11       000000
__Ltext12                                     text12       000000
__Ltext13                                     text13       000000
__Ltext14                                     text14       000000
__Ltext15                                     text15       000000
__Ltext16                                     text16       000000
__Ltext17                                     text17       000000
__Ltext18                                     text18       000000
__Ltext19                                     text19       000000
__Ltext2                                      text2        000000
__Ltext20                                     text20       000000
__Ltext21                                     text21       000000
__Ltext22                                     text22       000000
__Ltext23                                     text23       000000
__Ltext24                                     text24       000000
__Ltext25                                     text25       000000
__Ltext26                                     text26       000000
__Ltext3                                      text3        000000
__Ltext4                                      text4        000000
__Ltext5                                      text5        000000
__Ltext6                                      text6        000000
__Ltext7                                      text7        000000
__Ltext8                                      text8        000000
__Ltext9                                      text9        000000
__S0                                          (abs)        001BB6
__S1                                          (abs)        000140
__S4                                          (abs)        000000
__S5                                          (abs)        000000
___awdiv                                      text3        0015F0
___awdiv@counter                              cstackCOMRAM 000012
___awdiv@dividend                             cstackCOMRAM 00000E
___awdiv@divisor                              cstackCOMRAM 000010
___awdiv@quotient                             cstackCOMRAM 000014
___awdiv@sign                                 cstackCOMRAM 000013
___awmod                                      text2        0016B4
___awmod@counter                              cstackCOMRAM 00000C
___awmod@dividend                             cstackCOMRAM 000008
___awmod@divisor                              cstackCOMRAM 00000A
___awmod@sign                                 cstackCOMRAM 00000D
___heap_hi                                    (abs)        000000
___heap_lo                                    (abs)        000000
___inthi_sp                                   stack        000000
___intlo_sp                                   stack        000000
___lmul                                       text23       001890
___lmul@multiplicand                          cstackCOMRAM 00000C
___lmul@multiplier                            cstackCOMRAM 000008
___lmul@product                               cstackCOMRAM 000010
___param_bank                                 (abs)        000000
___rparam_used                                (abs)        000001
___sp                                         stack        000000
__accesstop                                   (abs)        000060
__activetblptr                                (abs)        000003
__end_of_ADCC_GetSingleConversion             text26       001A48
__end_of_ADCC_Initialize                      text19       0019BE
__end_of_FIR_pointer_sim                      text22       0011CE
__end_of_FVR_Initialize                       text18       001BB2
__end_of_INTERRUPT_Initialize                 text17       001BB6
__end_of_INTERRUPT_InterruptManager           text24       001B36
__end_of_OSCILLATOR_Initialize                text16       001B82
__end_of_PIN_MANAGER_Initialize               text15       00180A
__end_of_PMD_Initialize                       text14       001AEE
__end_of_SPI1_ExchangeByte                    text21       001B12
__end_of_SPI1_Initialize                      text13       001B6A
__end_of_SPI1_Open                            text20       001440
__end_of_SYSTEM_Initialize                    text6        001ACA
__end_of_TMR2_ISR                             text25       0015F0
__end_of_TMR2_Initialize                      text11       001AA4
__end_of_TMR2_SetInterruptHandler             text12       001BAA
__end_of_UART1_Initialize                     text7        001962
__end_of_UART1_SetErrorHandler                text10       001BA0
__end_of_UART1_SetFramingErrorHandler         text9        001B96
__end_of_UART1_SetOverrunErrorHandler         text8        001B8C
__end_of_UART1_Write                          text5        001B50
__end_of___awdiv                              text3        0016B4
__end_of___awmod                              text2        001764
__end_of___lmul                               text23       0018FA
__end_of__initialization                      cinit        001A10
__end_of_main                                 text0        001364
__end_of_reorder_array_pt                     text4        001890
__end_of_separate_digits                      text1        001518
__end_of_spi1_configuration                   smallconst   001006
__initialization                              cinit        0019BE
__mediumconst                                 mediumconst  000000
__pbssBANK0                                   bssBANK0     0000D8
__pbssBANK1                                   bssBANK1     000100
__pbssCOMRAM                                  bssCOMRAM    00003C
__pcinit                                      cinit        0019BE
__pcstackBANK0                                cstackBANK0  000060
__pcstackCOMRAM                               cstackCOMRAM 000001
__pdataBANK0                                  dataBANK0    0000A8
__pidataBANK0                                 idataBANK0   001A48
__pivt0x8                                     ivt0x8       000008
__pnvCOMRAM                                   nvCOMRAM     00004A
__psmallconst                                 smallconst   001000
__ptext0                                      text0        0011CE
__ptext1                                      text1        001440
__ptext10                                     text10       001B96
__ptext11                                     text11       001A78
__ptext12                                     text12       001BA0
__ptext13                                     text13       001B50
__ptext14                                     text14       001ACA
__ptext15                                     text15       001764
__ptext16                                     text16       001B6A
__ptext17                                     text17       001BB2
__ptext18                                     text18       001BAA
__ptext19                                     text19       001962
__ptext2                                      text2        0016B4
__ptext20                                     text20       001364
__ptext21                                     text21       001AEE
__ptext22                                     text22       001008
__ptext23                                     text23       001890
__ptext24                                     text24       001B12
__ptext25                                     text25       001518
__ptext26                                     text26       001A16
__ptext3                                      text3        0015F0
__ptext4                                      text4        00180A
__ptext5                                      text5        001B36
__ptext6                                      text6        001AA4
__ptext7                                      text7        0018FA
__ptext8                                      text8        001B82
__ptext9                                      text9        001B8C
__ramtop                                      ramtop       001000
__smallconst                                  smallconst   001000
_adc_0                                        bssCOMRAM    000042
_adc_0_acc                                    bssBANK0     0000E0
_adc_1                                        bssCOMRAM    000040
_adc_1_acc                                    bssBANK0     0000DC
_avg_adc_0                                    bssBANK0     0000E6
_avg_adc_1                                    bssBANK0     0000E4
_final_result_0                               bssBANK0     0000E8
_final_result_0_High                          bssCOMRAM    000046
_final_result_0_Low                           bssCOMRAM    000047
_final_result_1                               bssCOMRAM    00003C
_final_result_1_High                          bssCOMRAM    000044
_final_result_1_Low                           bssCOMRAM    000045
_flag_meas_acc                                bssBANK0     0000EA
_flag_sim                                     bssBANK0     0000EC
_main                                         text0        0011CE
_reorder_array_pt                             text4        00180A
_separate_digits                              text1        001440
_spi1_configuration                           smallconst   001001
_uart1RxLastError                             bssCOMRAM    000049
end_of_initialization                         cinit        001A10
intlevel0                                     text         000000
intlevel1                                     text         000000
intlevel2                                     text         000000
intlevel3                                     text         000000
isa$std                                       (abs)        000001
isa$xinst                                     (abs)        000000
ivt0x8_base                                   ivt0x8       000008
main@digitos                                  cstackBANK0  0000A2
main@in_values_0                              cstackBANK0  000080
main@in_values_1                              cstackBANK0  000060
main@pt_FIR_num_sim                           cstackBANK0  0000A0
main@pt_in_values_0                           cstackBANK0  0000A6
reorder_array_pt@arr                          cstackCOMRAM 000008
reorder_array_pt@array_size                   cstackCOMRAM 00000A
reorder_array_pt@i                            cstackCOMRAM 000012
reorder_array_pt@ptr                          cstackCOMRAM 000010
separate_digits@digits                        cstackCOMRAM 000018
separate_digits@num                           cstackCOMRAM 000016
stackhi                                       (abs)        000000
stacklo                                       (abs)        000000
start                                         init         00001A
start_initialization                          cinit        0019BE


MODULE INFORMATION

Module		Function		Class		Link	Load	Size
C:\Program Files\Microchip\xc8\v2.41\pic\sources\c99\common\awmod.c
		___awmod       		CODE           	16B4	0000	176

C:\Program Files\Microchip\xc8\v2.41\pic\sources\c99\common\awmod.c estimated size: 176

C:\Program Files\Microchip\xc8\v2.41\pic\sources\c99\common\Umul32.c
		___lmul        		CODE           	1890	0000	106

C:\Program Files\Microchip\xc8\v2.41\pic\sources\c99\common\Umul32.c estimated size: 106

mcc_generated_files/fvr.c
		_FVR_Initialize		CODE           	1BAA	0000	8

mcc_generated_files/fvr.c estimated size: 8

mcc_generated_files/tmr2.c
		_TMR2_ISR      		CODE           	1518	0000	216
		_TMR2_Initialize		CODE           	1A78	0000	44
		_TMR2_SetInterruptHandler		CODE           	1BA0	0000	10

mcc_generated_files/tmr2.c estimated size: 270

mcc_generated_files/interrupt_manager.c
		_INTERRUPT_Initialize		CODE           	1BB2	0000	4
		_INTERRUPT_InterruptManager		CODE           	1B12	0000	36

mcc_generated_files/interrupt_manager.c estimated size: 40

mcc_generated_files/pin_manager.c
		_PIN_MANAGER_Initialize		CODE           	1764	0000	166

mcc_generated_files/pin_manager.c estimated size: 166

C:\Program Files\Microchip\xc8\v2.41\pic\sources\c99\common\awdiv.c
		___awdiv       		CODE           	15F0	0000	196

C:\Program Files\Microchip\xc8\v2.41\pic\sources\c99\common\awdiv.c estimated size: 196

mcc_generated_files/spi1.c
		_SPI1_Open     		CODE           	1364	0000	220
		_SPI1_Initialize		CODE           	1B50	0000	26
		_SPI1_ExchangeByte		CODE           	1AEE	0000	36

mcc_generated_files/spi1.c estimated size: 282

mcc_generated_files/uart1.c
		_UART1_Write   		CODE           	1B36	0000	26
		_UART1_SetFramingErrorHandler		CODE           	1B8C	0000	10
		_UART1_SetOverrunErrorHandler		CODE           	1B82	0000	10
		_UART1_Initialize		CODE           	18FA	0000	104
		_UART1_SetErrorHandler		CODE           	1B96	0000	10

mcc_generated_files/uart1.c estimated size: 160

shared
		__initialization		CODE           	19BE	0000	82
		_spi1_configuration		SMALLCONST     	1001	0000	5

shared estimated size: 87

mcc_generated_files/mcc.c
		_PMD_Initialize		CODE           	1ACA	0000	36
		_OSCILLATOR_Initialize		CODE           	1B6A	0000	24
		_SYSTEM_Initialize		CODE           	1AA4	0000	38

mcc_generated_files/mcc.c estimated size: 98

mcc_generated_files/adcc.c
		_ADCC_GetSingleConversion		CODE           	1A16	0000	50
		_ADCC_Initialize		CODE           	1962	0000	92

mcc_generated_files/adcc.c estimated size: 142

main.c
		_separate_digits		CODE           	1440	0000	216
		_main          		CODE           	11CE	0000	406
		_FIR_pointer_sim		CODE           	1008	0000	454
		_reorder_array_pt		CODE           	180A	0000	134

main.c estimated size: 1210

