Microchip MPLAB XC8 Compiler V2.41

Linker command line:

-W-3 \
  --edf=C:/Users/david/.mchp_packs/Microchip/PIC18F-K_DFP/1.11.281/xc8\pic\dat\20230721151103_en.msgs \
  -pivt0x8=08h -cn -h+dist/default/production\NEXTION_1.X.production.sym \
  --cmf=dist/default/production\NEXTION_1.X.production.cmf -z -Q18F46K42 \
  -oC:\Users\david\AppData\Local\Temp\xcAsfdk.\driver_tmp_3.o \
  --defsym=__MPLAB_BUILD=1 --fixupoverflow=error \
  -Mdist/default/production/NEXTION_1.X.production.map \
  --md=C:\Users\david\AppData\Local\Temp\xcAsfdk.\driver_tmp_0.dat -E1 \
  -ver=XC8 Compiler --acfsm=1493 -ACODE=00h-0FFFFh -ACONST=00h-0FFFFh \
  -ASMALLCONST=01000h-010FFhx240 -AMEDIUMCONST=01000h-0FFFFh \
  -ACOMRAM=01h-05Fh -AABS1=00h-0FFFh -ABIGRAM=01h-0FFFh \
  -ARAM=060h-0FFh,0100h-01FFhx15 -ABANK0=060h-0FFh -ABANK1=0100h-01FFh \
  -ABANK2=0200h-02FFh -ABANK3=0300h-03FFh -ABANK4=0400h-04FFh \
  -ABANK5=0500h-05FFh -ABANK6=0600h-06FFh -ABANK7=0700h-07FFh \
  -ABANK8=0800h-08FFh -ABANK9=0900h-09FFh -ABANK10=0A00h-0AFFh \
  -ABANK11=0B00h-0BFFh -ABANK12=0C00h-0CFFh -ABANK13=0D00h-0DFFh \
  -ABANK14=0E00h-0EFFh -ABANK15=0F00h-0FFFh \
  -ASFR=03800h-038FFhx7,03F00h-03F5Fh,03F60h-03FFFh -ABIGSFR=03800h-03FFFh \
  -ACONFIG=0300000h-0300009h -AIDLOC=0200000h-020000Fh \
  -AEEDATA=0310000h-03103FFh -peeprom_data=EEDATA -preset_vec=00h \
  -ppowerup=CODE,init -pramtop=01000h -psmallconst=SMALLCONST \
  -pmediumconst=MEDIUMCONST -pconst=CONST -AFARRAM=00h-00h \
  -prdata=COMRAM,nvrram=COMRAM,nvbit=COMRAM,rbss=COMRAM,rbit=COMRAM \
  -pfarbss=FARRAM,fardata=FARRAM,nvFARRAM=FARRAM \
  -pintsave_regs=BIGRAM,bigbss=BIGRAM,bigdata=BIGRAM -pbss=RAM \
  -pidata=CODE,irdata=CODE,ibigdata=CODE,ifardata=CODE -prparam=COMRAM \
  C:\Users\david\AppData\Local\Temp\xcAsfdk.\driver_tmp_9.o \
  dist/default/production\NEXTION_1.X.production.o 

Object code version is 3.11

Machine type is 18F46K42



                Name                               Link     Load   Length Selector   Space Scale
C:\Users\david\AppData\Local\Temp\xcAsfdk.\driver_tmp_9.o
                idloc                            200000   200000       10        0       5
                config                           300000   300000        A        0       4
                init                                 1A       1A        4        4       0
                reset_vec                             0        0        4        0       0
dist/default/production\NEXTION_1.X.production.o
                idloc                            200000   200000       10        0       5
                config                           300000   300000        A        0       4
                smallconst                         1000     1000       36      800       0
                ivt0x8                                8        8       12        4       0
                text32                             1C34     1C34       32      81B       0
                text31                             16AE     16AE       D8      81B       0
                text30                             1D00     1D00       24      81B       0
                text29                             1A6C     1A6C       6A      81B       0
                text28                             140C     140C      1C6      81B       0
                text27                             1CDC     1CDC       24      81B       0
                text26                             15D2     15D2       DC      81B       0
                text25                             1B3E     1B3E       5C      81B       0
                text24                             1E0C     1E0C        8      81B       0
                text23                             1E14     1E14        4      81B       0
                text22                             1D98     1D98       18      81B       0
                text21                             1786     1786       A6      81B       0
                text20                             1CB8     1CB8       24      81B       0
                text19                             1D7E     1D7E       1A      81B       0
                text18                             1E02     1E02        A      81B       0
                text17                             1C66     1C66       2C      81B       0
                text16                             1DF8     1DF8        A      81B       0
                text15                             1DEE     1DEE        A      81B       0
                text14                             1DE4     1DE4        A      81B       0
                text13                             1AD6     1AD6       68      81B       0
                text12                             1C92     1C92       26      81B       0
                text11                             1E1C     1E1C        2      81B       0
                text10                             1E1A     1E1A        2      81B       0
                text9                              1E18     1E18        2      81B       0
                text8                              18C8     18C8       96      81B       0
                text7                              1BEC     1BEC       48      81B       0
                text6                              19E6     19E6       86      81B       0
                text5                              1D64     1D64       1A      81B       0
                text4                              1DB0     1DB0       14      81B       0
                text3                              195E     195E       88      81B       0
                text2                              1D44     1D44       20      81B       0
                text1                              1B9A     1B9A       52      81B       0
                text0                              1036     1036      3D6      81B       0
                cstackCOMRAM                          1        1       36        1       1
                cstackBANK0                          60       60       5A       60       1
                dataBANK1                           140      140       20      100       1
                bssBANK1                            100      100       40      100       1
                dataBANK0                            DD       DD       10       60       1
                bssBANK0                             BA       BA       23       60       1
                dataCOMRAM                           37       37       10        1       1
                bssCOMRAM                            4F       4F        8        1       1
                cinit                              182C     182C       9C      81B       0
                nvCOMRAM                             47       47        8        1       1
                idataBANK1                         1D24     1D24       20      81B       0
                idataBANK0                         1DD4     1DD4       10      81B       0
                idataCOMRAM                        1DC4     1DC4       10      81B       0

TOTAL           Name                               Link     Load   Length     Space
        CLASS   CODE           
                init                                 1A       1A        4         0
                reset_vec                             0        0        4         0
                ivt0x8                                8        8       12         0
                text32                             1C34     1C34       32         0
                text31                             16AE     16AE       D8         0
                text30                             1D00     1D00       24         0
                text29                             1A6C     1A6C       6A         0
                text28                             140C     140C      1C6         0
                text27                             1CDC     1CDC       24         0
                text26                             15D2     15D2       DC         0
                text25                             1B3E     1B3E       5C         0
                text24                             1E0C     1E0C        8         0
                text23                             1E14     1E14        4         0
                text22                             1D98     1D98       18         0
                text21                             1786     1786       A6         0
                text20                             1CB8     1CB8       24         0
                text19                             1D7E     1D7E       1A         0
                text18                             1E02     1E02        A         0
                text17                             1C66     1C66       2C         0
                text16                             1DF8     1DF8        A         0
                text15                             1DEE     1DEE        A         0
                text14                             1DE4     1DE4        A         0
                text13                             1AD6     1AD6       68         0
                text12                             1C92     1C92       26         0
                text11                             1E1C     1E1C        2         0
                text10                             1E1A     1E1A        2         0
                text9                              1E18     1E18        2         0
                text8                              18C8     18C8       96         0
                text7                              1BEC     1BEC       48         0
                text6                              19E6     19E6       86         0
                text5                              1D64     1D64       1A         0
                text4                              1DB0     1DB0       14         0
                text3                              195E     195E       88         0
                text2                              1D44     1D44       20         0
                text1                              1B9A     1B9A       52         0
                text0                              1036     1036      3D6         0
                cinit                              182C     182C       9C         0
                idataBANK1                         1D24     1D24       20         0
                idataBANK0                         1DD4     1DD4       10         0
                idataCOMRAM                        1DC4     1DC4       10         0

        CLASS   CONST          

        CLASS   SMALLCONST     
                smallconst                         1000     1000       36         0

        CLASS   MEDIUMCONST    

        CLASS   COMRAM         
                cstackCOMRAM                          1        1       36         1
                dataCOMRAM                           37       37       10         1
                bssCOMRAM                            4F       4F        8         1
                nvCOMRAM                             47       47        8         1

        CLASS   ABS1           

        CLASS   BIGRAM         

        CLASS   RAM            

        CLASS   BANK0          
                cstackBANK0                          60       60       5A         1
                dataBANK0                            DD       DD       10         1
                bssBANK0                             BA       BA       23         1

        CLASS   BANK1          
                dataBANK1                           140      140       20         1
                bssBANK1                            100      100       40         1

        CLASS   BANK2          

        CLASS   BANK3          

        CLASS   BANK4          

        CLASS   BANK5          

        CLASS   BANK6          

        CLASS   BANK7          

        CLASS   BANK8          

        CLASS   BANK9          

        CLASS   BANK10         

        CLASS   BANK11         

        CLASS   BANK12         

        CLASS   BANK13         

        CLASS   BANK14         

        CLASS   BANK15         

        CLASS   SFR            

        CLASS   BIGSFR         

        CLASS   CONFIG         
                config                           300000   300000        A         4

        CLASS   IDLOC          
                idloc                            200000   200000       10         5

        CLASS   EEDATA         

        CLASS   FARRAM         

        CLASS   HEAP           

        CLASS   STACK          



SEGMENTS        Name                           Load    Length   Top    Selector   Space  Class

                reset_vec                      000000  000004  000004         0       0  CODE    
                cstackCOMRAM                   000001  000056  000057         1       1  COMRAM  
                ivt0x8                         000008  000016  00001E         4       0  CODE    
                cstackBANK0                    000060  00008D  0000ED        60       1  BANK0   
                bssBANK1                       000100  000060  000160       100       1  BANK1   
                smallconst                     001000  000036  001036       800       0  SMALLCON
                text0                          001036  000DE8  001E1E       81B       0  CODE    


UNUSED ADDRESS RANGES

        Name                Unused          Largest block    Delta
        BANK0            0000ED-0000FF               13
        BANK1            000160-0001FF               A0
        BANK10           000A00-000AFF              100
        BANK11           000B00-000BFF              100
        BANK12           000C00-000CFF              100
        BANK13           000D00-000DFF              100
        BANK14           000E00-000EFF              100
        BANK15           000F00-000FFF              100
        BANK2            000200-0002FF              100
        BANK3            000300-0003FF              100
        BANK4            000400-0004FF              100
        BANK5            000500-0005FF              100
        BANK6            000600-0006FF              100
        BANK7            000700-0007FF              100
        BANK8            000800-0008FF              100
        BANK9            000900-0009FF              100
        BIGRAM           000057-00005F                9
                         0000ED-0000FF               13
                         000160-000FFF              EA0
        BIGSFR           003800-003FFF              800
        CODE             000004-000007                4
                         00001E-000FFF              FE2
                         001E1E-00FFFF             E1E2
        COMRAM           000057-00005F                9
        CONST            000004-000007                4
                         00001E-000FFF              FE2
                         001E1E-00FFFF             E1E2
        EEDATA           310000-3103FF              400
        MEDIUMCONST      001E1E-00FFFF             E1E2
        RAM              0000ED-0000FF               13
                         000160-000FFF              100
        SFR              003800-003FFF              100
        SMALLCONST       001E1E-00FFFF              100

                                  Symbol Table

?_ADCC_GetSingleConversion                    cstackCOMRAM 000001
?_FIR_pointer_sim                             cstackCOMRAM 000014
?___lmul                                      cstackCOMRAM 000008
?_abs_16                                      cstackCOMRAM 000008
ADCC_GetSingleConversion@channel              cstackCOMRAM 000005
FIR_pointer_sim@flag                          cstackCOMRAM 00001C
FIR_pointer_sim@i                             cstackCOMRAM 000035
FIR_pointer_sim@in                            cstackCOMRAM 000014
FIR_pointer_sim@num                           cstackCOMRAM 000016
FIR_pointer_sim@resp                          cstackCOMRAM 000031
FIR_pointer_sim@size_in                       cstackCOMRAM 000018
FIR_pointer_sim@size_num                      cstackCOMRAM 00001A
IVTBASEH                                      (abs)        003FD6
IVTBASEL                                      (abs)        003FD5
IVTBASEU                                      (abs)        003FD7
SPI1_ExchangeByte@data                        cstackCOMRAM 000008
SPI1_Open@spi1UniqueConfiguration             cstackCOMRAM 000009
TMR2_ISR@counter                              bssCOMRAM    00004F
TMR2_ISR@state                                bssCOMRAM    000055
TMR2_SetInterruptHandler@InterruptHandler     cstackCOMRAM 000008
UART1_SetErrorHandler@interruptHandler        cstackCOMRAM 000008
UART1_SetFramingErrorHandler@interruptHandler cstackCOMRAM 000008
UART1_SetOverrunErrorHandler@interruptHandler cstackCOMRAM 000008
UART1_Write@txData                            cstackCOMRAM 000008
_ADACCH                                       (abs)        003EE9
_ADACCL                                       (abs)        003EE8
_ADACCU                                       (abs)        003EEA
_ADACQH                                       (abs)        003EF4
_ADACQL                                       (abs)        003EF3
_ADACT                                        (abs)        003EFE
_ADCAP                                        (abs)        003EF5
_ADCC_GetSingleConversion                     text32       001C34
_ADCC_Initialize                              text25       001B3E
_ADCLK                                        (abs)        003EFF
_ADCNT                                        (abs)        003EEB
_ADCON0                                       (abs)        003EF8
_ADCON0bits                                   (abs)        003EF8
_ADCON1                                       (abs)        003EF9
_ADCON1bits                                   (abs)        003EF9
_ADCON2                                       (abs)        003EFA
_ADCON2bits                                   (abs)        003EFA
_ADCON3                                       (abs)        003EFB
_ADCON3bits                                   (abs)        003EFB
_ADERRH                                       (abs)        003EE3
_ADERRL                                       (abs)        003EE2
_ADFLTRH                                      (abs)        003EE7
_ADFLTRL                                      (abs)        003EE6
_ADLTHH                                       (abs)        003EDF
_ADLTHL                                       (abs)        003EDE
_ADPCH                                        (abs)        003EF1
_ADPREH                                       (abs)        003EF7
_ADPREL                                       (abs)        003EF6
_ADPREVH                                      (abs)        003EEE
_ADPREVL                                      (abs)        003EED
_ADREF                                        (abs)        003EFD
_ADRESH                                       (abs)        003EF0
_ADRESL                                       (abs)        003EEF
_ADRPT                                        (abs)        003EEC
_ADSTAT                                       (abs)        003EFC
_ADSTATbits                                   (abs)        003EFC
_ADSTPTH                                      (abs)        003EE5
_ADSTPTL                                      (abs)        003EE4
_ADUTHH                                       (abs)        003EE1
_ADUTHL                                       (abs)        003EE0
_ANSELA                                       (abs)        003A40
_ANSELB                                       (abs)        003A50
_ANSELC                                       (abs)        003A60
_ANSELD                                       (abs)        003A70
_ANSELE                                       (abs)        003A80
_FIR_num                                      dataBANK1    000140
_FIR_num_sim                                  dataBANK0    0000DD
_FIR_pointer_sim                              text28       00140C
_FVRCON                                       (abs)        003EC1
_FVRCONbits                                   (abs)        003EC1
_FVR_Initialize                               text24       001E0C
_INLVLA                                       (abs)        003A44
_INLVLB                                       (abs)        003A54
_INLVLC                                       (abs)        003A64
_INLVLD                                       (abs)        003A74
_INLVLE                                       (abs)        003A84
_INTCON0bits                                  (abs)        003FD2
_INTERRUPT_Initialize                         text23       001E14
_INTERRUPT_InterruptManager                   text30       001D00
_LATA                                         (abs)        003FBA
_LATB                                         (abs)        003FBB
_LATC                                         (abs)        003FBC
_LATCbits                                     (abs)        003FBC
_LATD                                         (abs)        003FBD
_LATDbits                                     (abs)        003FBD
_LATE                                         (abs)        003FBE
_ODCONA                                       (abs)        003A42
_ODCONB                                       (abs)        003A52
_ODCONC                                       (abs)        003A62
_ODCOND                                       (abs)        003A72
_ODCONE                                       (abs)        003A82
_OSCCON1                                      (abs)        0039D9
_OSCCON3                                      (abs)        0039DB
_OSCEN                                        (abs)        0039DD
_OSCFRQ                                       (abs)        0039DF
_OSCILLATOR_Initialize                        text22       001D98
_OSCTUNE                                      (abs)        0039DE
_PIE4bits                                     (abs)        003994
_PIN_MANAGER_Initialize                       text21       001786
_PIR2bits                                     (abs)        0039A2
_PIR3bits                                     (abs)        0039A3
_PIR4bits                                     (abs)        0039A4
_PMD0                                         (abs)        0039C0
_PMD1                                         (abs)        0039C1
_PMD2                                         (abs)        0039C2
_PMD3                                         (abs)        0039C3
_PMD4                                         (abs)        0039C4
_PMD5                                         (abs)        0039C5
_PMD6                                         (abs)        0039C6
_PMD7                                         (abs)        0039C7
_PMD_Initialize                               text20       001CB8
_PR2                                          (abs)        003FAB
_RB1I2C                                       (abs)        003A5A
_RB2I2C                                       (abs)        003A5B
_RC3I2C                                       (abs)        003A6A
_RC3PPS                                       (abs)        003A13
_RC4I2C                                       (abs)        003A6B
_RC5PPS                                       (abs)        003A15
_RC6PPS                                       (abs)        003A16
_RD0I2C                                       (abs)        003A7A
_RD1I2C                                       (abs)        003A7B
_SLRCONA                                      (abs)        003A43
_SLRCONB                                      (abs)        003A53
_SLRCONC                                      (abs)        003A63
_SLRCOND                                      (abs)        003A73
_SLRCONE                                      (abs)        003A83
_SPI1BAUD                                     (abs)        003D19
_SPI1CLK                                      (abs)        003D1C
_SPI1CON0                                     (abs)        003D14
_SPI1CON0bits                                 (abs)        003D14
_SPI1CON1                                     (abs)        003D15
_SPI1CON2                                     (abs)        003D16
_SPI1RXB                                      (abs)        003D10
_SPI1SCKPPS                                   (abs)        003ADE
_SPI1SDIPPS                                   (abs)        003ADF
_SPI1TCNTL                                    (abs)        003D12
_SPI1TXB                                      (abs)        003D11
_SPI1_ExchangeByte                            text27       001CDC
_SPI1_Initialize                              text19       001D7E
_SPI1_Open                                    text26       0015D2
_SYSTEM_Initialize                            text12       001C92
_T2CLKCON                                     (abs)        003FAE
_T2CON                                        (abs)        003FAC
_T2CONbits                                    (abs)        003FAC
_T2HLT                                        (abs)        003FAD
_T2HLTbits                                    (abs)        003FAD
_T2PR                                         (abs)        003FAB
_T2RST                                        (abs)        003FAF
_T2RSTbits                                    (abs)        003FAF
_T2TMR                                        (abs)        003FAA
_TMR2                                         (abs)        003FAA
_TMR2_DefaultInterruptHandler                 (abs)        000000
_TMR2_ISR                                     text31       0016AE
_TMR2_Initialize                              text17       001C66
_TMR2_InterruptHandler                        nvCOMRAM     000047
_TMR2_SetInterruptHandler                     text18       001E02
_TRISA                                        (abs)        003FC2
_TRISB                                        (abs)        003FC3
_TRISC                                        (abs)        003FC4
_TRISCbits                                    (abs)        003FC4
_TRISD                                        (abs)        003FC5
_TRISE                                        (abs)        003FC6
_U1BRGH                                       (abs)        003DF6
_U1BRGL                                       (abs)        003DF5
_U1CON0                                       (abs)        003DF2
_U1CON0bits                                   (abs)        003DF2
_U1CON1                                       (abs)        003DF3
_U1CON2                                       (abs)        003DF4
_U1ERRIE                                      (abs)        003DFA
_U1ERRIR                                      (abs)        003DF9
_U1ERRIRbits                                  (abs)        003DF9
_U1FIFO                                       (abs)        003DF7
_U1P1H                                        (abs)        003DED
_U1P1L                                        (abs)        003DEC
_U1P2H                                        (abs)        003DEF
_U1P2L                                        (abs)        003DEE
_U1P3H                                        (abs)        003DF1
_U1P3L                                        (abs)        003DF0
_U1RXB                                        (abs)        003DE8
_U1RXPPS                                      (abs)        003AE5
_U1TXB                                        (abs)        003DEA
_U1UIR                                        (abs)        003DF8
_UART1_DefaultErrorHandler                    text11       001E1C
_UART1_DefaultFramingErrorHandler             text10       001E1A
_UART1_DefaultOverrunErrorHandler             text9        001E18
_UART1_ErrorHandler                           nvCOMRAM     000049
_UART1_FramingErrorHandler                    nvCOMRAM     00004D
_UART1_Initialize                             text13       001AD6
_UART1_OverrunErrorHandler                    nvCOMRAM     00004B
_UART1_Read                                   text8        0018C8
_UART1_SetErrorHandler                        text16       001DF8
_UART1_SetFramingErrorHandler                 text15       001DEE
_UART1_SetOverrunErrorHandler                 text14       001DE4
_UART1_Write                                  text5        001D64
_WPUA                                         (abs)        003A41
_WPUB                                         (abs)        003A51
_WPUC                                         (abs)        003A61
_WPUD                                         (abs)        003A71
_WPUE                                         (abs)        003A81
__HRAM                                        (abs)        000000
__H__absolute__                               __absolute__ 000000
__Habs1                                       abs1         000000
__Hbank0                                      bank0        000000
__Hbank1                                      bank1        000000
__Hbank10                                     bank10       000000
__Hbank11                                     bank11       000000
__Hbank12                                     bank12       000000
__Hbank13                                     bank13       000000
__Hbank14                                     bank14       000000
__Hbank15                                     bank15       000000
__Hbank2                                      bank2        000000
__Hbank3                                      bank3        000000
__Hbank4                                      bank4        000000
__Hbank5                                      bank5        000000
__Hbank6                                      bank6        000000
__Hbank7                                      bank7        000000
__Hbank8                                      bank8        000000
__Hbank9                                      bank9        000000
__Hbigbss                                     bigbss       000000
__Hbigdata                                    bigdata      000000
__Hbigram                                     bigram       000000
__Hbigsfr                                     bigsfr       000000
__Hbss                                        bss          000000
__HbssBANK0                                   bssBANK0     000000
__HbssBANK1                                   bssBANK1     000000
__HbssCOMRAM                                  bssCOMRAM    000000
__Hcinit                                      cinit        000000
__Hclrtext                                    clrtext      000000
__Hcomram                                     comram       000000
__Hconfig                                     config       30000A
__Hconst                                      const        000000
__HcstackBANK0                                cstackBANK0  000000
__HcstackCOMRAM                               cstackCOMRAM 000000
__Hdata                                       data         000000
__HdataBANK0                                  dataBANK0    000000
__HdataBANK1                                  dataBANK1    000000
__HdataCOMRAM                                 dataCOMRAM   000000
__Heeprom_data                                eeprom_data  000000
__Hfarbss                                     farbss       000000
__Hfardata                                    fardata      000000
__Hheap                                       heap         000000
__Hibigdata                                   ibigdata     000000
__Hidata                                      idata        000000
__HidataBANK0                                 idataBANK0   000000
__HidataBANK1                                 idataBANK1   000000
__HidataCOMRAM                                idataCOMRAM  000000
__Hidloc                                      idloc        200010
__Hifardata                                   ifardata     000000
__Hinit                                       init         00001E
__Hintsave_regs                               intsave_regs 000000
__Hirdata                                     irdata       000000
__Hivt0x8                                     ivt0x8       00001A
__Hmediumconst                                mediumconst  000000
__HnvCOMRAM                                   nvCOMRAM     000000
__HnvFARRAM                                   nvFARRAM     000000
__Hnvbit                                      nvbit        000000
__Hnvrram                                     nvrram       000000
__Hparam                                      rparam       000000
__Hpowerup                                    powerup      000000
__Hram                                        ram          000000
__Hramtop                                     ramtop       001000
__Hrbit                                       rbit         000000
__Hrbss                                       rbss         000000
__Hrdata                                      rdata        000000
__Hreset_vec                                  reset_vec    000004
__Hrparam                                     rparam       000000
__Hsfr                                        sfr          000000
__Hsmallconst                                 smallconst   001036
__Hspace_0                                    (abs)        001E1E
__Hspace_1                                    (abs)        000160
__Hspace_2                                    (abs)        000000
__Hspace_4                                    (abs)        60000A
__Hstack                                      stack        000000
__Hstruct                                     struct       000000
__Htemp                                       temp         000000
__Htext                                       text         000000
__Htext0                                      text0        000000
__Htext1                                      text1        000000
__Htext10                                     text10       000000
__Htext11                                     text11       000000
__Htext12                                     text12       000000
__Htext13                                     text13       000000
__Htext14                                     text14       000000
__Htext15                                     text15       000000
__Htext16                                     text16       000000
__Htext17                                     text17       000000
__Htext18                                     text18       000000
__Htext19                                     text19       000000
__Htext2                                      text2        000000
__Htext20                                     text20       000000
__Htext21                                     text21       000000
__Htext22                                     text22       000000
__Htext23                                     text23       000000
__Htext24                                     text24       000000
__Htext25                                     text25       000000
__Htext26                                     text26       000000
__Htext27                                     text27       000000
__Htext28                                     text28       000000
__Htext29                                     text29       000000
__Htext3                                      text3        000000
__Htext30                                     text30       000000
__Htext31                                     text31       000000
__Htext32                                     text32       000000
__Htext33                                     text33       000000
__Htext4                                      text4        000000
__Htext5                                      text5        000000
__Htext6                                      text6        000000
__Htext7                                      text7        000000
__Htext8                                      text8        000000
__Htext9                                      text9        000000
__LRAM                                        (abs)        000001
__L__absolute__                               __absolute__ 000000
__Labs1                                       abs1         000000
__Lbank0                                      bank0        000000
__Lbank1                                      bank1        000000
__Lbank10                                     bank10       000000
__Lbank11                                     bank11       000000
__Lbank12                                     bank12       000000
__Lbank13                                     bank13       000000
__Lbank14                                     bank14       000000
__Lbank15                                     bank15       000000
__Lbank2                                      bank2        000000
__Lbank3                                      bank3        000000
__Lbank4                                      bank4        000000
__Lbank5                                      bank5        000000
__Lbank6                                      bank6        000000
__Lbank7                                      bank7        000000
__Lbank8                                      bank8        000000
__Lbank9                                      bank9        000000
__Lbigbss                                     bigbss       000000
__Lbigdata                                    bigdata      000000
__Lbigram                                     bigram       000000
__Lbigsfr                                     bigsfr       000000
__Lbss                                        bss          000000
__LbssBANK0                                   bssBANK0     000000
__LbssBANK1                                   bssBANK1     000000
__LbssCOMRAM                                  bssCOMRAM    000000
__Lcinit                                      cinit        000000
__Lclrtext                                    clrtext      000000
__Lcomram                                     comram       000000
__Lconfig                                     config       000000
__Lconst                                      const        000000
__LcstackBANK0                                cstackBANK0  000000
__LcstackCOMRAM                               cstackCOMRAM 000000
__Ldata                                       data         000000
__LdataBANK0                                  dataBANK0    000000
__LdataBANK1                                  dataBANK1    000000
__LdataCOMRAM                                 dataCOMRAM   000000
__Leeprom_data                                eeprom_data  000000
__Lfarbss                                     farbss       000000
__Lfardata                                    fardata      000000
__Lheap                                       heap         000000
__Libigdata                                   ibigdata     000000
__Lidata                                      idata        000000
__LidataBANK0                                 idataBANK0   000000
__LidataBANK1                                 idataBANK1   000000
__LidataCOMRAM                                idataCOMRAM  000000
__Lidloc                                      idloc        000000
__Lifardata                                   ifardata     000000
__Linit                                       init         00001A
__Lintsave_regs                               intsave_regs 000000
__Lirdata                                     irdata       000000
__Livt0x8                                     ivt0x8       000008
__Lmediumconst                                mediumconst  000000
__LnvCOMRAM                                   nvCOMRAM     000000
__LnvFARRAM                                   nvFARRAM     000000
__Lnvbit                                      nvbit        000000
__Lnvrram                                     nvrram       000000
__Lparam                                      rparam       000000
__Lpowerup                                    powerup      000000
__Lram                                        ram          000000
__Lramtop                                     ramtop       001000
__Lrbit                                       rbit         000000
__Lrbss                                       rbss         000000
__Lrdata                                      rdata        000000
__Lreset_vec                                  reset_vec    000000
__Lrparam                                     rparam       000000
__Lsfr                                        sfr          000000
__Lsmallconst                                 smallconst   001000
__Lspace_0                                    (abs)        000000
__Lspace_1                                    (abs)        000000
__Lspace_2                                    (abs)        000000
__Lspace_4                                    (abs)        000000
__Lstack                                      stack        000000
__Lstruct                                     struct       000000
__Ltemp                                       temp         000000
__Ltext                                       text         000000
__Ltext0                                      text0        000000
__Ltext1                                      text1        000000
__Ltext10                                     text10       000000
__Ltext11                                     text11       000000
__Ltext12                                     text12       000000
__Ltext13                                     text13       000000
__Ltext14                                     text14       000000
__Ltext15                                     text15       000000
__Ltext16                                     text16       000000
__Ltext17                                     text17       000000
__Ltext18                                     text18       000000
__Ltext19                                     text19       000000
__Ltext2                                      text2        000000
__Ltext20                                     text20       000000
__Ltext21                                     text21       000000
__Ltext22                                     text22       000000
__Ltext23                                     text23       000000
__Ltext24                                     text24       000000
__Ltext25                                     text25       000000
__Ltext26                                     text26       000000
__Ltext27                                     text27       000000
__Ltext28                                     text28       000000
__Ltext29                                     text29       000000
__Ltext3                                      text3        000000
__Ltext30                                     text30       000000
__Ltext31                                     text31       000000
__Ltext32                                     text32       000000
__Ltext33                                     text33       000000
__Ltext4                                      text4        000000
__Ltext5                                      text5        000000
__Ltext6                                      text6        000000
__Ltext7                                      text7        000000
__Ltext8                                      text8        000000
__Ltext9                                      text9        000000
__S0                                          (abs)        001E1E
__S1                                          (abs)        000160
__S4                                          (abs)        000000
__S5                                          (abs)        000000
___heap_hi                                    (abs)        000000
___heap_lo                                    (abs)        000000
___inthi_sp                                   stack        000000
___intlo_sp                                   stack        000000
___lmul                                       text29       001A6C
___lmul@multiplicand                          cstackCOMRAM 00000C
___lmul@multiplier                            cstackCOMRAM 000008
___lmul@product                               cstackCOMRAM 000010
___param_bank                                 (abs)        000000
___rparam_used                                (abs)        000001
___sp                                         stack        000000
__accesstop                                   (abs)        000060
__activetblptr                                (abs)        000003
__end_of_ADCC_GetSingleConversion             text32       001C66
__end_of_ADCC_Initialize                      text25       001B9A
__end_of_FIR_pointer_sim                      text28       0015D2
__end_of_FVR_Initialize                       text24       001E14
__end_of_INTERRUPT_Initialize                 text23       001E18
__end_of_INTERRUPT_InterruptManager           text30       001D24
__end_of_OSCILLATOR_Initialize                text22       001DB0
__end_of_PIN_MANAGER_Initialize               text21       00182C
__end_of_PMD_Initialize                       text20       001CDC
__end_of_SPI1_ExchangeByte                    text27       001D00
__end_of_SPI1_Initialize                      text19       001D98
__end_of_SPI1_Open                            text26       0016AE
__end_of_SYSTEM_Initialize                    text12       001CB8
__end_of_TMR2_ISR                             text31       001786
__end_of_TMR2_Initialize                      text17       001C92
__end_of_TMR2_SetInterruptHandler             text18       001E0C
__end_of_UART1_DefaultErrorHandler            text11       001E1E
__end_of_UART1_DefaultFramingErrorHandler     text10       001E1C
__end_of_UART1_DefaultOverrunErrorHandler     text9        001E1A
__end_of_UART1_Initialize                     text13       001B3E
__end_of_UART1_Read                           text8        00195E
__end_of_UART1_SetErrorHandler                text16       001E02
__end_of_UART1_SetFramingErrorHandler         text15       001DF8
__end_of_UART1_SetOverrunErrorHandler         text14       001DEE
__end_of_UART1_Write                          text5        001D7E
__end_of___lmul                               text29       001AD6
__end_of__initialization                      cinit        0018C2
__end_of_abs_16                               text7        001C34
__end_of_categorize_number                    text3        0019E6
__end_of_main                                 text0        00140C
__end_of_reorder_array_pt                     text6        001A6C
__end_of_send_6F                              text4        001DC4
__end_of_send_number                          text2        001D64
__end_of_send_uart                            text1        001BEC
__end_of_spi1_configuration                   smallconst   001006
__initialization                              cinit        00182C
__mediumconst                                 mediumconst  000000
__pbssBANK0                                   bssBANK0     0000BA
__pbssBANK1                                   bssBANK1     000100
__pbssCOMRAM                                  bssCOMRAM    00004F
__pcinit                                      cinit        00182C
__pcstackBANK0                                cstackBANK0  000060
__pcstackCOMRAM                               cstackCOMRAM 000001
__pdataBANK0                                  dataBANK0    0000DD
__pdataBANK1                                  dataBANK1    000140
__pdataCOMRAM                                 dataCOMRAM   000037
__pidataBANK0                                 idataBANK0   001DD4
__pidataBANK1                                 idataBANK1   001D24
__pidataCOMRAM                                idataCOMRAM  001DC4
__pivt0x8                                     ivt0x8       000008
__pnvCOMRAM                                   nvCOMRAM     000047
__psmallconst                                 smallconst   001000
__ptext0                                      text0        001036
__ptext1                                      text1        001B9A
__ptext10                                     text10       001E1A
__ptext11                                     text11       001E1C
__ptext12                                     text12       001C92
__ptext13                                     text13       001AD6
__ptext14                                     text14       001DE4
__ptext15                                     text15       001DEE
__ptext16                                     text16       001DF8
__ptext17                                     text17       001C66
__ptext18                                     text18       001E02
__ptext19                                     text19       001D7E
__ptext2                                      text2        001D44
__ptext20                                     text20       001CB8
__ptext21                                     text21       001786
__ptext22                                     text22       001D98
__ptext23                                     text23       001E14
__ptext24                                     text24       001E0C
__ptext25                                     text25       001B3E
__ptext26                                     text26       0015D2
__ptext27                                     text27       001CDC
__ptext28                                     text28       00140C
__ptext29                                     text29       001A6C
__ptext3                                      text3        00195E
__ptext30                                     text30       001D00
__ptext31                                     text31       0016AE
__ptext32                                     text32       001C34
__ptext33                                     text33       000000
__ptext4                                      text4        001DB0
__ptext5                                      text5        001D64
__ptext6                                      text6        0019E6
__ptext7                                      text7        001BEC
__ptext8                                      text8        0018C8
__ptext9                                      text9        001E18
__ramtop                                      ramtop       001000
__smallconst                                  smallconst   001000
_abs_16                                       text7        001BEC
_adc_0                                        bssCOMRAM    000053
_adc_0_acc                                    bssBANK0     0000CA
_adc_1                                        bssCOMRAM    000051
_adc_1_acc                                    bssBANK0     0000C6
_avg_adc_0                                    bssBANK0     0000D0
_avg_adc_1                                    bssBANK0     0000CE
_categorize_number                            text3        00195E
_categorize_number$1563                       cstackCOMRAM 00001A
_categorize_number$1566                       cstackCOMRAM 00001C
_final_result_0                               bssBANK0     0000D8
_final_result_1                               bssBANK0     0000D6
_flag_meas_acc                                bssBANK0     0000DA
_flag_sim                                     bssBANK0     0000DC
_main                                         text0        001036
_ref_0                                        bssBANK0     0000D4
_ref_1                                        bssBANK0     0000D2
_reorder_array_pt                             text6        0019E6
_send_6F                                      text4        001DB0
_send_number                                  text2        001D44
_send_uart                                    text1        001B9A
_spi1_configuration                           smallconst   001001
_uart1RxLastError                             bssCOMRAM    000056
abs_16@num                                    cstackCOMRAM 000008
abs_16@resp                                   cstackCOMRAM 00000C
categorize_number@F16804                      dataCOMRAM   000037
categorize_number@ascii                       cstackCOMRAM 00001E
categorize_number@asciiValues                 cstackCOMRAM 00000A
categorize_number@mask                        cstackCOMRAM 000021
categorize_number@num                         cstackCOMRAM 000020
categorize_number@real_val                    cstackCOMRAM 00001F
categorize_number@sec                         cstackCOMRAM 000008
end_of_initialization                         cinit        0018C2
intlevel0                                     text         000000
intlevel1                                     text         000000
intlevel2                                     text         000000
intlevel3                                     text         000000
isa$std                                       (abs)        000001
isa$xinst                                     (abs)        000000
ivt0x8_base                                   ivt0x8       000008
main@ask_page                                 cstackBANK0  0000A9
main@digitos                                  cstackBANK0  0000A5
main@in_values_0                              cstackBANK0  000065
main@in_values_1                              cstackBANK0  000085
main@num                                      cstackBANK0  0000B1
main@num_page                                 cstackBANK0  0000B2
main@pt_FIR_num_sim                           cstackBANK0  0000AF
main@pt_in_values_0                           cstackBANK0  0000AB
main@pt_in_values_1                           cstackBANK0  0000AD
reorder_array_pt@arr                          cstackCOMRAM 000008
reorder_array_pt@array_size                   cstackCOMRAM 00000A
reorder_array_pt@i                            cstackCOMRAM 000012
reorder_array_pt@ptr                          cstackCOMRAM 000010
send_number@num                               cstackCOMRAM 000022
send_uart@i                                   cstackCOMRAM 00000F
send_uart@size                                cstackCOMRAM 00000B
send_uart@str                                 cstackCOMRAM 000009
stackhi                                       (abs)        000000
stacklo                                       (abs)        000000
start                                         init         00001A
start_initialization                          cinit        00182C


MODULE INFORMATION

Module		Function		Class		Link	Load	Size
C:\Program Files\Microchip\xc8\v2.41\pic\sources\c99\common\Umul32.c
		___lmul        		CODE           	1A6C	0000	106

C:\Program Files\Microchip\xc8\v2.41\pic\sources\c99\common\Umul32.c estimated size: 106

mcc_generated_files/fvr.c
		_FVR_Initialize		CODE           	1E0C	0000	8

mcc_generated_files/fvr.c estimated size: 8

mcc_generated_files/tmr2.c
		_TMR2_ISR      		CODE           	16AE	0000	216
		_TMR2_Initialize		CODE           	1C66	0000	44
		_TMR2_SetInterruptHandler		CODE           	1E02	0000	10

mcc_generated_files/tmr2.c estimated size: 270

mcc_generated_files/interrupt_manager.c
		_INTERRUPT_Initialize		CODE           	1E14	0000	4
		_INTERRUPT_InterruptManager		CODE           	1D00	0000	36

mcc_generated_files/interrupt_manager.c estimated size: 40

mcc_generated_files/pin_manager.c
		_PIN_MANAGER_Initialize		CODE           	1786	0000	166

mcc_generated_files/pin_manager.c estimated size: 166

mcc_generated_files/spi1.c
		_SPI1_Open     		CODE           	15D2	0000	220
		_SPI1_Initialize		CODE           	1D7E	0000	26
		_SPI1_ExchangeByte		CODE           	1CDC	0000	36

mcc_generated_files/spi1.c estimated size: 282

mcc_generated_files/uart1.c
		_UART1_Write   		CODE           	1D64	0000	26
		_UART1_SetFramingErrorHandler		CODE           	1DEE	0000	10
		_UART1_SetOverrunErrorHandler		CODE           	1DE4	0000	10
		_UART1_Initialize		CODE           	1AD6	0000	104
		_UART1_SetErrorHandler		CODE           	1DF8	0000	10
		_UART1_Read    		CODE           	18C8	0000	150
		_UART1_DefaultFramingErrorHandler		CODE           	1E1A	0000	2
		_UART1_DefaultErrorHandler		CODE           	1E1C	0000	2
		_UART1_DefaultOverrunErrorHandler		CODE           	1E18	0000	2

mcc_generated_files/uart1.c estimated size: 316

shared
		__initialization		CODE           	182C	0000	150
		_spi1_configuration		SMALLCONST     	1001	0000	5

shared estimated size: 155

mcc_generated_files/mcc.c
		_PMD_Initialize		CODE           	1CB8	0000	36
		_OSCILLATOR_Initialize		CODE           	1D98	0000	24
		_SYSTEM_Initialize		CODE           	1C92	0000	38

mcc_generated_files/mcc.c estimated size: 98

mcc_generated_files/adcc.c
		_ADCC_GetSingleConversion		CODE           	1C34	0000	50
		_ADCC_Initialize		CODE           	1B3E	0000	92

mcc_generated_files/adcc.c estimated size: 142

main.c
		_send_uart     		CODE           	1B9A	0000	82
		_main          		CODE           	1036	0000	982
		_abs_16        		CODE           	1BEC	0000	72
		_FIR_pointer_sim		CODE           	140C	0000	454
		_send_number   		CODE           	1D44	0000	32
		_categorize_number		CODE           	195E	0000	136
		_reorder_array_pt		CODE           	19E6	0000	134
		_send_6F       		CODE           	1DB0	0000	20

main.c estimated size: 1912

