Microchip MPLAB XC8 Compiler V2.41

Linker command line:

-W-3 \
  --edf=C:/Users/david/.mchp_packs/Microchip/PIC18F-K_DFP/1.11.281/xc8\pic\dat\20230721151103_en.msgs \
  -pivt0x8=08h -cn -h+dist/default/production\NEXTION_2.X.production.sym \
  --cmf=dist/default/production\NEXTION_2.X.production.cmf -z -Q18F46K42 \
  -oC:\Users\david\AppData\Local\Temp\xcBsj8o.1\driver_tmp_3.o \
  --defsym=__MPLAB_BUILD=1 --fixupoverflow=error \
  -Mdist/default/production/NEXTION_2.X.production.map \
  --md=C:\Users\david\AppData\Local\Temp\xcBsj8o.1\driver_tmp_0.dat -E1 \
  -ver=XC8 Compiler --acfsm=1493 -ACODE=00h-0FFFFh -ACONST=00h-0FFFFh \
  -ASMALLCONST=01000h-010FFhx240 -AMEDIUMCONST=01000h-0FFFFh \
  -ACOMRAM=01h-05Fh -AABS1=00h-0FFFh -ABIGRAM=01h-0FFFh \
  -ARAM=060h-0FFh,0100h-01FFhx15 -ABANK0=060h-0FFh -ABANK1=0100h-01FFh \
  -ABANK2=0200h-02FFh -ABANK3=0300h-03FFh -ABANK4=0400h-04FFh \
  -ABANK5=0500h-05FFh -ABANK6=0600h-06FFh -ABANK7=0700h-07FFh \
  -ABANK8=0800h-08FFh -ABANK9=0900h-09FFh -ABANK10=0A00h-0AFFh \
  -ABANK11=0B00h-0BFFh -ABANK12=0C00h-0CFFh -ABANK13=0D00h-0DFFh \
  -ABANK14=0E00h-0EFFh -ABANK15=0F00h-0FFFh \
  -ASFR=03800h-038FFhx7,03F00h-03F5Fh,03F60h-03FFFh -ABIGSFR=03800h-03FFFh \
  -ACONFIG=0300000h-0300009h -AIDLOC=0200000h-020000Fh \
  -AEEDATA=0310000h-03103FFh -peeprom_data=EEDATA -preset_vec=00h \
  -ppowerup=CODE,init -pramtop=01000h -psmallconst=SMALLCONST \
  -pmediumconst=MEDIUMCONST -pconst=CONST -AFARRAM=00h-00h \
  -prdata=COMRAM,nvrram=COMRAM,nvbit=COMRAM,rbss=COMRAM,rbit=COMRAM \
  -pfarbss=FARRAM,fardata=FARRAM,nvFARRAM=FARRAM \
  -pintsave_regs=BIGRAM,bigbss=BIGRAM,bigdata=BIGRAM -pbss=RAM \
  -pidata=CODE,irdata=CODE,ibigdata=CODE,ifardata=CODE -prparam=COMRAM \
  C:\Users\david\AppData\Local\Temp\xcBsj8o.1\driver_tmp_9.o \
  dist/default/production\NEXTION_2.X.production.o 

Object code version is 3.11

Machine type is 18F46K42



                Name                               Link     Load   Length Selector   Space Scale
C:\Users\david\AppData\Local\Temp\xcBsj8o.1\driver_tmp_9.o
                idloc                            200000   200000       10        0       5
                config                           300000   300000        A        0       4
                init                                 1A       1A        4        4       0
                reset_vec                             0        0        4        0       0
dist/default/production\NEXTION_2.X.production.o
                idloc                            200000   200000       10        0       5
                config                           300000   300000        A        0       4
                smallconst                         1000     1000       22      800       0
                ivt0x8                                8        8       12        4       0
                text44                             26AE     26AE       32      811       0
                text43                             1E5C     1E5C       D8      811       0
                text42                             282C     282C       10      811       0
                text41                             2738     2738       2C      811       0
                text40                             288A     288A        6      811       0
                text39                             289E     289E        2     144B       0
                text38                             289C     289C        2     144B       0
                text37                             2008     2008       BE      811       0
                text36                             262A     262A       44      811       0
                text35                             1F34     1F34       D4      811       0
                text34                             23B4     23B4       6A      811       0
                text33                             17CE     17CE      1CC      811       0
                text32                             25DA     25DA       50      811       0
                text31                             27B2     27B2       24      811       0
                text30                             1D80     1D80       DC      811       0
                text29                             24DA     24DA       5C      811       0
                text28                             2882     2882        8      811       0
                text27                             2896     2896        4     144B       0
                text26                             27F0     27F0       18      811       0
                text25                             20C6     20C6       A6      811       0
                text24                             278E     278E       24      811       0
                text23                             27D6     27D6       1A      811       0
                text22                             2878     2878        A      811       0
                text21                             270C     270C       2C      811       0
                text20                             286E     286E        A      811       0
                text19                             26E0     26E0       2C      811       0
                text18                             2864     2864        A      811       0
                text17                             285A     285A        A      811       0
                text16                             2850     2850        A      811       0
                text15                             2846     2846        A      811       0
                text14                             283C     283C        A      811       0
                text13                             216C     216C       A4      811       0
                text12                             2764     2764       2A      811       0
                text11                             2588     2588       52      811       0
                text10                             22A6     22A6       88      811       0
                text9                              247E     247E       5C      811       0
                text8                              1B16     1B16      168      811       0
                text7                              241E     241E       60      811       0
                text6                              1C7E     1C7E      102      811       0
                text5                              199A     199A      17C      811       0
                text4                              232E     232E       86      811       0
                text3                              2808     2808       14      811       0
                text2                              2536     2536       52      811       0
                text1                              281C     281C       10      811       0
                text0                              1022     1022      7AC      811       0
                cstackCOMRAM                          1        1       32        1       1
                cstackBANK0                          AA       AA        B       60       1
                cstackBANK2                         200      200       4A      200       1
                dataBANK1                           1B7      1B7       40      100       1
                bssBANK1                            100      100       B7      100       1
                dataBANK0                            BB       BB        5       60       1
                bssBANK0                             60       60       4A       60       1
                dataCOMRAM                           52       52        2        1       1
                bssCOMRAM                            33       33       1B        1       1
                cinit                              2210     2210       96      811       0
                nvBANK1                             1F7      1F7        4      100       1
                nvBANK0                              B5       B5        6       60       1
                nvCOMRAM                             4E       4E        4        1       1
                idataBANK1                         266E     266E       40      811       0
                idataBANK0                         2890     2890        5      811       0
                idataCOMRAM                        289A     289A        2     144B       0

TOTAL           Name                               Link     Load   Length     Space
        CLASS   CODE           
                init                                 1A       1A        4         0
                reset_vec                             0        0        4         0
                ivt0x8                                8        8       12         0
                text44                             26AE     26AE       32         0
                text43                             1E5C     1E5C       D8         0
                text42                             282C     282C       10         0
                text41                             2738     2738       2C         0
                text40                             288A     288A        6         0
                text39                             289E     289E        2         0
                text38                             289C     289C        2         0
                text37                             2008     2008       BE         0
                text36                             262A     262A       44         0
                text35                             1F34     1F34       D4         0
                text34                             23B4     23B4       6A         0
                text33                             17CE     17CE      1CC         0
                text32                             25DA     25DA       50         0
                text31                             27B2     27B2       24         0
                text30                             1D80     1D80       DC         0
                text29                             24DA     24DA       5C         0
                text28                             2882     2882        8         0
                text27                             2896     2896        4         0
                text26                             27F0     27F0       18         0
                text25                             20C6     20C6       A6         0
                text24                             278E     278E       24         0
                text23                             27D6     27D6       1A         0
                text22                             2878     2878        A         0
                text21                             270C     270C       2C         0
                text20                             286E     286E        A         0
                text19                             26E0     26E0       2C         0
                text18                             2864     2864        A         0
                text17                             285A     285A        A         0
                text16                             2850     2850        A         0
                text15                             2846     2846        A         0
                text14                             283C     283C        A         0
                text13                             216C     216C       A4         0
                text12                             2764     2764       2A         0
                text11                             2588     2588       52         0
                text10                             22A6     22A6       88         0
                text9                              247E     247E       5C         0
                text8                              1B16     1B16      168         0
                text7                              241E     241E       60         0
                text6                              1C7E     1C7E      102         0
                text5                              199A     199A      17C         0
                text4                              232E     232E       86         0
                text3                              2808     2808       14         0
                text2                              2536     2536       52         0
                text1                              281C     281C       10         0
                text0                              1022     1022      7AC         0
                cinit                              2210     2210       96         0
                idataBANK1                         266E     266E       40         0
                idataBANK0                         2890     2890        5         0
                idataCOMRAM                        289A     289A        2         0

        CLASS   CONST          

        CLASS   SMALLCONST     
                smallconst                         1000     1000       22         0

        CLASS   MEDIUMCONST    

        CLASS   COMRAM         
                cstackCOMRAM                          1        1       32         1
                dataCOMRAM                           52       52        2         1
                bssCOMRAM                            33       33       1B         1
                nvCOMRAM                             4E       4E        4         1

        CLASS   ABS1           

        CLASS   BIGRAM         

        CLASS   RAM            

        CLASS   BANK0          
                cstackBANK0                          AA       AA        B         1
                dataBANK0                            BB       BB        5         1
                bssBANK0                             60       60       4A         1
                nvBANK0                              B5       B5        6         1

        CLASS   BANK1          
                dataBANK1                           1B7      1B7       40         1
                bssBANK1                            100      100       B7         1
                nvBANK1                             1F7      1F7        4         1

        CLASS   BANK2          
                cstackBANK2                         200      200       4A         1

        CLASS   BANK3          

        CLASS   BANK4          

        CLASS   BANK5          

        CLASS   BANK6          

        CLASS   BANK7          

        CLASS   BANK8          

        CLASS   BANK9          

        CLASS   BANK10         

        CLASS   BANK11         

        CLASS   BANK12         

        CLASS   BANK13         

        CLASS   BANK14         

        CLASS   BANK15         

        CLASS   SFR            

        CLASS   BIGSFR         

        CLASS   CONFIG         
                config                           300000   300000        A         4

        CLASS   IDLOC          
                idloc                            200000   200000       10         5

        CLASS   EEDATA         

        CLASS   FARRAM         

        CLASS   HEAP           

        CLASS   STACK          



SEGMENTS        Name                           Load    Length   Top    Selector   Space  Class

                reset_vec                      000000  000004  000004         0       0  CODE    
                cstackCOMRAM                   000001  000053  000054         1       1  COMRAM  
                ivt0x8                         000008  000016  00001E         4       0  CODE    
                bssBANK0                       000060  000060  0000C0        60       1  BANK0   
                bssBANK1                       000100  0000FB  0001FB       100       1  BANK1   
                cstackBANK2                    000200  00004A  00024A       200       1  BANK2   
                smallconst                     001000  000022  001022       800       0  SMALLCON
                text0                          001022  001873  002895       811       0  CODE    
                text27                         002896  00000A  0028A0      144B       0  CODE    


UNUSED ADDRESS RANGES

        Name                Unused          Largest block    Delta
        BANK0            0000C0-0000FF               40
        BANK1            0001FB-0001FF                5
        BANK10           000A00-000AFF              100
        BANK11           000B00-000BFF              100
        BANK12           000C00-000CFF              100
        BANK13           000D00-000DFF              100
        BANK14           000E00-000EFF              100
        BANK15           000F00-000FFF              100
        BANK2            00024A-0002FF               B6
        BANK3            000300-0003FF              100
        BANK4            000400-0004FF              100
        BANK5            000500-0005FF              100
        BANK6            000600-0006FF              100
        BANK7            000700-0007FF              100
        BANK8            000800-0008FF              100
        BANK9            000900-0009FF              100
        BIGRAM           000054-00005F                C
                         0000C0-0000FF               40
                         0001FB-0001FF                5
                         00024A-000FFF              DB6
        BIGSFR           003800-003FFF              800
        CODE             000004-000007                4
                         00001E-000FFF              FE2
                         002895-002895                1
                         0028A0-00FFFF             D760
        COMRAM           000054-00005F                C
        CONST            000004-000007                4
                         00001E-000FFF              FE2
                         002895-002895                1
                         0028A0-00FFFF             D760
        EEDATA           310000-3103FF              400
        MEDIUMCONST      002895-002895                1
                         0028A0-00FFFF             D760
        RAM              0000C0-0000FF               40
                         0001FB-0001FF                5
                         00024A-000FFF              100
        SFR              003800-003FFF              100
        SMALLCONST       002895-002895                1
                         0028A0-00FFFF              100

                                  Symbol Table

?_ADCC_GetSingleConversion                    cstackCOMRAM 000001
?_FIR_pointer_sim                             cstackCOMRAM 000016
?___lmul                                      cstackCOMRAM 00000A
ADCC_GetSingleConversion@channel              cstackCOMRAM 000005
FIR_pointer_sim@flag                          cstackCOMRAM 00001E
FIR_pointer_sim@i                             cstackBANK0  0000AE
FIR_pointer_sim@in                            cstackCOMRAM 000016
FIR_pointer_sim@num                           cstackCOMRAM 000018
FIR_pointer_sim@resp                          cstackBANK0  0000AA
FIR_pointer_sim@size_in                       cstackCOMRAM 00001A
FIR_pointer_sim@size_num                      cstackCOMRAM 00001C
IVTBASEH                                      (abs)        003FD6
IVTBASEL                                      (abs)        003FD5
IVTBASEU                                      (abs)        003FD7
InitializeFIFO@targetFIFO                     cstackCOMRAM 00000A
SPI1_ExchangeByte@data                        cstackCOMRAM 00000A
SPI1_Open@spi1UniqueConfiguration             cstackCOMRAM 00000B
TMR2_ISR@counter                              bssCOMRAM    00003F
TMR2_ISR@state                                bssCOMRAM    000046
TMR2_SetInterruptHandler@InterruptHandler     cstackCOMRAM 00000A
TMR4_SetInterruptHandler@InterruptHandler     cstackCOMRAM 00000A
UART1_Read@readValue                          cstackCOMRAM 00000A
UART1_SetErrorHandler@interruptHandler        cstackCOMRAM 00000A
UART1_SetFramingErrorHandler@interruptHandler cstackCOMRAM 00000A
UART1_SetOverrunErrorHandler@interruptHandler cstackCOMRAM 00000A
UART1_SetRxInterruptHandler@InterruptHandler  cstackCOMRAM 00000A
UART1_SetTxInterruptHandler@InterruptHandler  cstackCOMRAM 00000A
UART1_Write@txData                            cstackCOMRAM 00000A
_ADACCH                                       (abs)        003EE9
_ADACCL                                       (abs)        003EE8
_ADACCU                                       (abs)        003EEA
_ADACQH                                       (abs)        003EF4
_ADACQL                                       (abs)        003EF3
_ADACT                                        (abs)        003EFE
_ADCAP                                        (abs)        003EF5
_ADCC_GetSingleConversion                     text44       0026AE
_ADCC_Initialize                              text29       0024DA
_ADCLK                                        (abs)        003EFF
_ADCNT                                        (abs)        003EEB
_ADCON0                                       (abs)        003EF8
_ADCON0bits                                   (abs)        003EF8
_ADCON1                                       (abs)        003EF9
_ADCON1bits                                   (abs)        003EF9
_ADCON2                                       (abs)        003EFA
_ADCON2bits                                   (abs)        003EFA
_ADCON3                                       (abs)        003EFB
_ADCON3bits                                   (abs)        003EFB
_ADERRH                                       (abs)        003EE3
_ADERRL                                       (abs)        003EE2
_ADFLTRH                                      (abs)        003EE7
_ADFLTRL                                      (abs)        003EE6
_ADLTHH                                       (abs)        003EDF
_ADLTHL                                       (abs)        003EDE
_ADPCH                                        (abs)        003EF1
_ADPREH                                       (abs)        003EF7
_ADPREL                                       (abs)        003EF6
_ADPREVH                                      (abs)        003EEE
_ADPREVL                                      (abs)        003EED
_ADREF                                        (abs)        003EFD
_ADRESH                                       (abs)        003EF0
_ADRESL                                       (abs)        003EEF
_ADRPT                                        (abs)        003EEC
_ADSTAT                                       (abs)        003EFC
_ADSTATbits                                   (abs)        003EFC
_ADSTPTH                                      (abs)        003EE5
_ADSTPTL                                      (abs)        003EE4
_ADUTHH                                       (abs)        003EE1
_ADUTHL                                       (abs)        003EE0
_ANSELA                                       (abs)        003A40
_ANSELB                                       (abs)        003A50
_ANSELC                                       (abs)        003A60
_ANSELD                                       (abs)        003A70
_ANSELE                                       (abs)        003A80
_FIR_num                                      dataBANK1    0001C7
_FIR_num_sim                                  dataBANK1    0001E7
_FIR_pointer_sim                              text33       0017CE
_FVRCON                                       (abs)        003EC1
_FVRCONbits                                   (abs)        003EC1
_FVR_Initialize                               text28       002882
_INLVLA                                       (abs)        003A44
_INLVLB                                       (abs)        003A54
_INLVLC                                       (abs)        003A64
_INLVLD                                       (abs)        003A74
_INLVLE                                       (abs)        003A84
_INTCON0bits                                  (abs)        003FD2
_INTERRUPT_Initialize                         text27       002896
_INTERRUPT_InterruptManager                   text35       001F34
_InitializeFIFO                               text32       0025DA
_LATA                                         (abs)        003FBA
_LATB                                         (abs)        003FBB
_LATC                                         (abs)        003FBC
_LATCbits                                     (abs)        003FBC
_LATD                                         (abs)        003FBD
_LATDbits                                     (abs)        003FBD
_LATE                                         (abs)        003FBE
_ODCONA                                       (abs)        003A42
_ODCONB                                       (abs)        003A52
_ODCONC                                       (abs)        003A62
_ODCOND                                       (abs)        003A72
_ODCONE                                       (abs)        003A82
_OSCCON1                                      (abs)        0039D9
_OSCCON3                                      (abs)        0039DB
_OSCEN                                        (abs)        0039DD
_OSCFRQ                                       (abs)        0039DF
_OSCILLATOR_Initialize                        text26       0027F0
_OSCTUNE                                      (abs)        0039DE
_PIE3bits                                     (abs)        003993
_PIE4bits                                     (abs)        003994
_PIE7bits                                     (abs)        003997
_PIN_MANAGER_Initialize                       text25       0020C6
_PIR2bits                                     (abs)        0039A2
_PIR3bits                                     (abs)        0039A3
_PIR4bits                                     (abs)        0039A4
_PIR7bits                                     (abs)        0039A7
_PMD0                                         (abs)        0039C0
_PMD1                                         (abs)        0039C1
_PMD2                                         (abs)        0039C2
_PMD3                                         (abs)        0039C3
_PMD4                                         (abs)        0039C4
_PMD5                                         (abs)        0039C5
_PMD6                                         (abs)        0039C6
_PMD7                                         (abs)        0039C7
_PMD_Initialize                               text24       00278E
_PR2                                          (abs)        003FAB
_PR4                                          (abs)        003F9F
_RB1I2C                                       (abs)        003A5A
_RB2I2C                                       (abs)        003A5B
_RC3I2C                                       (abs)        003A6A
_RC3PPS                                       (abs)        003A13
_RC4I2C                                       (abs)        003A6B
_RC5PPS                                       (abs)        003A15
_RC6PPS                                       (abs)        003A16
_RD0I2C                                       (abs)        003A7A
_RD1I2C                                       (abs)        003A7B
_SLRCONA                                      (abs)        003A43
_SLRCONB                                      (abs)        003A53
_SLRCONC                                      (abs)        003A63
_SLRCOND                                      (abs)        003A73
_SLRCONE                                      (abs)        003A83
_SPI1BAUD                                     (abs)        003D19
_SPI1CLK                                      (abs)        003D1C
_SPI1CON0                                     (abs)        003D14
_SPI1CON0bits                                 (abs)        003D14
_SPI1CON1                                     (abs)        003D15
_SPI1CON2                                     (abs)        003D16
_SPI1RXB                                      (abs)        003D10
_SPI1SCKPPS                                   (abs)        003ADE
_SPI1SDIPPS                                   (abs)        003ADF
_SPI1TCNTL                                    (abs)        003D12
_SPI1TXB                                      (abs)        003D11
_SPI1_ExchangeByte                            text31       0027B2
_SPI1_Initialize                              text23       0027D6
_SPI1_Open                                    text30       001D80
_SYSTEM_Initialize                            text12       002764
_T2CLKCON                                     (abs)        003FAE
_T2CON                                        (abs)        003FAC
_T2CONbits                                    (abs)        003FAC
_T2HLT                                        (abs)        003FAD
_T2HLTbits                                    (abs)        003FAD
_T2PR                                         (abs)        003FAB
_T2RST                                        (abs)        003FAF
_T2RSTbits                                    (abs)        003FAF
_T2TMR                                        (abs)        003FAA
_T4CLKCON                                     (abs)        003FA2
_T4CON                                        (abs)        003FA0
_T4CONbits                                    (abs)        003FA0
_T4HLT                                        (abs)        003FA1
_T4HLTbits                                    (abs)        003FA1
_T4PR                                         (abs)        003F9F
_T4RST                                        (abs)        003FA3
_T4RSTbits                                    (abs)        003FA3
_T4TMR                                        (abs)        003F9E
_TMR2                                         (abs)        003FAA
_TMR2_DefaultInterruptHandler                 (abs)        000000
_TMR2_ISR                                     text43       001E5C
_TMR2_Initialize                              text21       00270C
_TMR2_InterruptHandler                        nvBANK1      0001F9
_TMR2_SetInterruptHandler                     text22       002878
_TMR4                                         (abs)        003F9E
_TMR4_DefaultInterruptHandler                 (abs)        000000
_TMR4_ISR                                     text42       00282C
_TMR4_Initialize                              text19       0026E0
_TMR4_InterruptHandler                        nvBANK1      0001F7
_TMR4_SetInterruptHandler                     text20       00286E
_TRISA                                        (abs)        003FC2
_TRISB                                        (abs)        003FC3
_TRISC                                        (abs)        003FC4
_TRISCbits                                    (abs)        003FC4
_TRISD                                        (abs)        003FC5
_TRISE                                        (abs)        003FC6
_U1BRGH                                       (abs)        003DF6
_U1BRGL                                       (abs)        003DF5
_U1CON0                                       (abs)        003DF2
_U1CON1                                       (abs)        003DF3
_U1CON2                                       (abs)        003DF4
_U1ERRIE                                      (abs)        003DFA
_U1ERRIR                                      (abs)        003DF9
_U1ERRIRbits                                  (abs)        003DF9
_U1FIFO                                       (abs)        003DF7
_U1P1H                                        (abs)        003DED
_U1P1L                                        (abs)        003DEC
_U1P2H                                        (abs)        003DEF
_U1P2L                                        (abs)        003DEE
_U1P3H                                        (abs)        003DF1
_U1P3L                                        (abs)        003DF0
_U1RXB                                        (abs)        003DE8
_U1RXPPS                                      (abs)        003AE5
_U1TXB                                        (abs)        003DEA
_U1UIR                                        (abs)        003DF8
_UART1_DefaultErrorHandler                    text40       00288A
_UART1_DefaultFramingErrorHandler             text39       00289E
_UART1_DefaultOverrunErrorHandler             text38       00289C
_UART1_ErrorHandler                           nvBANK0      0000B5
_UART1_FramingErrorHandler                    nvBANK0      0000B9
_UART1_Initialize                             text13       00216C
_UART1_OverrunErrorHandler                    nvBANK0      0000B7
_UART1_Read                                   text11       002588
_UART1_Receive_ISR                            text37       002008
_UART1_RxDataHandler                          text41       002738
_UART1_RxInterruptHandler                     nvCOMRAM     000050
_UART1_SetErrorHandler                        text18       002864
_UART1_SetFramingErrorHandler                 text17       00285A
_UART1_SetOverrunErrorHandler                 text16       002850
_UART1_SetRxInterruptHandler                  text15       002846
_UART1_SetTxInterruptHandler                  text14       00283C
_UART1_Transmit_ISR                           text36       00262A
_UART1_TxInterruptHandler                     nvCOMRAM     00004E
_UART1_Write                                  text9        00247E
_WPUA                                         (abs)        003A41
_WPUB                                         (abs)        003A51
_WPUC                                         (abs)        003A61
_WPUD                                         (abs)        003A71
_WPUE                                         (abs)        003A81
__HRAM                                        (abs)        000000
__H__absolute__                               __absolute__ 000000
__Habs1                                       abs1         000000
__Hbank0                                      bank0        000000
__Hbank1                                      bank1        000000
__Hbank10                                     bank10       000000
__Hbank11                                     bank11       000000
__Hbank12                                     bank12       000000
__Hbank13                                     bank13       000000
__Hbank14                                     bank14       000000
__Hbank15                                     bank15       000000
__Hbank2                                      bank2        000000
__Hbank3                                      bank3        000000
__Hbank4                                      bank4        000000
__Hbank5                                      bank5        000000
__Hbank6                                      bank6        000000
__Hbank7                                      bank7        000000
__Hbank8                                      bank8        000000
__Hbank9                                      bank9        000000
__Hbigbss                                     bigbss       000000
__Hbigdata                                    bigdata      000000
__Hbigram                                     bigram       000000
__Hbigsfr                                     bigsfr       000000
__Hbss                                        bss          000000
__HbssBANK0                                   bssBANK0     000000
__HbssBANK1                                   bssBANK1     000000
__HbssCOMRAM                                  bssCOMRAM    000000
__Hcinit                                      cinit        000000
__Hclrtext                                    clrtext      000000
__Hcomram                                     comram       000000
__Hconfig                                     config       30000A
__Hconst                                      const        000000
__HcstackBANK0                                cstackBANK0  000000
__HcstackBANK2                                cstackBANK2  000000
__HcstackCOMRAM                               cstackCOMRAM 000000
__Hdata                                       data         000000
__HdataBANK0                                  dataBANK0    000000
__HdataBANK1                                  dataBANK1    000000
__HdataCOMRAM                                 dataCOMRAM   000000
__Heeprom_data                                eeprom_data  000000
__Hfarbss                                     farbss       000000
__Hfardata                                    fardata      000000
__Hheap                                       heap         000000
__Hibigdata                                   ibigdata     000000
__Hidata                                      idata        000000
__HidataBANK0                                 idataBANK0   000000
__HidataBANK1                                 idataBANK1   000000
__HidataCOMRAM                                idataCOMRAM  000000
__Hidloc                                      idloc        200010
__Hifardata                                   ifardata     000000
__Hinit                                       init         00001E
__Hintsave_regs                               intsave_regs 000000
__Hirdata                                     irdata       000000
__Hivt0x8                                     ivt0x8       00001A
__Hmediumconst                                mediumconst  000000
__HnvBANK0                                    nvBANK0      000000
__HnvBANK1                                    nvBANK1      000000
__HnvCOMRAM                                   nvCOMRAM     000000
__HnvFARRAM                                   nvFARRAM     000000
__Hnvbit                                      nvbit        000000
__Hnvrram                                     nvrram       000000
__Hparam                                      rparam       000000
__Hpowerup                                    powerup      000000
__Hram                                        ram          000000
__Hramtop                                     ramtop       001000
__Hrbit                                       rbit         000000
__Hrbss                                       rbss         000000
__Hrdata                                      rdata        000000
__Hreset_vec                                  reset_vec    000004
__Hrparam                                     rparam       000000
__Hsfr                                        sfr          000000
__Hsmallconst                                 smallconst   001022
__Hspace_0                                    (abs)        0028A0
__Hspace_1                                    (abs)        00024A
__Hspace_2                                    (abs)        000000
__Hspace_4                                    (abs)        60000A
__Hstack                                      stack        000000
__Hstruct                                     struct       000000
__Htemp                                       temp         000000
__Htext                                       text         000000
__Htext0                                      text0        000000
__Htext1                                      text1        000000
__Htext10                                     text10       000000
__Htext11                                     text11       000000
__Htext12                                     text12       000000
__Htext13                                     text13       000000
__Htext14                                     text14       000000
__Htext15                                     text15       000000
__Htext16                                     text16       000000
__Htext17                                     text17       000000
__Htext18                                     text18       000000
__Htext19                                     text19       000000
__Htext2                                      text2        000000
__Htext20                                     text20       000000
__Htext21                                     text21       000000
__Htext22                                     text22       000000
__Htext23                                     text23       000000
__Htext24                                     text24       000000
__Htext25                                     text25       000000
__Htext26                                     text26       000000
__Htext27                                     text27       000000
__Htext28                                     text28       000000
__Htext29                                     text29       000000
__Htext3                                      text3        000000
__Htext30                                     text30       000000
__Htext31                                     text31       000000
__Htext32                                     text32       000000
__Htext33                                     text33       000000
__Htext34                                     text34       000000
__Htext35                                     text35       000000
__Htext36                                     text36       000000
__Htext37                                     text37       000000
__Htext38                                     text38       000000
__Htext39                                     text39       000000
__Htext4                                      text4        000000
__Htext40                                     text40       000000
__Htext41                                     text41       000000
__Htext42                                     text42       000000
__Htext43                                     text43       000000
__Htext44                                     text44       000000
__Htext45                                     text45       000000
__Htext5                                      text5        000000
__Htext6                                      text6        000000
__Htext7                                      text7        000000
__Htext8                                      text8        000000
__Htext9                                      text9        000000
__LRAM                                        (abs)        000001
__L__absolute__                               __absolute__ 000000
__Labs1                                       abs1         000000
__Lbank0                                      bank0        000000
__Lbank1                                      bank1        000000
__Lbank10                                     bank10       000000
__Lbank11                                     bank11       000000
__Lbank12                                     bank12       000000
__Lbank13                                     bank13       000000
__Lbank14                                     bank14       000000
__Lbank15                                     bank15       000000
__Lbank2                                      bank2        000000
__Lbank3                                      bank3        000000
__Lbank4                                      bank4        000000
__Lbank5                                      bank5        000000
__Lbank6                                      bank6        000000
__Lbank7                                      bank7        000000
__Lbank8                                      bank8        000000
__Lbank9                                      bank9        000000
__Lbigbss                                     bigbss       000000
__Lbigdata                                    bigdata      000000
__Lbigram                                     bigram       000000
__Lbigsfr                                     bigsfr       000000
__Lbss                                        bss          000000
__LbssBANK0                                   bssBANK0     000000
__LbssBANK1                                   bssBANK1     000000
__LbssCOMRAM                                  bssCOMRAM    000000
__Lcinit                                      cinit        000000
__Lclrtext                                    clrtext      000000
__Lcomram                                     comram       000000
__Lconfig                                     config       000000
__Lconst                                      const        000000
__LcstackBANK0                                cstackBANK0  000000
__LcstackBANK2                                cstackBANK2  000000
__LcstackCOMRAM                               cstackCOMRAM 000000
__Ldata                                       data         000000
__LdataBANK0                                  dataBANK0    000000
__LdataBANK1                                  dataBANK1    000000
__LdataCOMRAM                                 dataCOMRAM   000000
__Leeprom_data                                eeprom_data  000000
__Lfarbss                                     farbss       000000
__Lfardata                                    fardata      000000
__Lheap                                       heap         000000
__Libigdata                                   ibigdata     000000
__Lidata                                      idata        000000
__LidataBANK0                                 idataBANK0   000000
__LidataBANK1                                 idataBANK1   000000
__LidataCOMRAM                                idataCOMRAM  000000
__Lidloc                                      idloc        000000
__Lifardata                                   ifardata     000000
__Linit                                       init         00001A
__Lintsave_regs                               intsave_regs 000000
__Lirdata                                     irdata       000000
__Livt0x8                                     ivt0x8       000008
__Lmediumconst                                mediumconst  000000
__LnvBANK0                                    nvBANK0      000000
__LnvBANK1                                    nvBANK1      000000
__LnvCOMRAM                                   nvCOMRAM     000000
__LnvFARRAM                                   nvFARRAM     000000
__Lnvbit                                      nvbit        000000
__Lnvrram                                     nvrram       000000
__Lparam                                      rparam       000000
__Lpowerup                                    powerup      000000
__Lram                                        ram          000000
__Lramtop                                     ramtop       001000
__Lrbit                                       rbit         000000
__Lrbss                                       rbss         000000
__Lrdata                                      rdata        000000
__Lreset_vec                                  reset_vec    000000
__Lrparam                                     rparam       000000
__Lsfr                                        sfr          000000
__Lsmallconst                                 smallconst   001000
__Lspace_0                                    (abs)        000000
__Lspace_1                                    (abs)        000000
__Lspace_2                                    (abs)        000000
__Lspace_4                                    (abs)        000000
__Lstack                                      stack        000000
__Lstruct                                     struct       000000
__Ltemp                                       temp         000000
__Ltext                                       text         000000
__Ltext0                                      text0        000000
__Ltext1                                      text1        000000
__Ltext10                                     text10       000000
__Ltext11                                     text11       000000
__Ltext12                                     text12       000000
__Ltext13                                     text13       000000
__Ltext14                                     text14       000000
__Ltext15                                     text15       000000
__Ltext16                                     text16       000000
__Ltext17                                     text17       000000
__Ltext18                                     text18       000000
__Ltext19                                     text19       000000
__Ltext2                                      text2        000000
__Ltext20                                     text20       000000
__Ltext21                                     text21       000000
__Ltext22                                     text22       000000
__Ltext23                                     text23       000000
__Ltext24                                     text24       000000
__Ltext25                                     text25       000000
__Ltext26                                     text26       000000
__Ltext27                                     text27       000000
__Ltext28                                     text28       000000
__Ltext29                                     text29       000000
__Ltext3                                      text3        000000
__Ltext30                                     text30       000000
__Ltext31                                     text31       000000
__Ltext32                                     text32       000000
__Ltext33                                     text33       000000
__Ltext34                                     text34       000000
__Ltext35                                     text35       000000
__Ltext36                                     text36       000000
__Ltext37                                     text37       000000
__Ltext38                                     text38       000000
__Ltext39                                     text39       000000
__Ltext4                                      text4        000000
__Ltext40                                     text40       000000
__Ltext41                                     text41       000000
__Ltext42                                     text42       000000
__Ltext43                                     text43       000000
__Ltext44                                     text44       000000
__Ltext45                                     text45       000000
__Ltext5                                      text5        000000
__Ltext6                                      text6        000000
__Ltext7                                      text7        000000
__Ltext8                                      text8        000000
__Ltext9                                      text9        000000
__S0                                          (abs)        0028A0
__S1                                          (abs)        00024A
__S4                                          (abs)        000000
__S5                                          (abs)        000000
___heap_hi                                    (abs)        000000
___heap_lo                                    (abs)        000000
___inthi_sp                                   stack        000000
___intlo_sp                                   stack        000000
___lmul                                       text34       0023B4
___lmul@multiplicand                          cstackCOMRAM 00000E
___lmul@multiplier                            cstackCOMRAM 00000A
___lmul@product                               cstackCOMRAM 000012
___param_bank                                 (abs)        000000
___rparam_used                                (abs)        000001
___sp                                         stack        000000
__accesstop                                   (abs)        000060
__activetblptr                                (abs)        000003
__end_of_ADCC_GetSingleConversion             text44       0026E0
__end_of_ADCC_Initialize                      text29       002536
__end_of_FIR_pointer_sim                      text33       00199A
__end_of_FVR_Initialize                       text28       00288A
__end_of_INTERRUPT_Initialize                 text27       00289A
__end_of_INTERRUPT_InterruptManager           text35       002008
__end_of_InitializeFIFO                       text32       00262A
__end_of_OSCILLATOR_Initialize                text26       002808
__end_of_PIN_MANAGER_Initialize               text25       00216C
__end_of_PMD_Initialize                       text24       0027B2
__end_of_SPI1_ExchangeByte                    text31       0027D6
__end_of_SPI1_Initialize                      text23       0027F0
__end_of_SPI1_Open                            text30       001E5C
__end_of_SYSTEM_Initialize                    text12       00278E
__end_of_TMR2_ISR                             text43       001F34
__end_of_TMR2_Initialize                      text21       002738
__end_of_TMR2_SetInterruptHandler             text22       002882
__end_of_TMR4_ISR                             text42       00283C
__end_of_TMR4_Initialize                      text19       00270C
__end_of_TMR4_SetInterruptHandler             text20       002878
__end_of_UART1_DefaultErrorHandler            text40       002890
__end_of_UART1_DefaultFramingErrorHandler     text39       0028A0
__end_of_UART1_DefaultOverrunErrorHandler     text38       00289E
__end_of_UART1_Initialize                     text13       002210
__end_of_UART1_Read                           text11       0025DA
__end_of_UART1_Receive_ISR                    text37       0020C6
__end_of_UART1_RxDataHandler                  text41       002764
__end_of_UART1_SetErrorHandler                text18       00286E
__end_of_UART1_SetFramingErrorHandler         text17       002864
__end_of_UART1_SetOverrunErrorHandler         text16       00285A
__end_of_UART1_SetRxInterruptHandler          text15       002850
__end_of_UART1_SetTxInterruptHandler          text14       002846
__end_of_UART1_Transmit_ISR                   text36       00266E
__end_of_UART1_Write                          text9        0024DA
__end_of___lmul                               text34       00241E
__end_of__initialization                      cinit        0022A0
__end_of_categorize_number                    text10       00232E
__end_of_checkBoundaries                      text7        00247E
__end_of_get_page                             text8        001C7E
__end_of_main                                 text0        0017CE
__end_of_popData                              text6        001D80
__end_of_pushString                           text5        001B16
__end_of_reorder_array_pt                     text4        0023B4
__end_of_send_6F                              text3        00281C
__end_of_send_uart                            text2        002588
__end_of_spi1_configuration                   smallconst   001006
__end_of_statusFIFO                           text1        00282C
__initialization                              cinit        002210
__mediumconst                                 mediumconst  000000
__pbssBANK0                                   bssBANK0     000060
__pbssBANK1                                   bssBANK1     000100
__pbssCOMRAM                                  bssCOMRAM    000033
__pcinit                                      cinit        002210
__pcstackBANK0                                cstackBANK0  0000AA
__pcstackBANK2                                cstackBANK2  000200
__pcstackCOMRAM                               cstackCOMRAM 000001
__pdataBANK0                                  dataBANK0    0000BB
__pdataBANK1                                  dataBANK1    0001B7
__pdataCOMRAM                                 dataCOMRAM   000052
__pidataBANK0                                 idataBANK0   002890
__pidataBANK1                                 idataBANK1   00266E
__pidataCOMRAM                                idataCOMRAM  00289A
__pivt0x8                                     ivt0x8       000008
__pnvBANK0                                    nvBANK0      0000B5
__pnvBANK1                                    nvBANK1      0001F7
__pnvCOMRAM                                   nvCOMRAM     00004E
__psmallconst                                 smallconst   001000
__ptext0                                      text0        001022
__ptext1                                      text1        00281C
__ptext10                                     text10       0022A6
__ptext11                                     text11       002588
__ptext12                                     text12       002764
__ptext13                                     text13       00216C
__ptext14                                     text14       00283C
__ptext15                                     text15       002846
__ptext16                                     text16       002850
__ptext17                                     text17       00285A
__ptext18                                     text18       002864
__ptext19                                     text19       0026E0
__ptext2                                      text2        002536
__ptext20                                     text20       00286E
__ptext21                                     text21       00270C
__ptext22                                     text22       002878
__ptext23                                     text23       0027D6
__ptext24                                     text24       00278E
__ptext25                                     text25       0020C6
__ptext26                                     text26       0027F0
__ptext27                                     text27       002896
__ptext28                                     text28       002882
__ptext29                                     text29       0024DA
__ptext3                                      text3        002808
__ptext30                                     text30       001D80
__ptext31                                     text31       0027B2
__ptext32                                     text32       0025DA
__ptext33                                     text33       0017CE
__ptext34                                     text34       0023B4
__ptext35                                     text35       001F34
__ptext36                                     text36       00262A
__ptext37                                     text37       002008
__ptext38                                     text38       00289C
__ptext39                                     text39       00289E
__ptext4                                      text4        00232E
__ptext40                                     text40       00288A
__ptext41                                     text41       002738
__ptext42                                     text42       00282C
__ptext43                                     text43       001E5C
__ptext44                                     text44       0026AE
__ptext45                                     text45       000000
__ptext5                                      text5        00199A
__ptext6                                      text6        001C7E
__ptext7                                      text7        00241E
__ptext8                                      text8        001B16
__ptext9                                      text9        00247E
__ramtop                                      ramtop       001000
__smallconst                                  smallconst   001000
_adc_0                                        bssCOMRAM    000043
_adc_0_acc                                    bssBANK0     00008C
_adc_1                                        bssCOMRAM    000041
_adc_1_acc                                    bssBANK0     000088
_ask_gain                                     bssCOMRAM    000039
_ask_page                                     bssBANK0     000096
_avg_adc_0                                    bssBANK0     00009A
_avg_adc_1                                    bssBANK0     000098
_categorize_number                            text10       0022A6
_categorize_number$1732                       cstackCOMRAM 00001E
_categorize_number$1735                       cstackCOMRAM 000020
_checkBoundaries                              text7        00241E
_eusart1                                      dataCOMRAM   000052
_final_result_0                               bssBANK0     0000A2
_final_result_1                               bssBANK0     0000A0
_final_result_send_0                          bssCOMRAM    00003D
_final_result_send_1                          bssCOMRAM    00003B
_flag_meas_acc                                bssBANK0     0000A4
_flag_sim                                     bssBANK0     0000A6
_gain                                         dataBANK0    0000BB
_get_page                                     text8        001B16
_main                                         text0        001022
_num_gain                                     bssBANK1     000140
_num_page                                     bssBANK0     000060
_popData                                      text6        001C7E
_pos_num_page                                 bssBANK0     000090
_pushString                                   text5        00199A
_ref_0                                        bssBANK0     00009E
_ref_1                                        bssBANK0     00009C
_reorder_array_pt                             text4        00232E
_send_6F                                      text3        002808
_send_Fs                                      dataBANK0    0000BC
_send_fifo                                    bssBANK0     000092
_send_gain                                    bssBANK0     000094
_send_result                                  bssBANK0     0000A7
_send_uart                                    text2        002536
_sent_fifo                                    bssBANK0     000084
_spi1_configuration                           smallconst   001001
_state_get_gain                               bssCOMRAM    000035
_state_get_page                               bssCOMRAM    000037
_state_send_final_0                           bssCOMRAM    000033
_statusFIFO                                   text1        00281C
_struct_eusart1                               bssBANK1     00014D
_timerINT                                     bssCOMRAM    000045
_uart1RxBuffer                                bssBANK0     000070
_uart1RxCount                                 bssCOMRAM    000048
_uart1RxHead                                  bssCOMRAM    00004A
_uart1RxLastError                             bssCOMRAM    000047
_uart1RxStatusBuffer                          bssBANK0     000068
_uart1RxTail                                  bssCOMRAM    000049
_uart1TxBuffer                                bssBANK0     000078
_uart1TxBufferRemaining                       bssCOMRAM    00004B
_uart1TxHead                                  bssCOMRAM    00004D
_uart1TxTail                                  bssCOMRAM    00004C
categorize_number@F16940                      dataBANK1    0001B7
categorize_number@ascii                       cstackCOMRAM 00001C
categorize_number@asciiValues                 cstackCOMRAM 00000C
categorize_number@mask                        cstackCOMRAM 000023
categorize_number@num                         cstackCOMRAM 000022
categorize_number@real_val                    cstackCOMRAM 00001D
categorize_number@sec                         cstackCOMRAM 00000A
checkBoundaries@bufferPointer                 cstackCOMRAM 00000C
checkBoundaries@targetFIFO                    cstackCOMRAM 00000A
end_of_initialization                         cinit        0022A0
intlevel0                                     text         000000
intlevel1                                     text         000000
intlevel2                                     text         000000
intlevel3                                     text         000000
isa$std                                       (abs)        000001
isa$xinst                                     (abs)        000000
ivt0x8_base                                   ivt0x8       000008
main@digitos                                  cstackBANK2  000200
main@in_values_0                              cstackBANK2  000204
main@in_values_1                              cstackBANK2  000224
main@pt_FIR_num_sim                           cstackBANK2  000248
main@pt_in_values_0                           cstackBANK2  000244
main@pt_in_values_1                           cstackBANK2  000246
popData@currentChar                           cstackCOMRAM 000018
popData@targetFIFO                            cstackCOMRAM 000012
pushString@letterCounter                      cstackCOMRAM 00001A
pushString@newString                          cstackCOMRAM 000014
pushString@targetFIFO                         cstackCOMRAM 000012
reorder_array_pt@arr                          cstackCOMRAM 00000A
reorder_array_pt@array_size                   cstackCOMRAM 00000C
reorder_array_pt@i                            cstackCOMRAM 000014
reorder_array_pt@ptr                          cstackCOMRAM 000012
send_uart@i                                   cstackCOMRAM 000011
send_uart@size                                cstackCOMRAM 00000D
send_uart@str                                 cstackCOMRAM 00000B
stackhi                                       (abs)        000000
stacklo                                       (abs)        000000
start                                         init         00001A
start_initialization                          cinit        002210
statusFIFO@targetFIFO                         cstackCOMRAM 00000A


MODULE INFORMATION

Module		Function		Class		Link	Load	Size
C:\Program Files\Microchip\xc8\v2.41\pic\sources\c99\common\Umul32.c
		___lmul        		CODE           	23B4	0000	106

C:\Program Files\Microchip\xc8\v2.41\pic\sources\c99\common\Umul32.c estimated size: 106

mcc_generated_files/fvr.c
		_FVR_Initialize		CODE           	2882	0000	8

mcc_generated_files/fvr.c estimated size: 8

mcc_generated_files/tmr4.c
		_TMR4_ISR      		CODE           	282C	0000	16
		_TMR4_Initialize		CODE           	26E0	0000	44
		_TMR4_SetInterruptHandler		CODE           	286E	0000	10

mcc_generated_files/tmr4.c estimated size: 70

mcc_generated_files/tmr2.c
		_TMR2_ISR      		CODE           	1E5C	0000	216
		_TMR2_Initialize		CODE           	270C	0000	44
		_TMR2_SetInterruptHandler		CODE           	2878	0000	10

mcc_generated_files/tmr2.c estimated size: 270

mcc_generated_files/interrupt_manager.c
		_INTERRUPT_Initialize		CODE           	2896	0000	4
		_INTERRUPT_InterruptManager		CODE           	1F34	0000	212

mcc_generated_files/interrupt_manager.c estimated size: 216

mcc_generated_files/pin_manager.c
		_PIN_MANAGER_Initialize		CODE           	20C6	0000	166

mcc_generated_files/pin_manager.c estimated size: 166

mcc_generated_files/spi1.c
		_SPI1_Open     		CODE           	1D80	0000	220
		_SPI1_Initialize		CODE           	27D6	0000	26
		_SPI1_ExchangeByte		CODE           	27B2	0000	36

mcc_generated_files/spi1.c estimated size: 282

mcc_generated_files/uart1.c
		_UART1_Write   		CODE           	247E	0000	92
		_UART1_SetFramingErrorHandler		CODE           	285A	0000	10
		_UART1_SetOverrunErrorHandler		CODE           	2850	0000	10
		_UART1_Receive_ISR		CODE           	2008	0000	190
		_UART1_SetRxInterruptHandler		CODE           	2846	0000	10
		_UART1_SetTxInterruptHandler		CODE           	283C	0000	10
		_UART1_Initialize		CODE           	216C	0000	164
		_UART1_SetErrorHandler		CODE           	2864	0000	10
		_UART1_Transmit_ISR		CODE           	262A	0000	68
		_UART1_Read    		CODE           	2588	0000	82
		_UART1_DefaultFramingErrorHandler		CODE           	289E	0000	2
		_UART1_DefaultErrorHandler		CODE           	288A	0000	6
		_UART1_RxDataHandler		CODE           	2738	0000	44
		_UART1_DefaultOverrunErrorHandler		CODE           	289C	0000	2

mcc_generated_files/uart1.c estimated size: 700

shared
		__initialization		CODE           	2210	0000	144
		_spi1_configuration		SMALLCONST     	1001	0000	5

shared estimated size: 149

mcc_generated_files/mcc.c
		_PMD_Initialize		CODE           	278E	0000	36
		_OSCILLATOR_Initialize		CODE           	27F0	0000	24
		_SYSTEM_Initialize		CODE           	2764	0000	42

mcc_generated_files/mcc.c estimated size: 102

mcc_generated_files/adcc.c
		_ADCC_GetSingleConversion		CODE           	26AE	0000	50
		_ADCC_Initialize		CODE           	24DA	0000	92

mcc_generated_files/adcc.c estimated size: 142

main.c
		_send_uart     		CODE           	2536	0000	82
		_checkBoundaries		CODE           	241E	0000	96
		_main          		CODE           	1022	0000	1964
		_pushString    		CODE           	199A	0000	380
		_FIR_pointer_sim		CODE           	17CE	0000	460
		_categorize_number		CODE           	22A6	0000	136
		_reorder_array_pt		CODE           	232E	0000	134
		_InitializeFIFO		CODE           	25DA	0000	80
		_popData       		CODE           	1C7E	0000	258
		_statusFIFO    		CODE           	281C	0000	16
		_send_6F       		CODE           	2808	0000	20
		_get_page      		CODE           	1B16	0000	360

main.c estimated size: 3986

