Microchip MPLAB XC8 Compiler V2.41

Linker command line:

-W-3 \
  --edf=C:/Users/david/.mchp_packs/Microchip/PIC18F-K_DFP/1.11.281/xc8\pic\dat\20230721151103_en.msgs \
  -pivt0x8=08h -cn -h+dist/default/production\NEXTION_4.X.production.sym \
  --cmf=dist/default/production\NEXTION_4.X.production.cmf -z -Q18F46K42 \
  -oC:\Users\david\AppData\Local\Temp\xcAsms8.\driver_tmp_3.o \
  --defsym=__MPLAB_BUILD=1 --fixupoverflow=error \
  -Mdist/default/production/NEXTION_4.X.production.map \
  --md=C:\Users\david\AppData\Local\Temp\xcAsms8.\driver_tmp_0.dat -E1 \
  -ver=XC8 Compiler --acfsm=1493 -ACODE=00h-0FFFFh -ACONST=00h-0FFFFh \
  -ASMALLCONST=01000h-010FFhx240 -AMEDIUMCONST=01000h-0FFFFh \
  -ACOMRAM=01h-05Fh -AABS1=00h-0FFFh -ABIGRAM=01h-0FFFh \
  -ARAM=060h-0FFh,0100h-01FFhx15 -ABANK0=060h-0FFh -ABANK1=0100h-01FFh \
  -ABANK2=0200h-02FFh -ABANK3=0300h-03FFh -ABANK4=0400h-04FFh \
  -ABANK5=0500h-05FFh -ABANK6=0600h-06FFh -ABANK7=0700h-07FFh \
  -ABANK8=0800h-08FFh -ABANK9=0900h-09FFh -ABANK10=0A00h-0AFFh \
  -ABANK11=0B00h-0BFFh -ABANK12=0C00h-0CFFh -ABANK13=0D00h-0DFFh \
  -ABANK14=0E00h-0EFFh -ABANK15=0F00h-0FFFh \
  -ASFR=03800h-038FFhx7,03F00h-03F5Fh,03F60h-03FFFh -ABIGSFR=03800h-03FFFh \
  -ACONFIG=0300000h-0300009h -AIDLOC=0200000h-020000Fh \
  -AEEDATA=0310000h-03103FFh -peeprom_data=EEDATA -preset_vec=00h \
  -ppowerup=CODE,init -pramtop=01000h -psmallconst=SMALLCONST \
  -pmediumconst=MEDIUMCONST -pconst=CONST -AFARRAM=00h-00h \
  -prdata=COMRAM,nvrram=COMRAM,nvbit=COMRAM,rbss=COMRAM,rbit=COMRAM \
  -pfarbss=FARRAM,fardata=FARRAM,nvFARRAM=FARRAM \
  -pintsave_regs=BIGRAM,bigbss=BIGRAM,bigdata=BIGRAM -pbss=RAM \
  -pidata=CODE,irdata=CODE,ibigdata=CODE,ifardata=CODE -prparam=COMRAM \
  C:\Users\david\AppData\Local\Temp\xcAsms8.\driver_tmp_9.o \
  dist/default/production\NEXTION_4.X.production.o 

Object code version is 3.11

Machine type is 18F46K42



                Name                               Link     Load   Length Selector   Space Scale
C:\Users\david\AppData\Local\Temp\xcAsms8.\driver_tmp_9.o
                idloc                            200000   200000       10        0       5
                config                           300000   300000        A        0       4
                init                                 1A       1A        4        4       0
                reset_vec                             0        0        4        0       0
dist/default/production\NEXTION_4.X.production.o
                idloc                            200000   200000       10        0       5
                config                           300000   300000        A        0       4
                smallconst                         1000     1000       62      800       0
                ivt0x8                                8        8       12        4       0
                text46                             2CB4     2CB4       32      831       0
                text45                             240C     240C       D8      831       0
                text44                             2E32     2E32       10      831       0
                text43                             2D3E     2D3E       2C      831       0
                text42                             2E90     2E90        6      831       0
                text41                             2EA2     2EA2        2      831       0
                text40                             2EA0     2EA0        2      831       0
                text39                             25B8     25B8       C0      831       0
                text38                             2C30     2C30       44      831       0
                text37                             24E4     24E4       D4      831       0
                text36                             2972     2972       6A      831       0
                text35                             1C1E     1C1E      1CC      831       0
                text34                             2B98     2B98       50      831       0
                text33                             2DB8     2DB8       24      831       0
                text32                             2330     2330       DC      831       0
                text31                             2A98     2A98       5C      831       0
                text30                             2E88     2E88        8      831       0
                text29                             2E9A     2E9A        4      831       0
                text28                             2DF6     2DF6       18      831       0
                text27                             2678     2678       A6      831       0
                text26                             2D94     2D94       24      831       0
                text25                             2DDC     2DDC       1A      831       0
                text24                             2E7E     2E7E        A      831       0
                text23                             2D12     2D12       2C      831       0
                text22                             2E74     2E74        A      831       0
                text21                             2CE6     2CE6       2C      831       0
                text20                             2E6A     2E6A        A      831       0
                text19                             2E60     2E60        A      831       0
                text18                             2E56     2E56        A      831       0
                text17                             2E4C     2E4C        A      831       0
                text16                             2E42     2E42        A      831       0
                text15                             271E     271E       A4      831       0
                text14                             2D6A     2D6A       2A      831       0
                text13                             2B46     2B46       52      831       0
                text12                             2BE8     2BE8       48      831       0
                text11                             2864     2864       88      831       0
                text10                             2A3C     2A3C       5C      831       0
                text9                              20CA     20CA      164      831       0
                text8                              1F66     1F66      164      831       0
                text7                              29DC     29DC       60      831       0
                text6                              222E     222E      102      831       0
                text5                              1DEA     1DEA      17C      831       0
                text4                              28EC     28EC       86      831       0
                text3                              2E0E     2E0E       14      831       0
                text2                              2AF4     2AF4       52      831       0
                text1                              2E22     2E22       10      831       0
                text0                              1062     1062      BBC      831       0
                cstackCOMRAM                          1        1       32        1       1
                cstackBANK0                          AD       AD        B       60       1
                cstackBANK1                         100      100       4E      100       1
                bssBANK2                            200      200       CE      200       1
                dataBANK1                           19B      19B       40      100       1
                bssBANK1                            14E      14E       4D      100       1
                dataBANK0                            B8       B8        4       60       1
                bssBANK0                             60       60       4D       60       1
                dataCOMRAM                           52       52        2        1       1
                bssCOMRAM                            33       33       19        1       1
                cinit                              27C2     27C2       A2      831       0
                nvBANK1                             1DB      1DB        8      100       1
                nvCOMRAM                             4C       4C        6        1       1
                idataBANK1                         2C74     2C74       40      831       0
                idataBANK0                         2E96     2E96        4      831       0
                idataCOMRAM                        2E9E     2E9E        2      831       0

TOTAL           Name                               Link     Load   Length     Space
        CLASS   CODE           
                init                                 1A       1A        4         0
                reset_vec                             0        0        4         0
                ivt0x8                                8        8       12         0
                text46                             2CB4     2CB4       32         0
                text45                             240C     240C       D8         0
                text44                             2E32     2E32       10         0
                text43                             2D3E     2D3E       2C         0
                text42                             2E90     2E90        6         0
                text41                             2EA2     2EA2        2         0
                text40                             2EA0     2EA0        2         0
                text39                             25B8     25B8       C0         0
                text38                             2C30     2C30       44         0
                text37                             24E4     24E4       D4         0
                text36                             2972     2972       6A         0
                text35                             1C1E     1C1E      1CC         0
                text34                             2B98     2B98       50         0
                text33                             2DB8     2DB8       24         0
                text32                             2330     2330       DC         0
                text31                             2A98     2A98       5C         0
                text30                             2E88     2E88        8         0
                text29                             2E9A     2E9A        4         0
                text28                             2DF6     2DF6       18         0
                text27                             2678     2678       A6         0
                text26                             2D94     2D94       24         0
                text25                             2DDC     2DDC       1A         0
                text24                             2E7E     2E7E        A         0
                text23                             2D12     2D12       2C         0
                text22                             2E74     2E74        A         0
                text21                             2CE6     2CE6       2C         0
                text20                             2E6A     2E6A        A         0
                text19                             2E60     2E60        A         0
                text18                             2E56     2E56        A         0
                text17                             2E4C     2E4C        A         0
                text16                             2E42     2E42        A         0
                text15                             271E     271E       A4         0
                text14                             2D6A     2D6A       2A         0
                text13                             2B46     2B46       52         0
                text12                             2BE8     2BE8       48         0
                text11                             2864     2864       88         0
                text10                             2A3C     2A3C       5C         0
                text9                              20CA     20CA      164         0
                text8                              1F66     1F66      164         0
                text7                              29DC     29DC       60         0
                text6                              222E     222E      102         0
                text5                              1DEA     1DEA      17C         0
                text4                              28EC     28EC       86         0
                text3                              2E0E     2E0E       14         0
                text2                              2AF4     2AF4       52         0
                text1                              2E22     2E22       10         0
                text0                              1062     1062      BBC         0
                cinit                              27C2     27C2       A2         0
                idataBANK1                         2C74     2C74       40         0
                idataBANK0                         2E96     2E96        4         0
                idataCOMRAM                        2E9E     2E9E        2         0

        CLASS   CONST          

        CLASS   SMALLCONST     
                smallconst                         1000     1000       62         0

        CLASS   MEDIUMCONST    

        CLASS   COMRAM         
                cstackCOMRAM                          1        1       32         1
                dataCOMRAM                           52       52        2         1
                bssCOMRAM                            33       33       19         1
                nvCOMRAM                             4C       4C        6         1

        CLASS   ABS1           

        CLASS   BIGRAM         

        CLASS   RAM            

        CLASS   BANK0          
                cstackBANK0                          AD       AD        B         1
                dataBANK0                            B8       B8        4         1
                bssBANK0                             60       60       4D         1

        CLASS   BANK1          
                cstackBANK1                         100      100       4E         1
                dataBANK1                           19B      19B       40         1
                bssBANK1                            14E      14E       4D         1
                nvBANK1                             1DB      1DB        8         1

        CLASS   BANK2          
                bssBANK2                            200      200       CE         1

        CLASS   BANK3          

        CLASS   BANK4          

        CLASS   BANK5          

        CLASS   BANK6          

        CLASS   BANK7          

        CLASS   BANK8          

        CLASS   BANK9          

        CLASS   BANK10         

        CLASS   BANK11         

        CLASS   BANK12         

        CLASS   BANK13         

        CLASS   BANK14         

        CLASS   BANK15         

        CLASS   SFR            

        CLASS   BIGSFR         

        CLASS   CONFIG         
                config                           300000   300000        A         4

        CLASS   IDLOC          
                idloc                            200000   200000       10         5

        CLASS   EEDATA         

        CLASS   FARRAM         

        CLASS   HEAP           

        CLASS   STACK          



SEGMENTS        Name                           Load    Length   Top    Selector   Space  Class

                reset_vec                      000000  000004  000004         0       0  CODE    
                cstackCOMRAM                   000001  000053  000054         1       1  COMRAM  
                ivt0x8                         000008  000016  00001E         4       0  CODE    
                bssBANK0                       000060  00005C  0000BC        60       1  BANK0   
                cstackBANK1                    000100  0000E3  0001E3       100       1  BANK1   
                bssBANK2                       000200  0000CE  0002CE       200       1  BANK2   
                smallconst                     001000  000062  001062       800       0  SMALLCON
                text0                          001062  001E42  002EA4       831       0  CODE    


UNUSED ADDRESS RANGES

        Name                Unused          Largest block    Delta
        BANK0            0000BC-0000FF               44
        BANK1            0001E3-0001FF               1D
        BANK10           000A00-000AFF              100
        BANK11           000B00-000BFF              100
        BANK12           000C00-000CFF              100
        BANK13           000D00-000DFF              100
        BANK14           000E00-000EFF              100
        BANK15           000F00-000FFF              100
        BANK2            0002CE-0002FF               32
        BANK3            000300-0003FF              100
        BANK4            000400-0004FF              100
        BANK5            000500-0005FF              100
        BANK6            000600-0006FF              100
        BANK7            000700-0007FF              100
        BANK8            000800-0008FF              100
        BANK9            000900-0009FF              100
        BIGRAM           000054-00005F                C
                         0000BC-0000FF               44
                         0001E3-0001FF               1D
                         0002CE-000FFF              D32
        BIGSFR           003800-003FFF              800
        CODE             000004-000007                4
                         00001E-000FFF              FE2
                         002EA4-00FFFF             D15C
        COMRAM           000054-00005F                C
        CONST            000004-000007                4
                         00001E-000FFF              FE2
                         002EA4-00FFFF             D15C
        EEDATA           310000-3103FF              400
        MEDIUMCONST      002EA4-00FFFF             D15C
        RAM              0000BC-0000FF               44
                         0001E3-0001FF               1D
                         0002CE-000FFF              100
        SFR              003800-003FFF              100
        SMALLCONST       002EA4-00FFFF              100

                                  Symbol Table

?_ADCC_GetSingleConversion                    cstackCOMRAM 000001
?_FIR_pointer_sim                             cstackCOMRAM 000016
?___lmul                                      cstackCOMRAM 00000A
?_abs_16                                      cstackCOMRAM 00000A
ADCC_GetSingleConversion@channel              cstackCOMRAM 000005
FIR_pointer_sim@flag                          cstackCOMRAM 00001E
FIR_pointer_sim@i                             cstackBANK0  0000B1
FIR_pointer_sim@in                            cstackCOMRAM 000016
FIR_pointer_sim@num                           cstackCOMRAM 000018
FIR_pointer_sim@resp                          cstackBANK0  0000AD
FIR_pointer_sim@size_in                       cstackCOMRAM 00001A
FIR_pointer_sim@size_num                      cstackCOMRAM 00001C
IVTBASEH                                      (abs)        003FD6
IVTBASEL                                      (abs)        003FD5
IVTBASEU                                      (abs)        003FD7
InitializeFIFO@targetFIFO                     cstackCOMRAM 00000A
SPI1_ExchangeByte@data                        cstackCOMRAM 00000A
SPI1_Open@spi1UniqueConfiguration             cstackCOMRAM 00000B
TMR2_ISR@counter                              bssCOMRAM    00003D
TMR2_ISR@state                                bssCOMRAM    000044
TMR2_SetInterruptHandler@InterruptHandler     cstackCOMRAM 00000A
TMR4_SetInterruptHandler@InterruptHandler     cstackCOMRAM 00000A
UART1_Read@readValue                          cstackCOMRAM 00000A
UART1_SetErrorHandler@interruptHandler        cstackCOMRAM 00000A
UART1_SetFramingErrorHandler@interruptHandler cstackCOMRAM 00000A
UART1_SetOverrunErrorHandler@interruptHandler cstackCOMRAM 00000A
UART1_SetRxInterruptHandler@InterruptHandler  cstackCOMRAM 00000A
UART1_SetTxInterruptHandler@InterruptHandler  cstackCOMRAM 00000A
UART1_Write@txData                            cstackCOMRAM 00000A
_ADACCH                                       (abs)        003EE9
_ADACCL                                       (abs)        003EE8
_ADACCU                                       (abs)        003EEA
_ADACQH                                       (abs)        003EF4
_ADACQL                                       (abs)        003EF3
_ADACT                                        (abs)        003EFE
_ADCAP                                        (abs)        003EF5
_ADCC_GetSingleConversion                     text46       002CB4
_ADCC_Initialize                              text31       002A98
_ADCLK                                        (abs)        003EFF
_ADCNT                                        (abs)        003EEB
_ADCON0                                       (abs)        003EF8
_ADCON0bits                                   (abs)        003EF8
_ADCON1                                       (abs)        003EF9
_ADCON1bits                                   (abs)        003EF9
_ADCON2                                       (abs)        003EFA
_ADCON2bits                                   (abs)        003EFA
_ADCON3                                       (abs)        003EFB
_ADCON3bits                                   (abs)        003EFB
_ADERRH                                       (abs)        003EE3
_ADERRL                                       (abs)        003EE2
_ADFLTRH                                      (abs)        003EE7
_ADFLTRL                                      (abs)        003EE6
_ADLTHH                                       (abs)        003EDF
_ADLTHL                                       (abs)        003EDE
_ADPCH                                        (abs)        003EF1
_ADPREH                                       (abs)        003EF7
_ADPREL                                       (abs)        003EF6
_ADPREVH                                      (abs)        003EEE
_ADPREVL                                      (abs)        003EED
_ADREF                                        (abs)        003EFD
_ADRESH                                       (abs)        003EF0
_ADRESL                                       (abs)        003EEF
_ADRPT                                        (abs)        003EEC
_ADSTAT                                       (abs)        003EFC
_ADSTATbits                                   (abs)        003EFC
_ADSTPTH                                      (abs)        003EE5
_ADSTPTL                                      (abs)        003EE4
_ADUTHH                                       (abs)        003EE1
_ADUTHL                                       (abs)        003EE0
_ANSELA                                       (abs)        003A40
_ANSELB                                       (abs)        003A50
_ANSELC                                       (abs)        003A60
_ANSELD                                       (abs)        003A70
_ANSELE                                       (abs)        003A80
_FIR_num                                      dataBANK1    0001AB
_FIR_num_sim                                  dataBANK1    0001CB
_FIR_pointer_sim                              text35       001C1E
_FVRCON                                       (abs)        003EC1
_FVRCONbits                                   (abs)        003EC1
_FVR_Initialize                               text30       002E88
_INLVLA                                       (abs)        003A44
_INLVLB                                       (abs)        003A54
_INLVLC                                       (abs)        003A64
_INLVLD                                       (abs)        003A74
_INLVLE                                       (abs)        003A84
_INTCON0bits                                  (abs)        003FD2
_INTERRUPT_Initialize                         text29       002E9A
_INTERRUPT_InterruptManager                   text37       0024E4
_InitializeFIFO                               text34       002B98
_LATA                                         (abs)        003FBA
_LATB                                         (abs)        003FBB
_LATC                                         (abs)        003FBC
_LATCbits                                     (abs)        003FBC
_LATD                                         (abs)        003FBD
_LATDbits                                     (abs)        003FBD
_LATE                                         (abs)        003FBE
_ODCONA                                       (abs)        003A42
_ODCONB                                       (abs)        003A52
_ODCONC                                       (abs)        003A62
_ODCOND                                       (abs)        003A72
_ODCONE                                       (abs)        003A82
_OSCCON1                                      (abs)        0039D9
_OSCCON3                                      (abs)        0039DB
_OSCEN                                        (abs)        0039DD
_OSCFRQ                                       (abs)        0039DF
_OSCILLATOR_Initialize                        text28       002DF6
_OSCTUNE                                      (abs)        0039DE
_PIE3bits                                     (abs)        003993
_PIE4bits                                     (abs)        003994
_PIE7bits                                     (abs)        003997
_PIN_MANAGER_Initialize                       text27       002678
_PIR2bits                                     (abs)        0039A2
_PIR3bits                                     (abs)        0039A3
_PIR4bits                                     (abs)        0039A4
_PIR7bits                                     (abs)        0039A7
_PMD0                                         (abs)        0039C0
_PMD1                                         (abs)        0039C1
_PMD2                                         (abs)        0039C2
_PMD3                                         (abs)        0039C3
_PMD4                                         (abs)        0039C4
_PMD5                                         (abs)        0039C5
_PMD6                                         (abs)        0039C6
_PMD7                                         (abs)        0039C7
_PMD_Initialize                               text26       002D94
_PR2                                          (abs)        003FAB
_PR4                                          (abs)        003F9F
_RB1I2C                                       (abs)        003A5A
_RB2I2C                                       (abs)        003A5B
_RC3I2C                                       (abs)        003A6A
_RC3PPS                                       (abs)        003A13
_RC4I2C                                       (abs)        003A6B
_RC5PPS                                       (abs)        003A15
_RC6PPS                                       (abs)        003A16
_RD0I2C                                       (abs)        003A7A
_RD1I2C                                       (abs)        003A7B
_SLRCONA                                      (abs)        003A43
_SLRCONB                                      (abs)        003A53
_SLRCONC                                      (abs)        003A63
_SLRCOND                                      (abs)        003A73
_SLRCONE                                      (abs)        003A83
_SPI1BAUD                                     (abs)        003D19
_SPI1CLK                                      (abs)        003D1C
_SPI1CON0                                     (abs)        003D14
_SPI1CON0bits                                 (abs)        003D14
_SPI1CON1                                     (abs)        003D15
_SPI1CON2                                     (abs)        003D16
_SPI1RXB                                      (abs)        003D10
_SPI1SCKPPS                                   (abs)        003ADE
_SPI1SDIPPS                                   (abs)        003ADF
_SPI1TCNTL                                    (abs)        003D12
_SPI1TXB                                      (abs)        003D11
_SPI1_ExchangeByte                            text33       002DB8
_SPI1_Initialize                              text25       002DDC
_SPI1_Open                                    text32       002330
_SYSTEM_Initialize                            text14       002D6A
_T2CLKCON                                     (abs)        003FAE
_T2CON                                        (abs)        003FAC
_T2CONbits                                    (abs)        003FAC
_T2HLT                                        (abs)        003FAD
_T2HLTbits                                    (abs)        003FAD
_T2PR                                         (abs)        003FAB
_T2RST                                        (abs)        003FAF
_T2RSTbits                                    (abs)        003FAF
_T2TMR                                        (abs)        003FAA
_T4CLKCON                                     (abs)        003FA2
_T4CON                                        (abs)        003FA0
_T4CONbits                                    (abs)        003FA0
_T4HLT                                        (abs)        003FA1
_T4HLTbits                                    (abs)        003FA1
_T4PR                                         (abs)        003F9F
_T4RST                                        (abs)        003FA3
_T4RSTbits                                    (abs)        003FA3
_T4TMR                                        (abs)        003F9E
_TMR2                                         (abs)        003FAA
_TMR2_DefaultInterruptHandler                 (abs)        000000
_TMR2_ISR                                     text45       00240C
_TMR2_Initialize                              text23       002D12
_TMR2_InterruptHandler                        nvBANK1      0001DD
_TMR2_SetInterruptHandler                     text24       002E7E
_TMR4                                         (abs)        003F9E
_TMR4_DefaultInterruptHandler                 (abs)        000000
_TMR4_ISR                                     text44       002E32
_TMR4_Initialize                              text21       002CE6
_TMR4_InterruptHandler                        nvBANK1      0001DB
_TMR4_SetInterruptHandler                     text22       002E74
_TRISA                                        (abs)        003FC2
_TRISB                                        (abs)        003FC3
_TRISC                                        (abs)        003FC4
_TRISCbits                                    (abs)        003FC4
_TRISD                                        (abs)        003FC5
_TRISE                                        (abs)        003FC6
_U1BRGH                                       (abs)        003DF6
_U1BRGL                                       (abs)        003DF5
_U1CON0                                       (abs)        003DF2
_U1CON1                                       (abs)        003DF3
_U1CON2                                       (abs)        003DF4
_U1ERRIE                                      (abs)        003DFA
_U1ERRIR                                      (abs)        003DF9
_U1ERRIRbits                                  (abs)        003DF9
_U1FIFO                                       (abs)        003DF7
_U1P1H                                        (abs)        003DED
_U1P1L                                        (abs)        003DEC
_U1P2H                                        (abs)        003DEF
_U1P2L                                        (abs)        003DEE
_U1P3H                                        (abs)        003DF1
_U1P3L                                        (abs)        003DF0
_U1RXB                                        (abs)        003DE8
_U1RXPPS                                      (abs)        003AE5
_U1TXB                                        (abs)        003DEA
_U1UIR                                        (abs)        003DF8
_UART1_DefaultErrorHandler                    text42       002E90
_UART1_DefaultFramingErrorHandler             text41       002EA2
_UART1_DefaultOverrunErrorHandler             text40       002EA0
_UART1_ErrorHandler                           nvBANK1      0001DF
_UART1_FramingErrorHandler                    nvCOMRAM     00004C
_UART1_Initialize                             text15       00271E
_UART1_OverrunErrorHandler                    nvBANK1      0001E1
_UART1_Read                                   text13       002B46
_UART1_Receive_ISR                            text39       0025B8
_UART1_RxDataHandler                          text43       002D3E
_UART1_RxInterruptHandler                     nvCOMRAM     000050
_UART1_SetErrorHandler                        text20       002E6A
_UART1_SetFramingErrorHandler                 text19       002E60
_UART1_SetOverrunErrorHandler                 text18       002E56
_UART1_SetRxInterruptHandler                  text17       002E4C
_UART1_SetTxInterruptHandler                  text16       002E42
_UART1_Transmit_ISR                           text38       002C30
_UART1_TxInterruptHandler                     nvCOMRAM     00004E
_UART1_Write                                  text10       002A3C
_WPUA                                         (abs)        003A41
_WPUB                                         (abs)        003A51
_WPUC                                         (abs)        003A61
_WPUD                                         (abs)        003A71
_WPUE                                         (abs)        003A81
__HRAM                                        (abs)        000000
__H__absolute__                               __absolute__ 000000
__Habs1                                       abs1         000000
__Hbank0                                      bank0        000000
__Hbank1                                      bank1        000000
__Hbank10                                     bank10       000000
__Hbank11                                     bank11       000000
__Hbank12                                     bank12       000000
__Hbank13                                     bank13       000000
__Hbank14                                     bank14       000000
__Hbank15                                     bank15       000000
__Hbank2                                      bank2        000000
__Hbank3                                      bank3        000000
__Hbank4                                      bank4        000000
__Hbank5                                      bank5        000000
__Hbank6                                      bank6        000000
__Hbank7                                      bank7        000000
__Hbank8                                      bank8        000000
__Hbank9                                      bank9        000000
__Hbigbss                                     bigbss       000000
__Hbigdata                                    bigdata      000000
__Hbigram                                     bigram       000000
__Hbigsfr                                     bigsfr       000000
__Hbss                                        bss          000000
__HbssBANK0                                   bssBANK0     000000
__HbssBANK1                                   bssBANK1     000000
__HbssBANK2                                   bssBANK2     000000
__HbssCOMRAM                                  bssCOMRAM    000000
__Hcinit                                      cinit        000000
__Hclrtext                                    clrtext      000000
__Hcomram                                     comram       000000
__Hconfig                                     config       30000A
__Hconst                                      const        000000
__HcstackBANK0                                cstackBANK0  000000
__HcstackBANK1                                cstackBANK1  000000
__HcstackCOMRAM                               cstackCOMRAM 000000
__Hdata                                       data         000000
__HdataBANK0                                  dataBANK0    000000
__HdataBANK1                                  dataBANK1    000000
__HdataCOMRAM                                 dataCOMRAM   000000
__Heeprom_data                                eeprom_data  000000
__Hfarbss                                     farbss       000000
__Hfardata                                    fardata      000000
__Hheap                                       heap         000000
__Hibigdata                                   ibigdata     000000
__Hidata                                      idata        000000
__HidataBANK0                                 idataBANK0   000000
__HidataBANK1                                 idataBANK1   000000
__HidataCOMRAM                                idataCOMRAM  000000
__Hidloc                                      idloc        200010
__Hifardata                                   ifardata     000000
__Hinit                                       init         00001E
__Hintsave_regs                               intsave_regs 000000
__Hirdata                                     irdata       000000
__Hivt0x8                                     ivt0x8       00001A
__Hmediumconst                                mediumconst  000000
__HnvBANK1                                    nvBANK1      000000
__HnvCOMRAM                                   nvCOMRAM     000000
__HnvFARRAM                                   nvFARRAM     000000
__Hnvbit                                      nvbit        000000
__Hnvrram                                     nvrram       000000
__Hparam                                      rparam       000000
__Hpowerup                                    powerup      000000
__Hram                                        ram          000000
__Hramtop                                     ramtop       001000
__Hrbit                                       rbit         000000
__Hrbss                                       rbss         000000
__Hrdata                                      rdata        000000
__Hreset_vec                                  reset_vec    000004
__Hrparam                                     rparam       000000
__Hsfr                                        sfr          000000
__Hsmallconst                                 smallconst   001062
__Hspace_0                                    (abs)        002EA4
__Hspace_1                                    (abs)        0002CE
__Hspace_2                                    (abs)        000000
__Hspace_4                                    (abs)        60000A
__Hstack                                      stack        000000
__Hstruct                                     struct       000000
__Htemp                                       temp         000000
__Htext                                       text         000000
__Htext0                                      text0        000000
__Htext1                                      text1        000000
__Htext10                                     text10       000000
__Htext11                                     text11       000000
__Htext12                                     text12       000000
__Htext13                                     text13       000000
__Htext14                                     text14       000000
__Htext15                                     text15       000000
__Htext16                                     text16       000000
__Htext17                                     text17       000000
__Htext18                                     text18       000000
__Htext19                                     text19       000000
__Htext2                                      text2        000000
__Htext20                                     text20       000000
__Htext21                                     text21       000000
__Htext22                                     text22       000000
__Htext23                                     text23       000000
__Htext24                                     text24       000000
__Htext25                                     text25       000000
__Htext26                                     text26       000000
__Htext27                                     text27       000000
__Htext28                                     text28       000000
__Htext29                                     text29       000000
__Htext3                                      text3        000000
__Htext30                                     text30       000000
__Htext31                                     text31       000000
__Htext32                                     text32       000000
__Htext33                                     text33       000000
__Htext34                                     text34       000000
__Htext35                                     text35       000000
__Htext36                                     text36       000000
__Htext37                                     text37       000000
__Htext38                                     text38       000000
__Htext39                                     text39       000000
__Htext4                                      text4        000000
__Htext40                                     text40       000000
__Htext41                                     text41       000000
__Htext42                                     text42       000000
__Htext43                                     text43       000000
__Htext44                                     text44       000000
__Htext45                                     text45       000000
__Htext46                                     text46       000000
__Htext47                                     text47       000000
__Htext5                                      text5        000000
__Htext6                                      text6        000000
__Htext7                                      text7        000000
__Htext8                                      text8        000000
__Htext9                                      text9        000000
__LRAM                                        (abs)        000001
__L__absolute__                               __absolute__ 000000
__Labs1                                       abs1         000000
__Lbank0                                      bank0        000000
__Lbank1                                      bank1        000000
__Lbank10                                     bank10       000000
__Lbank11                                     bank11       000000
__Lbank12                                     bank12       000000
__Lbank13                                     bank13       000000
__Lbank14                                     bank14       000000
__Lbank15                                     bank15       000000
__Lbank2                                      bank2        000000
__Lbank3                                      bank3        000000
__Lbank4                                      bank4        000000
__Lbank5                                      bank5        000000
__Lbank6                                      bank6        000000
__Lbank7                                      bank7        000000
__Lbank8                                      bank8        000000
__Lbank9                                      bank9        000000
__Lbigbss                                     bigbss       000000
__Lbigdata                                    bigdata      000000
__Lbigram                                     bigram       000000
__Lbigsfr                                     bigsfr       000000
__Lbss                                        bss          000000
__LbssBANK0                                   bssBANK0     000000
__LbssBANK1                                   bssBANK1     000000
__LbssBANK2                                   bssBANK2     000000
__LbssCOMRAM                                  bssCOMRAM    000000
__Lcinit                                      cinit        000000
__Lclrtext                                    clrtext      000000
__Lcomram                                     comram       000000
__Lconfig                                     config       000000
__Lconst                                      const        000000
__LcstackBANK0                                cstackBANK0  000000
__LcstackBANK1                                cstackBANK1  000000
__LcstackCOMRAM                               cstackCOMRAM 000000
__Ldata                                       data         000000
__LdataBANK0                                  dataBANK0    000000
__LdataBANK1                                  dataBANK1    000000
__LdataCOMRAM                                 dataCOMRAM   000000
__Leeprom_data                                eeprom_data  000000
__Lfarbss                                     farbss       000000
__Lfardata                                    fardata      000000
__Lheap                                       heap         000000
__Libigdata                                   ibigdata     000000
__Lidata                                      idata        000000
__LidataBANK0                                 idataBANK0   000000
__LidataBANK1                                 idataBANK1   000000
__LidataCOMRAM                                idataCOMRAM  000000
__Lidloc                                      idloc        000000
__Lifardata                                   ifardata     000000
__Linit                                       init         00001A
__Lintsave_regs                               intsave_regs 000000
__Lirdata                                     irdata       000000
__Livt0x8                                     ivt0x8       000008
__Lmediumconst                                mediumconst  000000
__LnvBANK1                                    nvBANK1      000000
__LnvCOMRAM                                   nvCOMRAM     000000
__LnvFARRAM                                   nvFARRAM     000000
__Lnvbit                                      nvbit        000000
__Lnvrram                                     nvrram       000000
__Lparam                                      rparam       000000
__Lpowerup                                    powerup      000000
__Lram                                        ram          000000
__Lramtop                                     ramtop       001000
__Lrbit                                       rbit         000000
__Lrbss                                       rbss         000000
__Lrdata                                      rdata        000000
__Lreset_vec                                  reset_vec    000000
__Lrparam                                     rparam       000000
__Lsfr                                        sfr          000000
__Lsmallconst                                 smallconst   001000
__Lspace_0                                    (abs)        000000
__Lspace_1                                    (abs)        000000
__Lspace_2                                    (abs)        000000
__Lspace_4                                    (abs)        000000
__Lstack                                      stack        000000
__Lstruct                                     struct       000000
__Ltemp                                       temp         000000
__Ltext                                       text         000000
__Ltext0                                      text0        000000
__Ltext1                                      text1        000000
__Ltext10                                     text10       000000
__Ltext11                                     text11       000000
__Ltext12                                     text12       000000
__Ltext13                                     text13       000000
__Ltext14                                     text14       000000
__Ltext15                                     text15       000000
__Ltext16                                     text16       000000
__Ltext17                                     text17       000000
__Ltext18                                     text18       000000
__Ltext19                                     text19       000000
__Ltext2                                      text2        000000
__Ltext20                                     text20       000000
__Ltext21                                     text21       000000
__Ltext22                                     text22       000000
__Ltext23                                     text23       000000
__Ltext24                                     text24       000000
__Ltext25                                     text25       000000
__Ltext26                                     text26       000000
__Ltext27                                     text27       000000
__Ltext28                                     text28       000000
__Ltext29                                     text29       000000
__Ltext3                                      text3        000000
__Ltext30                                     text30       000000
__Ltext31                                     text31       000000
__Ltext32                                     text32       000000
__Ltext33                                     text33       000000
__Ltext34                                     text34       000000
__Ltext35                                     text35       000000
__Ltext36                                     text36       000000
__Ltext37                                     text37       000000
__Ltext38                                     text38       000000
__Ltext39                                     text39       000000
__Ltext4                                      text4        000000
__Ltext40                                     text40       000000
__Ltext41                                     text41       000000
__Ltext42                                     text42       000000
__Ltext43                                     text43       000000
__Ltext44                                     text44       000000
__Ltext45                                     text45       000000
__Ltext46                                     text46       000000
__Ltext47                                     text47       000000
__Ltext5                                      text5        000000
__Ltext6                                      text6        000000
__Ltext7                                      text7        000000
__Ltext8                                      text8        000000
__Ltext9                                      text9        000000
__S0                                          (abs)        002EA4
__S1                                          (abs)        0002CE
__S4                                          (abs)        000000
__S5                                          (abs)        000000
___heap_hi                                    (abs)        000000
___heap_lo                                    (abs)        000000
___inthi_sp                                   stack        000000
___intlo_sp                                   stack        000000
___lmul                                       text36       002972
___lmul@multiplicand                          cstackCOMRAM 00000E
___lmul@multiplier                            cstackCOMRAM 00000A
___lmul@product                               cstackCOMRAM 000012
___param_bank                                 (abs)        000000
___rparam_used                                (abs)        000001
___sp                                         stack        000000
__accesstop                                   (abs)        000060
__activetblptr                                (abs)        000003
__end_of_ADCC_GetSingleConversion             text46       002CE6
__end_of_ADCC_Initialize                      text31       002AF4
__end_of_FIR_pointer_sim                      text35       001DEA
__end_of_FVR_Initialize                       text30       002E90
__end_of_INTERRUPT_Initialize                 text29       002E9E
__end_of_INTERRUPT_InterruptManager           text37       0025B8
__end_of_InitializeFIFO                       text34       002BE8
__end_of_OSCILLATOR_Initialize                text28       002E0E
__end_of_PIN_MANAGER_Initialize               text27       00271E
__end_of_PMD_Initialize                       text26       002DB8
__end_of_SPI1_ExchangeByte                    text33       002DDC
__end_of_SPI1_Initialize                      text25       002DF6
__end_of_SPI1_Open                            text32       00240C
__end_of_SYSTEM_Initialize                    text14       002D94
__end_of_TMR2_ISR                             text45       0024E4
__end_of_TMR2_Initialize                      text23       002D3E
__end_of_TMR2_SetInterruptHandler             text24       002E88
__end_of_TMR4_ISR                             text44       002E42
__end_of_TMR4_Initialize                      text21       002D12
__end_of_TMR4_SetInterruptHandler             text22       002E7E
__end_of_UART1_DefaultErrorHandler            text42       002E96
__end_of_UART1_DefaultFramingErrorHandler     text41       002EA4
__end_of_UART1_DefaultOverrunErrorHandler     text40       002EA2
__end_of_UART1_Initialize                     text15       0027C2
__end_of_UART1_Read                           text13       002B98
__end_of_UART1_Receive_ISR                    text39       002678
__end_of_UART1_RxDataHandler                  text43       002D6A
__end_of_UART1_SetErrorHandler                text20       002E74
__end_of_UART1_SetFramingErrorHandler         text19       002E6A
__end_of_UART1_SetOverrunErrorHandler         text18       002E60
__end_of_UART1_SetRxInterruptHandler          text17       002E56
__end_of_UART1_SetTxInterruptHandler          text16       002E4C
__end_of_UART1_Transmit_ISR                   text38       002C74
__end_of_UART1_Write                          text10       002A98
__end_of___lmul                               text36       0029DC
__end_of__initialization                      cinit        00285E
__end_of_abs_16                               text12       002C30
__end_of_categorize_number                    text11       0028EC
__end_of_checkBoundaries                      text7        002A3C
__end_of_get_gain                             text9        00222E
__end_of_get_page                             text8        0020CA
__end_of_main                                 text0        001C1E
__end_of_popData                              text6        002330
__end_of_pushString                           text5        001F66
__end_of_reorder_array_pt                     text4        002972
__end_of_send_6F                              text3        002E22
__end_of_send_uart                            text2        002B46
__end_of_spi1_configuration                   smallconst   001006
__end_of_statusFIFO                           text1        002E32
__initialization                              cinit        0027C2
__mediumconst                                 mediumconst  000000
__pbssBANK0                                   bssBANK0     000060
__pbssBANK1                                   bssBANK1     00014E
__pbssBANK2                                   bssBANK2     000200
__pbssCOMRAM                                  bssCOMRAM    000033
__pcinit                                      cinit        0027C2
__pcstackBANK0                                cstackBANK0  0000AD
__pcstackBANK1                                cstackBANK1  000100
__pcstackCOMRAM                               cstackCOMRAM 000001
__pdataBANK0                                  dataBANK0    0000B8
__pdataBANK1                                  dataBANK1    00019B
__pdataCOMRAM                                 dataCOMRAM   000052
__pidataBANK0                                 idataBANK0   002E96
__pidataBANK1                                 idataBANK1   002C74
__pidataCOMRAM                                idataCOMRAM  002E9E
__pivt0x8                                     ivt0x8       000008
__pnvBANK1                                    nvBANK1      0001DB
__pnvCOMRAM                                   nvCOMRAM     00004C
__psmallconst                                 smallconst   001000
__ptext0                                      text0        001062
__ptext1                                      text1        002E22
__ptext10                                     text10       002A3C
__ptext11                                     text11       002864
__ptext12                                     text12       002BE8
__ptext13                                     text13       002B46
__ptext14                                     text14       002D6A
__ptext15                                     text15       00271E
__ptext16                                     text16       002E42
__ptext17                                     text17       002E4C
__ptext18                                     text18       002E56
__ptext19                                     text19       002E60
__ptext2                                      text2        002AF4
__ptext20                                     text20       002E6A
__ptext21                                     text21       002CE6
__ptext22                                     text22       002E74
__ptext23                                     text23       002D12
__ptext24                                     text24       002E7E
__ptext25                                     text25       002DDC
__ptext26                                     text26       002D94
__ptext27                                     text27       002678
__ptext28                                     text28       002DF6
__ptext29                                     text29       002E9A
__ptext3                                      text3        002E0E
__ptext30                                     text30       002E88
__ptext31                                     text31       002A98
__ptext32                                     text32       002330
__ptext33                                     text33       002DB8
__ptext34                                     text34       002B98
__ptext35                                     text35       001C1E
__ptext36                                     text36       002972
__ptext37                                     text37       0024E4
__ptext38                                     text38       002C30
__ptext39                                     text39       0025B8
__ptext4                                      text4        0028EC
__ptext40                                     text40       002EA0
__ptext41                                     text41       002EA2
__ptext42                                     text42       002E90
__ptext43                                     text43       002D3E
__ptext44                                     text44       002E32
__ptext45                                     text45       00240C
__ptext46                                     text46       002CB4
__ptext47                                     text47       000000
__ptext5                                      text5        001DEA
__ptext6                                      text6        00222E
__ptext7                                      text7        0029DC
__ptext8                                      text8        001F66
__ptext9                                      text9        0020CA
__ramtop                                      ramtop       001000
__smallconst                                  smallconst   001000
_abs_16                                       text12       002BE8
_adc_0                                        bssCOMRAM    000041
_adc_0_acc                                    bssBANK0     00008C
_adc_1                                        bssCOMRAM    00003F
_adc_1_acc                                    bssBANK0     000088
_ask_gain                                     bssBANK0     000096
_ask_page                                     bssBANK0     0000A4
_avg_adc_0                                    bssBANK0     00009A
_avg_adc_1                                    bssBANK0     000098
_categorize_number                            text11       002864
_categorize_number$2024                       cstackCOMRAM 00001E
_categorize_number$2027                       cstackCOMRAM 000020
_checkBoundaries                              text7        0029DC
_eusart1                                      dataCOMRAM   000052
_final_result_0                               bssBANK0     0000A2
_final_result_1                               bssBANK0     0000A0
_final_result_send_0                          bssCOMRAM    00003B
_final_result_send_1                          bssCOMRAM    000039
_flag_meas_acc                                bssBANK0     0000A6
_flag_sim                                     bssBANK0     0000A9
_gain                                         bssBANK0     0000A8
_get_gain                                     text9        0020CA
_get_page                                     text8        001F66
_main                                         text0        001062
_num_gain                                     bssBANK1     00018E
_num_page                                     bssBANK0     000060
_popData                                      text6        00222E
_pos_num_page                                 bssBANK0     000090
_pushString                                   text5        001DEA
_ref_0                                        bssBANK0     00009E
_ref_1                                        bssBANK0     00009C
_reorder_array_pt                             text4        0028EC
_send_6F                                      text3        002E0E
_send_Fs                                      dataBANK0    0000B8
_send_fifo                                    bssBANK0     000092
_send_gain                                    bssBANK0     000094
_send_result                                  bssBANK0     0000AA
_send_uart                                    text2        002AF4
_sent_fifo                                    bssBANK0     000084
_spi1_configuration                           smallconst   001001
_state_get_gain                               bssCOMRAM    000035
_state_get_page                               bssCOMRAM    000037
_state_send_final_0                           bssCOMRAM    000033
_statusFIFO                                   text1        002E22
_struct_eusart1                               bssBANK2     000200
_timerINT                                     bssCOMRAM    000043
_uart1RxBuffer                                bssBANK0     000070
_uart1RxCount                                 bssCOMRAM    000046
_uart1RxHead                                  bssCOMRAM    000048
_uart1RxLastError                             bssCOMRAM    000045
_uart1RxStatusBuffer                          bssBANK0     000068
_uart1RxTail                                  bssCOMRAM    000047
_uart1TxBuffer                                bssBANK0     000078
_uart1TxBufferRemaining                       bssCOMRAM    000049
_uart1TxHead                                  bssCOMRAM    00004B
_uart1TxTail                                  bssCOMRAM    00004A
abs_16@num                                    cstackCOMRAM 00000A
abs_16@resp                                   cstackCOMRAM 00000E
categorize_number@F16940                      dataBANK1    00019B
categorize_number@ascii                       cstackCOMRAM 00001C
categorize_number@asciiValues                 cstackCOMRAM 00000C
categorize_number@mask                        cstackCOMRAM 000023
categorize_number@num                         cstackCOMRAM 000022
categorize_number@real_val                    cstackCOMRAM 00001D
categorize_number@sec                         cstackCOMRAM 00000A
checkBoundaries@bufferPointer                 cstackCOMRAM 00000C
checkBoundaries@targetFIFO                    cstackCOMRAM 00000A
end_of_initialization                         cinit        00285E
intlevel0                                     text         000000
intlevel1                                     text         000000
intlevel2                                     text         000000
intlevel3                                     text         000000
isa$std                                       (abs)        000001
isa$xinst                                     (abs)        000000
ivt0x8_base                                   ivt0x8       000008
main@digitos                                  cstackBANK1  000100
main@in_values_0                              cstackBANK1  000104
main@in_values_1                              cstackBANK1  000124
main@num16_0                                  cstackBANK1  00014A
main@num16_1                                  cstackBANK1  00014C
main@pt_FIR_num_sim                           cstackBANK1  000148
main@pt_in_values_0                           cstackBANK1  000144
main@pt_in_values_1                           cstackBANK1  000146
popData@currentChar                           cstackCOMRAM 000018
popData@targetFIFO                            cstackCOMRAM 000012
pushString@letterCounter                      cstackCOMRAM 00001A
pushString@newString                          cstackCOMRAM 000014
pushString@targetFIFO                         cstackCOMRAM 000012
reorder_array_pt@arr                          cstackCOMRAM 00000A
reorder_array_pt@array_size                   cstackCOMRAM 00000C
reorder_array_pt@i                            cstackCOMRAM 000014
reorder_array_pt@ptr                          cstackCOMRAM 000012
send_uart@i                                   cstackCOMRAM 000011
send_uart@size                                cstackCOMRAM 00000D
send_uart@str                                 cstackCOMRAM 00000B
stackhi                                       (abs)        000000
stacklo                                       (abs)        000000
start                                         init         00001A
start_initialization                          cinit        0027C2
statusFIFO@targetFIFO                         cstackCOMRAM 00000A


MODULE INFORMATION

Module		Function		Class		Link	Load	Size
C:\Program Files\Microchip\xc8\v2.41\pic\sources\c99\common\Umul32.c
		___lmul        		CODE           	2972	0000	106

C:\Program Files\Microchip\xc8\v2.41\pic\sources\c99\common\Umul32.c estimated size: 106

mcc_generated_files/fvr.c
		_FVR_Initialize		CODE           	2E88	0000	8

mcc_generated_files/fvr.c estimated size: 8

mcc_generated_files/tmr4.c
		_TMR4_ISR      		CODE           	2E32	0000	16
		_TMR4_Initialize		CODE           	2CE6	0000	44
		_TMR4_SetInterruptHandler		CODE           	2E74	0000	10

mcc_generated_files/tmr4.c estimated size: 70

mcc_generated_files/tmr2.c
		_TMR2_ISR      		CODE           	240C	0000	216
		_TMR2_Initialize		CODE           	2D12	0000	44
		_TMR2_SetInterruptHandler		CODE           	2E7E	0000	10

mcc_generated_files/tmr2.c estimated size: 270

mcc_generated_files/interrupt_manager.c
		_INTERRUPT_Initialize		CODE           	2E9A	0000	4
		_INTERRUPT_InterruptManager		CODE           	24E4	0000	212

mcc_generated_files/interrupt_manager.c estimated size: 216

mcc_generated_files/pin_manager.c
		_PIN_MANAGER_Initialize		CODE           	2678	0000	166

mcc_generated_files/pin_manager.c estimated size: 166

mcc_generated_files/spi1.c
		_SPI1_Open     		CODE           	2330	0000	220
		_SPI1_Initialize		CODE           	2DDC	0000	26
		_SPI1_ExchangeByte		CODE           	2DB8	0000	36

mcc_generated_files/spi1.c estimated size: 282

mcc_generated_files/uart1.c
		_UART1_Write   		CODE           	2A3C	0000	92
		_UART1_SetFramingErrorHandler		CODE           	2E60	0000	10
		_UART1_SetOverrunErrorHandler		CODE           	2E56	0000	10
		_UART1_Receive_ISR		CODE           	25B8	0000	192
		_UART1_SetRxInterruptHandler		CODE           	2E4C	0000	10
		_UART1_SetTxInterruptHandler		CODE           	2E42	0000	10
		_UART1_Initialize		CODE           	271E	0000	164
		_UART1_SetErrorHandler		CODE           	2E6A	0000	10
		_UART1_Transmit_ISR		CODE           	2C30	0000	68
		_UART1_Read    		CODE           	2B46	0000	82
		_UART1_DefaultFramingErrorHandler		CODE           	2EA2	0000	2
		_UART1_DefaultErrorHandler		CODE           	2E90	0000	6
		_UART1_RxDataHandler		CODE           	2D3E	0000	44
		_UART1_DefaultOverrunErrorHandler		CODE           	2EA0	0000	2

mcc_generated_files/uart1.c estimated size: 702

shared
		__initialization		CODE           	27C2	0000	156
		_spi1_configuration		SMALLCONST     	1001	0000	5

shared estimated size: 161

mcc_generated_files/mcc.c
		_PMD_Initialize		CODE           	2D94	0000	36
		_OSCILLATOR_Initialize		CODE           	2DF6	0000	24
		_SYSTEM_Initialize		CODE           	2D6A	0000	42

mcc_generated_files/mcc.c estimated size: 102

mcc_generated_files/adcc.c
		_ADCC_GetSingleConversion		CODE           	2CB4	0000	50
		_ADCC_Initialize		CODE           	2A98	0000	92

mcc_generated_files/adcc.c estimated size: 142

main.c
		_send_uart     		CODE           	2AF4	0000	82
		_checkBoundaries		CODE           	29DC	0000	96
		_main          		CODE           	1062	0000	3004
		_pushString    		CODE           	1DEA	0000	380
		_abs_16        		CODE           	2BE8	0000	72
		_FIR_pointer_sim		CODE           	1C1E	0000	460
		_categorize_number		CODE           	2864	0000	136
		_reorder_array_pt		CODE           	28EC	0000	134
		_InitializeFIFO		CODE           	2B98	0000	80
		_popData       		CODE           	222E	0000	258
		_statusFIFO    		CODE           	2E22	0000	16
		_get_gain      		CODE           	20CA	0000	356
		_send_6F       		CODE           	2E0E	0000	20
		_get_page      		CODE           	1F66	0000	356

main.c estimated size: 5450

